--------------------------------------------------------------------------------
Lattice Synthesis Timing Report, Version  
Fri Jan 09 17:18:09 2026

Copyright (c) 1991-1994 by NeoCAD Inc. All rights reserved.
Copyright (c) 1995 AT&T Corp.   All rights reserved.
Copyright (c) 1995-2001 Lucent Technologies Inc.  All rights reserved.
Copyright (c) 2001 Agere Systems   All rights reserved.
Copyright (c) 2002-2024 Lattice Semiconductor Corporation,  All rights reserved.

Report Information
------------------
Design:     SinCos_Module
Constraint file: SinCos_Module_temp_lse.sdc 
Report level:    verbose report, limited to 3 items per constraint
--------------------------------------------------------------------------------



================================================================================
Constraint: create_clock -period 5.000000 -name clk500 [get_nets Clock]
            1618 items scored, 1157 timing errors detected.
--------------------------------------------------------------------------------


Error:  The following path violates requirements by 5.329ns

 Logical Details:  Cell type  Pin type       Cell name  (clock net +/-)

   Source:         FD1P3DX    CK             FF_60  (from Clock +)
   Destination:    FD1P3DX    D              FF_24  (to Clock -)

   Delay:                  10.449ns  (12.7% logic, 87.3% route), 12 logic levels.

 Constraint Details:

     10.449ns data_path FF_60 to FF_24 violates
      5.000ns delay constraint less
     -0.120ns L_S requirement (totaling 5.120ns) by 5.329ns

 Path Details: FF_60 to FF_24

   Name    Fanout   Delay (ns)          Pins               Resource(Cell.Net)
L_CO        ---     0.230             CK to Q              FF_60 (from Clock)
Route         2   e 1.258                                  rom_addr0_r
LUT4        ---     0.105              A to Z              INV_26
Route         1   e 1.020                                  rom_addr0_r_inv
A1_TO_FCO   ---     0.212           A[2] to COUT           neg_rom_addr0_r_n_0
Route         1   e 0.020                                  co0
FCI_TO_FCO  ---     0.033            CIN to COUT           neg_rom_addr0_r_n_1
Route         1   e 0.020                                  co1
FCI_TO_FCO  ---     0.033            CIN to COUT           neg_rom_addr0_r_n_2
Route         1   e 0.020                                  co2
FCI_TO_FCO  ---     0.033            CIN to COUT           neg_rom_addr0_r_n_3
Route         1   e 0.020                                  co3
FCI_TO_F    ---     0.187            CIN to S[2]           neg_rom_addr0_r_n_4
Route         1   e 1.020                                  rom_addr0_r_n_7
MUXL5       ---     0.075             D1 to Z              muxb_48
Route        25   e 1.663                                  rom_addr0_r_15
LUT4        ---     0.105          AD[4] to DO0            LUT4_1
Route         1   e 1.020                                  func_or_inet_1
LUT4        ---     0.105          AD[4] to DO0            LUT4_0
Route         1   e 1.020                                  lx_ne0
LUT4        ---     0.105              A to Z              INV_1
Route         1   e 1.020                                  lx_ne0_inv
LUT4        ---     0.105              B to Z              AND2_t0
Route         1   e 1.020                                  out_sel_i
                  --------
                   10.449  (12.7% logic, 87.3% route), 12 logic levels.


Error:  The following path violates requirements by 5.276ns

 Logical Details:  Cell type  Pin type       Cell name  (clock net +/-)

   Source:         FD1P3DX    CK             FF_60  (from Clock +)
   Destination:    FD1P3DX    D              FF_24  (to Clock -)

   Delay:                  10.396ns  (12.5% logic, 87.5% route), 11 logic levels.

 Constraint Details:

     10.396ns data_path FF_60 to FF_24 violates
      5.000ns delay constraint less
     -0.120ns L_S requirement (totaling 5.120ns) by 5.276ns

 Path Details: FF_60 to FF_24

   Name    Fanout   Delay (ns)          Pins               Resource(Cell.Net)
L_CO        ---     0.230             CK to Q              FF_60 (from Clock)
Route         2   e 1.258                                  rom_addr0_r
LUT4        ---     0.105              A to Z              INV_26
Route         1   e 1.020                                  rom_addr0_r_inv
A1_TO_FCO   ---     0.212           A[2] to COUT           neg_rom_addr0_r_n_0
Route         1   e 0.020                                  co0
FCI_TO_FCO  ---     0.033            CIN to COUT           neg_rom_addr0_r_n_1
Route         1   e 0.020                                  co1
FCI_TO_FCO  ---     0.033            CIN to COUT           neg_rom_addr0_r_n_2
Route         1   e 0.020                                  co2
FCI_TO_F    ---     0.187            CIN to S[2]           neg_rom_addr0_r_n_3
Route         1   e 1.020                                  rom_addr0_r_n_5
MUXL5       ---     0.075             D1 to Z              muxb_50
Route        25   e 1.663                                  rom_addr0_r_13
LUT4        ---     0.105          AD[4] to DO0            LUT4_1
Route         1   e 1.020                                  func_or_inet_1
LUT4        ---     0.105          AD[4] to DO0            LUT4_0
Route         1   e 1.020                                  lx_ne0
LUT4        ---     0.105              A to Z              INV_1
Route         1   e 1.020                                  lx_ne0_inv
LUT4        ---     0.105              B to Z              AND2_t0
Route         1   e 1.020                                  out_sel_i
                  --------
                   10.396  (12.5% logic, 87.5% route), 11 logic levels.


Error:  The following path violates requirements by 5.276ns

 Logical Details:  Cell type  Pin type       Cell name  (clock net +/-)

   Source:         FD1P3DX    CK             FF_60  (from Clock +)
   Destination:    FD1P3DX    D              FF_24  (to Clock -)

   Delay:                  10.396ns  (12.5% logic, 87.5% route), 11 logic levels.

 Constraint Details:

     10.396ns data_path FF_60 to FF_24 violates
      5.000ns delay constraint less
     -0.120ns L_S requirement (totaling 5.120ns) by 5.276ns

 Path Details: FF_60 to FF_24

   Name    Fanout   Delay (ns)          Pins               Resource(Cell.Net)
L_CO        ---     0.230             CK to Q              FF_60 (from Clock)
Route         2   e 1.258                                  rom_addr0_r
LUT4        ---     0.105              A to Z              INV_26
Route         1   e 1.020                                  rom_addr0_r_inv
A1_TO_FCO   ---     0.212           A[2] to COUT           neg_rom_addr0_r_n_0
Route         1   e 0.020                                  co0
FCI_TO_FCO  ---     0.033            CIN to COUT           neg_rom_addr0_r_n_1
Route         1   e 0.020                                  co1
FCI_TO_FCO  ---     0.033            CIN to COUT           neg_rom_addr0_r_n_2
Route         1   e 0.020                                  co2
FCI_TO_F    ---     0.187            CIN to S[2]           neg_rom_addr0_r_n_3
Route         1   e 1.020                                  rom_addr0_r_n_6
MUXL5       ---     0.075             D1 to Z              muxb_49
Route        25   e 1.663                                  rom_addr0_r_14
LUT4        ---     0.105          AD[4] to DO0            LUT4_1
Route         1   e 1.020                                  func_or_inet_1
LUT4        ---     0.105          AD[4] to DO0            LUT4_0
Route         1   e 1.020                                  lx_ne0
LUT4        ---     0.105              A to Z              INV_1
Route         1   e 1.020                                  lx_ne0_inv
LUT4        ---     0.105              B to Z              AND2_t0
Route         1   e 1.020                                  out_sel_i
                  --------
                   10.396  (12.5% logic, 87.5% route), 11 logic levels.

Warning: 10.329 ns is the maximum delay for this constraint.


Timing Report Summary
--------------
--------------------------------------------------------------------------------
Constraint                              |   Constraint|       Actual|Levels
--------------------------------------------------------------------------------
                                        |             |             |
create_clock -period 5.000000 -name     |             |             |
clk500 [get_nets Clock]                 |     5.000 ns|    10.329 ns|    12 *
                                        |             |             |
--------------------------------------------------------------------------------


1 constraints not met.

--------------------------------------------------------------------------------
Critical Nets                           |   Loads|  Errors| % of total
--------------------------------------------------------------------------------
co1                                     |       1|     375|     32.41%
                                        |        |        |
co2                                     |       1|     375|     32.41%
                                        |        |        |
rom_addr0_r_15                          |      25|     202|     17.46%
                                        |        |        |
rom_addr0_r                             |       2|     201|     17.37%
                                        |        |        |
rom_addr0_r_inv                         |       1|     200|     17.29%
                                        |        |        |
rom_addr0_r_n_7                         |       1|     200|     17.29%
                                        |        |        |
rom_addr0_r_13                          |      25|     177|     15.30%
                                        |        |        |
rom_addr0_r_14                          |      25|     177|     15.30%
                                        |        |        |
rom_addr0_r_1                           |       2|     176|     15.21%
                                        |        |        |
rom_addr0_r_2                           |       2|     176|     15.21%
                                        |        |        |
co0                                     |       1|     175|     15.13%
                                        |        |        |
co3                                     |       1|     175|     15.13%
                                        |        |        |
rom_addr0_r_1_inv                       |       1|     175|     15.13%
                                        |        |        |
rom_addr0_r_2_inv                       |       1|     175|     15.13%
                                        |        |        |
rom_addr0_r_n_5                         |       1|     175|     15.13%
                                        |        |        |
rom_addr0_r_n_6                         |       1|     175|     15.13%
                                        |        |        |
rom_addr0_r_11                          |      25|     127|     10.98%
                                        |        |        |
rom_addr0_r_12                          |      25|     127|     10.98%
                                        |        |        |
rom_addr0_r_3                           |       2|     126|     10.89%
                                        |        |        |
rom_addr0_r_4                           |       2|     126|     10.89%
                                        |        |        |
rom_addr0_r_3_inv                       |       1|     125|     10.80%
                                        |        |        |
rom_addr0_r_4_inv                       |       1|     125|     10.80%
                                        |        |        |
rom_addr0_r_n_3                         |       1|     125|     10.80%
                                        |        |        |
rom_addr0_r_n_4                         |       1|     125|     10.80%
                                        |        |        |
--------------------------------------------------------------------------------


Timing summary:
---------------

Timing errors: 1157  Score: 2023031

Constraints cover  1618 paths, 204 nets, and 544 connections (100.0% coverage)


Peak memory: 121315328 bytes, TRCE: 3465216 bytes, DLYMAN: 0 bytes
CPU_TIME_REPORT: 0 secs 
