
Loading design for application trce from file mysdr_fpga_impl1.ncd.
Design name: top_module
NCD version: 3.3
Vendor:      LATTICE
Device:      LFE5UM5G-85F
Package:     CABGA381
Performance: 8
Loading device for application trce from file 'sa5p85m.nph' in environment: C:/lscc/diamond/3.14/ispfpga.
Package Status:                     Final          Version 1.43.
Performance Hardware Data Status:   Final          Version 55.1.
Setup and Hold Report

--------------------------------------------------------------------------------
Lattice TRACE Report - Setup, Version Diamond (64-bit) 3.14.0.75.2
Sun Jan 04 20:46:21 2026

Copyright (c) 1991-1994 by NeoCAD Inc. All rights reserved.
Copyright (c) 1995 AT&T Corp.   All rights reserved.
Copyright (c) 1995-2001 Lucent Technologies Inc.  All rights reserved.
Copyright (c) 2001 Agere Systems   All rights reserved.
Copyright (c) 2002-2024 Lattice Semiconductor Corporation,  All rights reserved.

Report Information
------------------
Command line:    trce -v 10 -gt -sethld -sp 8 -sphld m -o mySDR_fpga_impl1.twr -gui -msgset C:/Users/SNA/Documents/FPGA_code/lattice_sdr_code/promote.xml mySDR_fpga_impl1.ncd mySDR_fpga_impl1.prf 
Design file:     mysdr_fpga_impl1.ncd
Preference file: mysdr_fpga_impl1.prf
Device,speed:    LFE5UM5G-85F,8
Report level:    verbose report, limited to 10 items per preference
--------------------------------------------------------------------------------

1 potential circuit loop found in timing analysis.
BLOCK ASYNCPATHS
BLOCK RESETPATHS
--------------------------------------------------------------------------------



================================================================================
Preference: FREQUENCY NET "serial_clk_c" 64.000000 MHz ;
            567 items scored, 0 timing errors detected.
--------------------------------------------------------------------------------


Passed: The following path meets requirements by 11.147ns

 Logical Details:  Cell type  Pin type       Cell/ASIC name  (clock net +/-)

   Source:         FF         Q              fskModule_1/FSK_I__i11  (from clockDivider_clk_4M -)
   Destination:    FF         Data in        IQSerializer_1/DEDFF_0/pose_edge_14  (to serial_clk_c +)

   Delay:               2.305ns  (31.0% logic, 69.0% route), 4 logic levels.

 Constraint Details:

      2.305ns physical path delay fskModule_1/SLICE_95 to IQSerializer_1/SLICE_73 meets
     15.625ns delay constraint less
      2.338ns skew and
      0.000ns feedback compensation and
     -0.165ns DIN_SET requirement (totaling 13.452ns) by 11.147ns

 Physical Path Details:

      Data path fskModule_1/SLICE_95 to IQSerializer_1/SLICE_73:

   Name    Fanout   Delay (ns)          Site               Resource
REG_DEL     ---     0.291    R43C58C.CLK to     R43C58C.Q0 fskModule_1/SLICE_95 (from clockDivider_clk_4M)
ROUTE         3     0.676     R43C58C.Q0 to     R43C57C.B0 fskModule_I_11
CTOF_DEL    ---     0.141     R43C57C.B0 to     R43C57C.F0 SLICE_140
ROUTE         1     0.541     R43C57C.F0 to     R43C56A.B1 IQSerializer_1/n3402
CTOF_DEL    ---     0.141     R43C56A.B1 to     R43C56A.F1 IQSerializer_1/SLICE_73
ROUTE         1     0.374     R43C56A.F1 to     R43C56A.B0 IQSerializer_1/n3407
CTOF_DEL    ---     0.141     R43C56A.B0 to     R43C56A.F0 IQSerializer_1/SLICE_73
ROUTE         1     0.000     R43C56A.F0 to    R43C56A.DI0 IQSerializer_1/DEDFF_0/Q1 (to serial_clk_c)
                  --------
                    2.305   (31.0% logic, 69.0% route), 4 logic levels.

 Clock Skew Details: 

      Source Clock Path top_clk to fskModule_1/SLICE_95:

   Name    Fanout   Delay (ns)          Site               Resource
PADI_DEL    ---     0.893        A10.PAD to      A10.PADDI top_clk
ROUTE         1     0.403      A10.PADDI to   PLL_TL0.CLKI top_clk_c
CLKI2OP_DE  ---     0.000   PLL_TL0.CLKI to  PLL_TL0.CLKOP my_instance_1/PLLInst_0
ROUTE         2     1.918  PLL_TL0.CLKOP to   PLL_BL0.CLKI pll_clko_1
CLKI2OP_DE  ---     0.000   PLL_BL0.CLKI to  PLL_BL0.CLKOP my_instance_2/PLLInst_0
ROUTE        38     1.855  PLL_BL0.CLKOP to    R59C67A.CLK serial_clk_c
REG_DEL     ---     0.310    R59C67A.CLK to     R59C67A.Q0 clockDivider_0/SLICE_82
ROUTE        48     2.028     R59C67A.Q0 to    R43C58C.CLK clockDivider_clk_4M
                  --------
                    7.407   (16.2% logic, 83.8% route), 4 logic levels.

      Source Clock f/b:

   Name    Fanout   Delay (ns)          Site               Resource
CLKFB2OP_D  ---     0.000  PLL_TL0.CLKFB to  PLL_TL0.CLKOP my_instance_1/PLLInst_0
ROUTE         2     1.918  PLL_TL0.CLKOP to  PLL_TL0.CLKFB pll_clko_1
                  --------
                    1.918   (0.0% logic, 100.0% route), 1 logic levels.

      Source Clock f/b:

   Name    Fanout   Delay (ns)          Site               Resource
CLKFB2OP_D  ---     0.000  PLL_BL0.CLKFB to  PLL_BL0.CLKOP my_instance_2/PLLInst_0
ROUTE        38     1.918  PLL_BL0.CLKOP to  PLL_BL0.CLKFB serial_clk_c
                  --------
                    1.918   (0.0% logic, 100.0% route), 1 logic levels.

      Destination Clock Path top_clk to IQSerializer_1/SLICE_73:

   Name    Fanout   Delay (ns)          Site               Resource
PADI_DEL    ---     0.893        A10.PAD to      A10.PADDI top_clk
ROUTE         1     0.403      A10.PADDI to   PLL_TL0.CLKI top_clk_c
CLKI2OP_DE  ---     0.000   PLL_TL0.CLKI to  PLL_TL0.CLKOP my_instance_1/PLLInst_0
ROUTE         2     1.918  PLL_TL0.CLKOP to   PLL_BL0.CLKI pll_clko_1
CLKI2OP_DE  ---     0.000   PLL_BL0.CLKI to  PLL_BL0.CLKOP my_instance_2/PLLInst_0
ROUTE        38     1.855  PLL_BL0.CLKOP to    R43C56A.CLK serial_clk_c
                  --------
                    5.069   (17.6% logic, 82.4% route), 3 logic levels.

      Destination Clock f/b:

   Name    Fanout   Delay (ns)          Site               Resource
CLKFB2OP_D  ---     0.000  PLL_TL0.CLKFB to  PLL_TL0.CLKOP my_instance_1/PLLInst_0
ROUTE         2     1.918  PLL_TL0.CLKOP to  PLL_TL0.CLKFB pll_clko_1
                  --------
                    1.918   (0.0% logic, 100.0% route), 1 logic levels.

      Destination Clock f/b:

   Name    Fanout   Delay (ns)          Site               Resource
CLKFB2OP_D  ---     0.000  PLL_BL0.CLKFB to  PLL_BL0.CLKOP my_instance_2/PLLInst_0
ROUTE        38     1.918  PLL_BL0.CLKOP to  PLL_BL0.CLKFB serial_clk_c
                  --------
                    1.918   (0.0% logic, 100.0% route), 1 logic levels.


Passed: The following path meets requirements by 11.148ns

 Logical Details:  Cell type  Pin type       Cell/ASIC name  (clock net +/-)

   Source:         FF         Q              fskModule_1/FSK_Q__i7  (from clockDivider_clk_4M -)
   Destination:    FF         Data in        IQSerializer_1/DEDFF_0/pose_edge_14  (to serial_clk_c +)

   Delay:               2.304ns  (37.1% logic, 62.9% route), 5 logic levels.

 Constraint Details:

      2.304ns physical path delay fskModule_1/SLICE_97 to IQSerializer_1/SLICE_73 meets
     15.625ns delay constraint less
      2.338ns skew and
      0.000ns feedback compensation and
     -0.165ns DIN_SET requirement (totaling 13.452ns) by 11.148ns

 Physical Path Details:

      Data path fskModule_1/SLICE_97 to IQSerializer_1/SLICE_73:

   Name    Fanout   Delay (ns)          Site               Resource
REG_DEL     ---     0.290    R44C55D.CLK to     R44C55D.Q1 fskModule_1/SLICE_97 (from clockDivider_clk_4M)
ROUTE         2     0.666     R44C55D.Q1 to     R44C56B.B0 fskModule_Q_7
CTOF_DEL    ---     0.141     R44C56B.B0 to     R44C56B.F0 IQSerializer_1/SLICE_156
ROUTE         1     0.128     R44C56B.F0 to     R44C56A.D1 IQSerializer_1/n3398
CTOF_DEL    ---     0.141     R44C56A.D1 to     R44C56A.F1 IQSerializer_1/SLICE_134
ROUTE         1     0.374     R44C56A.F1 to     R44C56A.B0 IQSerializer_1/n3399
CTOF_DEL    ---     0.141     R44C56A.B0 to     R44C56A.F0 IQSerializer_1/SLICE_134
ROUTE         1     0.282     R44C56A.F0 to     R43C56A.D0 IQSerializer_1/n3401
CTOF_DEL    ---     0.141     R43C56A.D0 to     R43C56A.F0 IQSerializer_1/SLICE_73
ROUTE         1     0.000     R43C56A.F0 to    R43C56A.DI0 IQSerializer_1/DEDFF_0/Q1 (to serial_clk_c)
                  --------
                    2.304   (37.1% logic, 62.9% route), 5 logic levels.

 Clock Skew Details: 

      Source Clock Path top_clk to fskModule_1/SLICE_97:

   Name    Fanout   Delay (ns)          Site               Resource
PADI_DEL    ---     0.893        A10.PAD to      A10.PADDI top_clk
ROUTE         1     0.403      A10.PADDI to   PLL_TL0.CLKI top_clk_c
CLKI2OP_DE  ---     0.000   PLL_TL0.CLKI to  PLL_TL0.CLKOP my_instance_1/PLLInst_0
ROUTE         2     1.918  PLL_TL0.CLKOP to   PLL_BL0.CLKI pll_clko_1
CLKI2OP_DE  ---     0.000   PLL_BL0.CLKI to  PLL_BL0.CLKOP my_instance_2/PLLInst_0
ROUTE        38     1.855  PLL_BL0.CLKOP to    R59C67A.CLK serial_clk_c
REG_DEL     ---     0.310    R59C67A.CLK to     R59C67A.Q0 clockDivider_0/SLICE_82
ROUTE        48     2.028     R59C67A.Q0 to    R44C55D.CLK clockDivider_clk_4M
                  --------
                    7.407   (16.2% logic, 83.8% route), 4 logic levels.

      Source Clock f/b:

   Name    Fanout   Delay (ns)          Site               Resource
CLKFB2OP_D  ---     0.000  PLL_TL0.CLKFB to  PLL_TL0.CLKOP my_instance_1/PLLInst_0
ROUTE         2     1.918  PLL_TL0.CLKOP to  PLL_TL0.CLKFB pll_clko_1
                  --------
                    1.918   (0.0% logic, 100.0% route), 1 logic levels.

      Source Clock f/b:

   Name    Fanout   Delay (ns)          Site               Resource
CLKFB2OP_D  ---     0.000  PLL_BL0.CLKFB to  PLL_BL0.CLKOP my_instance_2/PLLInst_0
ROUTE        38     1.918  PLL_BL0.CLKOP to  PLL_BL0.CLKFB serial_clk_c
                  --------
                    1.918   (0.0% logic, 100.0% route), 1 logic levels.

      Destination Clock Path top_clk to IQSerializer_1/SLICE_73:

   Name    Fanout   Delay (ns)          Site               Resource
PADI_DEL    ---     0.893        A10.PAD to      A10.PADDI top_clk
ROUTE         1     0.403      A10.PADDI to   PLL_TL0.CLKI top_clk_c
CLKI2OP_DE  ---     0.000   PLL_TL0.CLKI to  PLL_TL0.CLKOP my_instance_1/PLLInst_0
ROUTE         2     1.918  PLL_TL0.CLKOP to   PLL_BL0.CLKI pll_clko_1
CLKI2OP_DE  ---     0.000   PLL_BL0.CLKI to  PLL_BL0.CLKOP my_instance_2/PLLInst_0
ROUTE        38     1.855  PLL_BL0.CLKOP to    R43C56A.CLK serial_clk_c
                  --------
                    5.069   (17.6% logic, 82.4% route), 3 logic levels.

      Destination Clock f/b:

   Name    Fanout   Delay (ns)          Site               Resource
CLKFB2OP_D  ---     0.000  PLL_TL0.CLKFB to  PLL_TL0.CLKOP my_instance_1/PLLInst_0
ROUTE         2     1.918  PLL_TL0.CLKOP to  PLL_TL0.CLKFB pll_clko_1
                  --------
                    1.918   (0.0% logic, 100.0% route), 1 logic levels.

      Destination Clock f/b:

   Name    Fanout   Delay (ns)          Site               Resource
CLKFB2OP_D  ---     0.000  PLL_BL0.CLKFB to  PLL_BL0.CLKOP my_instance_2/PLLInst_0
ROUTE        38     1.918  PLL_BL0.CLKOP to  PLL_BL0.CLKFB serial_clk_c
                  --------
                    1.918   (0.0% logic, 100.0% route), 1 logic levels.


Passed: The following path meets requirements by 11.159ns

 Logical Details:  Cell type  Pin type       Cell/ASIC name  (clock net +/-)

   Source:         FF         Q              fskModule_1/FSK_I__i2  (from clockDivider_clk_4M -)
   Destination:    FF         Data in        IQSerializer_1/DEDFF_0/neg_edge_15  (to serial_clk_c -)

   Delay:               2.277ns  (35.7% logic, 64.3% route), 4 logic levels.

 Constraint Details:

      2.277ns physical path delay fskModule_1/SLICE_93 to IQSerializer_1/SLICE_72 meets
     15.625ns delay constraint less
      2.338ns skew and
      0.000ns feedback compensation and
     -0.149ns DIN_SET requirement (totaling 13.436ns) by 11.159ns

 Physical Path Details:

      Data path fskModule_1/SLICE_93 to IQSerializer_1/SLICE_72:

   Name    Fanout   Delay (ns)          Site               Resource
REG_DEL     ---     0.290    R43C58A.CLK to     R43C58A.Q1 fskModule_1/SLICE_93 (from clockDivider_clk_4M)
ROUTE         3     0.548     R43C58A.Q1 to     R43C57A.B1 fskModule_I_2
CTOOFX_DEL  ---     0.240     R43C57A.B1 to   R43C57A.OFX0 IQSerializer_1/i2047/SLICE_116
ROUTE         1     0.542   R43C57A.OFX0 to     R43C56D.A1 IQSerializer_1/n3500
CTOF_DEL    ---     0.141     R43C56D.A1 to     R43C56D.F1 IQSerializer_1/SLICE_72
ROUTE         1     0.375     R43C56D.F1 to     R43C56D.A0 IQSerializer_1/n3456
CTOF_DEL    ---     0.141     R43C56D.A0 to     R43C56D.F0 IQSerializer_1/SLICE_72
ROUTE         1     0.000     R43C56D.F0 to    R43C56D.DI0 IQSerializer_1/DEDFF_0/Q2 (to serial_clk_c)
                  --------
                    2.277   (35.7% logic, 64.3% route), 4 logic levels.

 Clock Skew Details: 

      Source Clock Path top_clk to fskModule_1/SLICE_93:

   Name    Fanout   Delay (ns)          Site               Resource
PADI_DEL    ---     0.893        A10.PAD to      A10.PADDI top_clk
ROUTE         1     0.403      A10.PADDI to   PLL_TL0.CLKI top_clk_c
CLKI2OP_DE  ---     0.000   PLL_TL0.CLKI to  PLL_TL0.CLKOP my_instance_1/PLLInst_0
ROUTE         2     1.918  PLL_TL0.CLKOP to   PLL_BL0.CLKI pll_clko_1
CLKI2OP_DE  ---     0.000   PLL_BL0.CLKI to  PLL_BL0.CLKOP my_instance_2/PLLInst_0
ROUTE        38     1.855  PLL_BL0.CLKOP to    R59C67A.CLK serial_clk_c
REG_DEL     ---     0.310    R59C67A.CLK to     R59C67A.Q0 clockDivider_0/SLICE_82
ROUTE        48     2.028     R59C67A.Q0 to    R43C58A.CLK clockDivider_clk_4M
                  --------
                    7.407   (16.2% logic, 83.8% route), 4 logic levels.

      Source Clock f/b:

   Name    Fanout   Delay (ns)          Site               Resource
CLKFB2OP_D  ---     0.000  PLL_TL0.CLKFB to  PLL_TL0.CLKOP my_instance_1/PLLInst_0
ROUTE         2     1.918  PLL_TL0.CLKOP to  PLL_TL0.CLKFB pll_clko_1
                  --------
                    1.918   (0.0% logic, 100.0% route), 1 logic levels.

      Source Clock f/b:

   Name    Fanout   Delay (ns)          Site               Resource
CLKFB2OP_D  ---     0.000  PLL_BL0.CLKFB to  PLL_BL0.CLKOP my_instance_2/PLLInst_0
ROUTE        38     1.918  PLL_BL0.CLKOP to  PLL_BL0.CLKFB serial_clk_c
                  --------
                    1.918   (0.0% logic, 100.0% route), 1 logic levels.

      Destination Clock Path top_clk to IQSerializer_1/SLICE_72:

   Name    Fanout   Delay (ns)          Site               Resource
PADI_DEL    ---     0.893        A10.PAD to      A10.PADDI top_clk
ROUTE         1     0.403      A10.PADDI to   PLL_TL0.CLKI top_clk_c
CLKI2OP_DE  ---     0.000   PLL_TL0.CLKI to  PLL_TL0.CLKOP my_instance_1/PLLInst_0
ROUTE         2     1.918  PLL_TL0.CLKOP to   PLL_BL0.CLKI pll_clko_1
CLKI2OP_DE  ---     0.000   PLL_BL0.CLKI to  PLL_BL0.CLKOP my_instance_2/PLLInst_0
ROUTE        38     1.855  PLL_BL0.CLKOP to    R43C56D.CLK serial_clk_c
                  --------
                    5.069   (17.6% logic, 82.4% route), 3 logic levels.

      Destination Clock f/b:

   Name    Fanout   Delay (ns)          Site               Resource
CLKFB2OP_D  ---     0.000  PLL_TL0.CLKFB to  PLL_TL0.CLKOP my_instance_1/PLLInst_0
ROUTE         2     1.918  PLL_TL0.CLKOP to  PLL_TL0.CLKFB pll_clko_1
                  --------
                    1.918   (0.0% logic, 100.0% route), 1 logic levels.

      Destination Clock f/b:

   Name    Fanout   Delay (ns)          Site               Resource
CLKFB2OP_D  ---     0.000  PLL_BL0.CLKFB to  PLL_BL0.CLKOP my_instance_2/PLLInst_0
ROUTE        38     1.918  PLL_BL0.CLKOP to  PLL_BL0.CLKFB serial_clk_c
                  --------
                    1.918   (0.0% logic, 100.0% route), 1 logic levels.


Passed: The following path meets requirements by 11.159ns

 Logical Details:  Cell type  Pin type       Cell/ASIC name  (clock net +/-)

   Source:         FF         Q              fskModule_1/FSK_I__i2  (from clockDivider_clk_4M -)
   Destination:    FF         Data in        IQSerializer_1/DEDFF_0/neg_edge_15  (to serial_clk_c -)

   Delay:               2.277ns  (35.7% logic, 64.3% route), 4 logic levels.

 Constraint Details:

      2.277ns physical path delay fskModule_1/SLICE_93 to IQSerializer_1/SLICE_72 meets
     15.625ns delay constraint less
      2.338ns skew and
      0.000ns feedback compensation and
     -0.149ns DIN_SET requirement (totaling 13.436ns) by 11.159ns

 Physical Path Details:

      Data path fskModule_1/SLICE_93 to IQSerializer_1/SLICE_72:

   Name    Fanout   Delay (ns)          Site               Resource
REG_DEL     ---     0.290    R43C58A.CLK to     R43C58A.Q1 fskModule_1/SLICE_93 (from clockDivider_clk_4M)
ROUTE         3     0.548     R43C58A.Q1 to     R43C57A.B0 fskModule_I_2
CTOOFX_DEL  ---     0.240     R43C57A.B0 to   R43C57A.OFX0 IQSerializer_1/i2047/SLICE_116
ROUTE         1     0.542   R43C57A.OFX0 to     R43C56D.A1 IQSerializer_1/n3500
CTOF_DEL    ---     0.141     R43C56D.A1 to     R43C56D.F1 IQSerializer_1/SLICE_72
ROUTE         1     0.375     R43C56D.F1 to     R43C56D.A0 IQSerializer_1/n3456
CTOF_DEL    ---     0.141     R43C56D.A0 to     R43C56D.F0 IQSerializer_1/SLICE_72
ROUTE         1     0.000     R43C56D.F0 to    R43C56D.DI0 IQSerializer_1/DEDFF_0/Q2 (to serial_clk_c)
                  --------
                    2.277   (35.7% logic, 64.3% route), 4 logic levels.

 Clock Skew Details: 

      Source Clock Path top_clk to fskModule_1/SLICE_93:

   Name    Fanout   Delay (ns)          Site               Resource
PADI_DEL    ---     0.893        A10.PAD to      A10.PADDI top_clk
ROUTE         1     0.403      A10.PADDI to   PLL_TL0.CLKI top_clk_c
CLKI2OP_DE  ---     0.000   PLL_TL0.CLKI to  PLL_TL0.CLKOP my_instance_1/PLLInst_0
ROUTE         2     1.918  PLL_TL0.CLKOP to   PLL_BL0.CLKI pll_clko_1
CLKI2OP_DE  ---     0.000   PLL_BL0.CLKI to  PLL_BL0.CLKOP my_instance_2/PLLInst_0
ROUTE        38     1.855  PLL_BL0.CLKOP to    R59C67A.CLK serial_clk_c
REG_DEL     ---     0.310    R59C67A.CLK to     R59C67A.Q0 clockDivider_0/SLICE_82
ROUTE        48     2.028     R59C67A.Q0 to    R43C58A.CLK clockDivider_clk_4M
                  --------
                    7.407   (16.2% logic, 83.8% route), 4 logic levels.

      Source Clock f/b:

   Name    Fanout   Delay (ns)          Site               Resource
CLKFB2OP_D  ---     0.000  PLL_TL0.CLKFB to  PLL_TL0.CLKOP my_instance_1/PLLInst_0
ROUTE         2     1.918  PLL_TL0.CLKOP to  PLL_TL0.CLKFB pll_clko_1
                  --------
                    1.918   (0.0% logic, 100.0% route), 1 logic levels.

      Source Clock f/b:

   Name    Fanout   Delay (ns)          Site               Resource
CLKFB2OP_D  ---     0.000  PLL_BL0.CLKFB to  PLL_BL0.CLKOP my_instance_2/PLLInst_0
ROUTE        38     1.918  PLL_BL0.CLKOP to  PLL_BL0.CLKFB serial_clk_c
                  --------
                    1.918   (0.0% logic, 100.0% route), 1 logic levels.

      Destination Clock Path top_clk to IQSerializer_1/SLICE_72:

   Name    Fanout   Delay (ns)          Site               Resource
PADI_DEL    ---     0.893        A10.PAD to      A10.PADDI top_clk
ROUTE         1     0.403      A10.PADDI to   PLL_TL0.CLKI top_clk_c
CLKI2OP_DE  ---     0.000   PLL_TL0.CLKI to  PLL_TL0.CLKOP my_instance_1/PLLInst_0
ROUTE         2     1.918  PLL_TL0.CLKOP to   PLL_BL0.CLKI pll_clko_1
CLKI2OP_DE  ---     0.000   PLL_BL0.CLKI to  PLL_BL0.CLKOP my_instance_2/PLLInst_0
ROUTE        38     1.855  PLL_BL0.CLKOP to    R43C56D.CLK serial_clk_c
                  --------
                    5.069   (17.6% logic, 82.4% route), 3 logic levels.

      Destination Clock f/b:

   Name    Fanout   Delay (ns)          Site               Resource
CLKFB2OP_D  ---     0.000  PLL_TL0.CLKFB to  PLL_TL0.CLKOP my_instance_1/PLLInst_0
ROUTE         2     1.918  PLL_TL0.CLKOP to  PLL_TL0.CLKFB pll_clko_1
                  --------
                    1.918   (0.0% logic, 100.0% route), 1 logic levels.

      Destination Clock f/b:

   Name    Fanout   Delay (ns)          Site               Resource
CLKFB2OP_D  ---     0.000  PLL_BL0.CLKFB to  PLL_BL0.CLKOP my_instance_2/PLLInst_0
ROUTE        38     1.918  PLL_BL0.CLKOP to  PLL_BL0.CLKFB serial_clk_c
                  --------
                    1.918   (0.0% logic, 100.0% route), 1 logic levels.


Passed: The following path meets requirements by 11.262ns

 Logical Details:  Cell type  Pin type       Cell/ASIC name  (clock net +/-)

   Source:         FF         Q              fskModule_1/FSK_Q__i2  (from clockDivider_clk_4M -)
   Destination:    FF         Data in        IQSerializer_1/DEDFF_0/neg_edge_15  (to serial_clk_c -)

   Delay:               2.174ns  (37.4% logic, 62.6% route), 4 logic levels.

 Constraint Details:

      2.174ns physical path delay fskModule_1/SLICE_96 to IQSerializer_1/SLICE_72 meets
     15.625ns delay constraint less
      2.338ns skew and
      0.000ns feedback compensation and
     -0.149ns DIN_SET requirement (totaling 13.436ns) by 11.262ns

 Physical Path Details:

      Data path fskModule_1/SLICE_96 to IQSerializer_1/SLICE_72:

   Name    Fanout   Delay (ns)          Site               Resource
REG_DEL     ---     0.290    R45C56D.CLK to     R45C56D.Q1 fskModule_1/SLICE_96 (from clockDivider_clk_4M)
ROUTE         2     0.705     R45C56D.Q1 to     R44C56C.A0 fskModule_Q_2
CTOOFX_DEL  ---     0.240     R44C56C.A0 to   R44C56C.OFX0 IQSerializer_1/i2049/SLICE_119
ROUTE         1     0.282   R44C56C.OFX0 to     R43C56D.D1 IQSerializer_1/n3503
CTOF_DEL    ---     0.141     R43C56D.D1 to     R43C56D.F1 IQSerializer_1/SLICE_72
ROUTE         1     0.375     R43C56D.F1 to     R43C56D.A0 IQSerializer_1/n3456
CTOF_DEL    ---     0.141     R43C56D.A0 to     R43C56D.F0 IQSerializer_1/SLICE_72
ROUTE         1     0.000     R43C56D.F0 to    R43C56D.DI0 IQSerializer_1/DEDFF_0/Q2 (to serial_clk_c)
                  --------
                    2.174   (37.4% logic, 62.6% route), 4 logic levels.

 Clock Skew Details: 

      Source Clock Path top_clk to fskModule_1/SLICE_96:

   Name    Fanout   Delay (ns)          Site               Resource
PADI_DEL    ---     0.893        A10.PAD to      A10.PADDI top_clk
ROUTE         1     0.403      A10.PADDI to   PLL_TL0.CLKI top_clk_c
CLKI2OP_DE  ---     0.000   PLL_TL0.CLKI to  PLL_TL0.CLKOP my_instance_1/PLLInst_0
ROUTE         2     1.918  PLL_TL0.CLKOP to   PLL_BL0.CLKI pll_clko_1
CLKI2OP_DE  ---     0.000   PLL_BL0.CLKI to  PLL_BL0.CLKOP my_instance_2/PLLInst_0
ROUTE        38     1.855  PLL_BL0.CLKOP to    R59C67A.CLK serial_clk_c
REG_DEL     ---     0.310    R59C67A.CLK to     R59C67A.Q0 clockDivider_0/SLICE_82
ROUTE        48     2.028     R59C67A.Q0 to    R45C56D.CLK clockDivider_clk_4M
                  --------
                    7.407   (16.2% logic, 83.8% route), 4 logic levels.

      Source Clock f/b:

   Name    Fanout   Delay (ns)          Site               Resource
CLKFB2OP_D  ---     0.000  PLL_TL0.CLKFB to  PLL_TL0.CLKOP my_instance_1/PLLInst_0
ROUTE         2     1.918  PLL_TL0.CLKOP to  PLL_TL0.CLKFB pll_clko_1
                  --------
                    1.918   (0.0% logic, 100.0% route), 1 logic levels.

      Source Clock f/b:

   Name    Fanout   Delay (ns)          Site               Resource
CLKFB2OP_D  ---     0.000  PLL_BL0.CLKFB to  PLL_BL0.CLKOP my_instance_2/PLLInst_0
ROUTE        38     1.918  PLL_BL0.CLKOP to  PLL_BL0.CLKFB serial_clk_c
                  --------
                    1.918   (0.0% logic, 100.0% route), 1 logic levels.

      Destination Clock Path top_clk to IQSerializer_1/SLICE_72:

   Name    Fanout   Delay (ns)          Site               Resource
PADI_DEL    ---     0.893        A10.PAD to      A10.PADDI top_clk
ROUTE         1     0.403      A10.PADDI to   PLL_TL0.CLKI top_clk_c
CLKI2OP_DE  ---     0.000   PLL_TL0.CLKI to  PLL_TL0.CLKOP my_instance_1/PLLInst_0
ROUTE         2     1.918  PLL_TL0.CLKOP to   PLL_BL0.CLKI pll_clko_1
CLKI2OP_DE  ---     0.000   PLL_BL0.CLKI to  PLL_BL0.CLKOP my_instance_2/PLLInst_0
ROUTE        38     1.855  PLL_BL0.CLKOP to    R43C56D.CLK serial_clk_c
                  --------
                    5.069   (17.6% logic, 82.4% route), 3 logic levels.

      Destination Clock f/b:

   Name    Fanout   Delay (ns)          Site               Resource
CLKFB2OP_D  ---     0.000  PLL_TL0.CLKFB to  PLL_TL0.CLKOP my_instance_1/PLLInst_0
ROUTE         2     1.918  PLL_TL0.CLKOP to  PLL_TL0.CLKFB pll_clko_1
                  --------
                    1.918   (0.0% logic, 100.0% route), 1 logic levels.

      Destination Clock f/b:

   Name    Fanout   Delay (ns)          Site               Resource
CLKFB2OP_D  ---     0.000  PLL_BL0.CLKFB to  PLL_BL0.CLKOP my_instance_2/PLLInst_0
ROUTE        38     1.918  PLL_BL0.CLKOP to  PLL_BL0.CLKFB serial_clk_c
                  --------
                    1.918   (0.0% logic, 100.0% route), 1 logic levels.


Passed: The following path meets requirements by 11.266ns

 Logical Details:  Cell type  Pin type       Cell/ASIC name  (clock net +/-)

   Source:         FF         Q              fskModule_1/FSK_I__i11  (from clockDivider_clk_4M -)
   Destination:    FF         Data in        IQSerializer_1/DEDFF_0/neg_edge_15  (to serial_clk_c -)

   Delay:               2.170ns  (37.5% logic, 62.5% route), 4 logic levels.

 Constraint Details:

      2.170ns physical path delay fskModule_1/SLICE_95 to IQSerializer_1/SLICE_72 meets
     15.625ns delay constraint less
      2.338ns skew and
      0.000ns feedback compensation and
     -0.149ns DIN_SET requirement (totaling 13.436ns) by 11.266ns

 Physical Path Details:

      Data path fskModule_1/SLICE_95 to IQSerializer_1/SLICE_72:

   Name    Fanout   Delay (ns)          Site               Resource
REG_DEL     ---     0.291    R43C58C.CLK to     R43C58C.Q0 fskModule_1/SLICE_95 (from clockDivider_clk_4M)
ROUTE         3     0.440     R43C58C.Q0 to     R43C57A.C0 fskModule_I_11
CTOOFX_DEL  ---     0.240     R43C57A.C0 to   R43C57A.OFX0 IQSerializer_1/i2047/SLICE_116
ROUTE         1     0.542   R43C57A.OFX0 to     R43C56D.A1 IQSerializer_1/n3500
CTOF_DEL    ---     0.141     R43C56D.A1 to     R43C56D.F1 IQSerializer_1/SLICE_72
ROUTE         1     0.375     R43C56D.F1 to     R43C56D.A0 IQSerializer_1/n3456
CTOF_DEL    ---     0.141     R43C56D.A0 to     R43C56D.F0 IQSerializer_1/SLICE_72
ROUTE         1     0.000     R43C56D.F0 to    R43C56D.DI0 IQSerializer_1/DEDFF_0/Q2 (to serial_clk_c)
                  --------
                    2.170   (37.5% logic, 62.5% route), 4 logic levels.

 Clock Skew Details: 

      Source Clock Path top_clk to fskModule_1/SLICE_95:

   Name    Fanout   Delay (ns)          Site               Resource
PADI_DEL    ---     0.893        A10.PAD to      A10.PADDI top_clk
ROUTE         1     0.403      A10.PADDI to   PLL_TL0.CLKI top_clk_c
CLKI2OP_DE  ---     0.000   PLL_TL0.CLKI to  PLL_TL0.CLKOP my_instance_1/PLLInst_0
ROUTE         2     1.918  PLL_TL0.CLKOP to   PLL_BL0.CLKI pll_clko_1
CLKI2OP_DE  ---     0.000   PLL_BL0.CLKI to  PLL_BL0.CLKOP my_instance_2/PLLInst_0
ROUTE        38     1.855  PLL_BL0.CLKOP to    R59C67A.CLK serial_clk_c
REG_DEL     ---     0.310    R59C67A.CLK to     R59C67A.Q0 clockDivider_0/SLICE_82
ROUTE        48     2.028     R59C67A.Q0 to    R43C58C.CLK clockDivider_clk_4M
                  --------
                    7.407   (16.2% logic, 83.8% route), 4 logic levels.

      Source Clock f/b:

   Name    Fanout   Delay (ns)          Site               Resource
CLKFB2OP_D  ---     0.000  PLL_TL0.CLKFB to  PLL_TL0.CLKOP my_instance_1/PLLInst_0
ROUTE         2     1.918  PLL_TL0.CLKOP to  PLL_TL0.CLKFB pll_clko_1
                  --------
                    1.918   (0.0% logic, 100.0% route), 1 logic levels.

      Source Clock f/b:

   Name    Fanout   Delay (ns)          Site               Resource
CLKFB2OP_D  ---     0.000  PLL_BL0.CLKFB to  PLL_BL0.CLKOP my_instance_2/PLLInst_0
ROUTE        38     1.918  PLL_BL0.CLKOP to  PLL_BL0.CLKFB serial_clk_c
                  --------
                    1.918   (0.0% logic, 100.0% route), 1 logic levels.

      Destination Clock Path top_clk to IQSerializer_1/SLICE_72:

   Name    Fanout   Delay (ns)          Site               Resource
PADI_DEL    ---     0.893        A10.PAD to      A10.PADDI top_clk
ROUTE         1     0.403      A10.PADDI to   PLL_TL0.CLKI top_clk_c
CLKI2OP_DE  ---     0.000   PLL_TL0.CLKI to  PLL_TL0.CLKOP my_instance_1/PLLInst_0
ROUTE         2     1.918  PLL_TL0.CLKOP to   PLL_BL0.CLKI pll_clko_1
CLKI2OP_DE  ---     0.000   PLL_BL0.CLKI to  PLL_BL0.CLKOP my_instance_2/PLLInst_0
ROUTE        38     1.855  PLL_BL0.CLKOP to    R43C56D.CLK serial_clk_c
                  --------
                    5.069   (17.6% logic, 82.4% route), 3 logic levels.

      Destination Clock f/b:

   Name    Fanout   Delay (ns)          Site               Resource
CLKFB2OP_D  ---     0.000  PLL_TL0.CLKFB to  PLL_TL0.CLKOP my_instance_1/PLLInst_0
ROUTE         2     1.918  PLL_TL0.CLKOP to  PLL_TL0.CLKFB pll_clko_1
                  --------
                    1.918   (0.0% logic, 100.0% route), 1 logic levels.

      Destination Clock f/b:

   Name    Fanout   Delay (ns)          Site               Resource
CLKFB2OP_D  ---     0.000  PLL_BL0.CLKFB to  PLL_BL0.CLKOP my_instance_2/PLLInst_0
ROUTE        38     1.918  PLL_BL0.CLKOP to  PLL_BL0.CLKFB serial_clk_c
                  --------
                    1.918   (0.0% logic, 100.0% route), 1 logic levels.


Passed: The following path meets requirements by 11.266ns

 Logical Details:  Cell type  Pin type       Cell/ASIC name  (clock net +/-)

   Source:         FF         Q              fskModule_1/FSK_I__i11  (from clockDivider_clk_4M -)
   Destination:    FF         Data in        IQSerializer_1/DEDFF_0/neg_edge_15  (to serial_clk_c -)

   Delay:               2.170ns  (37.5% logic, 62.5% route), 4 logic levels.

 Constraint Details:

      2.170ns physical path delay fskModule_1/SLICE_95 to IQSerializer_1/SLICE_72 meets
     15.625ns delay constraint less
      2.338ns skew and
      0.000ns feedback compensation and
     -0.149ns DIN_SET requirement (totaling 13.436ns) by 11.266ns

 Physical Path Details:

      Data path fskModule_1/SLICE_95 to IQSerializer_1/SLICE_72:

   Name    Fanout   Delay (ns)          Site               Resource
REG_DEL     ---     0.291    R43C58C.CLK to     R43C58C.Q0 fskModule_1/SLICE_95 (from clockDivider_clk_4M)
ROUTE         3     0.440     R43C58C.Q0 to     R43C57A.C1 fskModule_I_11
CTOOFX_DEL  ---     0.240     R43C57A.C1 to   R43C57A.OFX0 IQSerializer_1/i2047/SLICE_116
ROUTE         1     0.542   R43C57A.OFX0 to     R43C56D.A1 IQSerializer_1/n3500
CTOF_DEL    ---     0.141     R43C56D.A1 to     R43C56D.F1 IQSerializer_1/SLICE_72
ROUTE         1     0.375     R43C56D.F1 to     R43C56D.A0 IQSerializer_1/n3456
CTOF_DEL    ---     0.141     R43C56D.A0 to     R43C56D.F0 IQSerializer_1/SLICE_72
ROUTE         1     0.000     R43C56D.F0 to    R43C56D.DI0 IQSerializer_1/DEDFF_0/Q2 (to serial_clk_c)
                  --------
                    2.170   (37.5% logic, 62.5% route), 4 logic levels.

 Clock Skew Details: 

      Source Clock Path top_clk to fskModule_1/SLICE_95:

   Name    Fanout   Delay (ns)          Site               Resource
PADI_DEL    ---     0.893        A10.PAD to      A10.PADDI top_clk
ROUTE         1     0.403      A10.PADDI to   PLL_TL0.CLKI top_clk_c
CLKI2OP_DE  ---     0.000   PLL_TL0.CLKI to  PLL_TL0.CLKOP my_instance_1/PLLInst_0
ROUTE         2     1.918  PLL_TL0.CLKOP to   PLL_BL0.CLKI pll_clko_1
CLKI2OP_DE  ---     0.000   PLL_BL0.CLKI to  PLL_BL0.CLKOP my_instance_2/PLLInst_0
ROUTE        38     1.855  PLL_BL0.CLKOP to    R59C67A.CLK serial_clk_c
REG_DEL     ---     0.310    R59C67A.CLK to     R59C67A.Q0 clockDivider_0/SLICE_82
ROUTE        48     2.028     R59C67A.Q0 to    R43C58C.CLK clockDivider_clk_4M
                  --------
                    7.407   (16.2% logic, 83.8% route), 4 logic levels.

      Source Clock f/b:

   Name    Fanout   Delay (ns)          Site               Resource
CLKFB2OP_D  ---     0.000  PLL_TL0.CLKFB to  PLL_TL0.CLKOP my_instance_1/PLLInst_0
ROUTE         2     1.918  PLL_TL0.CLKOP to  PLL_TL0.CLKFB pll_clko_1
                  --------
                    1.918   (0.0% logic, 100.0% route), 1 logic levels.

      Source Clock f/b:

   Name    Fanout   Delay (ns)          Site               Resource
CLKFB2OP_D  ---     0.000  PLL_BL0.CLKFB to  PLL_BL0.CLKOP my_instance_2/PLLInst_0
ROUTE        38     1.918  PLL_BL0.CLKOP to  PLL_BL0.CLKFB serial_clk_c
                  --------
                    1.918   (0.0% logic, 100.0% route), 1 logic levels.

      Destination Clock Path top_clk to IQSerializer_1/SLICE_72:

   Name    Fanout   Delay (ns)          Site               Resource
PADI_DEL    ---     0.893        A10.PAD to      A10.PADDI top_clk
ROUTE         1     0.403      A10.PADDI to   PLL_TL0.CLKI top_clk_c
CLKI2OP_DE  ---     0.000   PLL_TL0.CLKI to  PLL_TL0.CLKOP my_instance_1/PLLInst_0
ROUTE         2     1.918  PLL_TL0.CLKOP to   PLL_BL0.CLKI pll_clko_1
CLKI2OP_DE  ---     0.000   PLL_BL0.CLKI to  PLL_BL0.CLKOP my_instance_2/PLLInst_0
ROUTE        38     1.855  PLL_BL0.CLKOP to    R43C56D.CLK serial_clk_c
                  --------
                    5.069   (17.6% logic, 82.4% route), 3 logic levels.

      Destination Clock f/b:

   Name    Fanout   Delay (ns)          Site               Resource
CLKFB2OP_D  ---     0.000  PLL_TL0.CLKFB to  PLL_TL0.CLKOP my_instance_1/PLLInst_0
ROUTE         2     1.918  PLL_TL0.CLKOP to  PLL_TL0.CLKFB pll_clko_1
                  --------
                    1.918   (0.0% logic, 100.0% route), 1 logic levels.

      Destination Clock f/b:

   Name    Fanout   Delay (ns)          Site               Resource
CLKFB2OP_D  ---     0.000  PLL_BL0.CLKFB to  PLL_BL0.CLKOP my_instance_2/PLLInst_0
ROUTE        38     1.918  PLL_BL0.CLKOP to  PLL_BL0.CLKFB serial_clk_c
                  --------
                    1.918   (0.0% logic, 100.0% route), 1 logic levels.


Passed: The following path meets requirements by 11.299ns

 Logical Details:  Cell type  Pin type       Cell/ASIC name  (clock net +/-)

   Source:         FF         Q              fskModule_1/FSK_I__i2  (from clockDivider_clk_4M -)
   Destination:    FF         Data in        IQSerializer_1/DEDFF_0/pose_edge_14  (to serial_clk_c +)

   Delay:               2.153ns  (37.7% logic, 62.3% route), 4 logic levels.

 Constraint Details:

      2.153ns physical path delay fskModule_1/SLICE_93 to IQSerializer_1/SLICE_73 meets
     15.625ns delay constraint less
      2.338ns skew and
      0.000ns feedback compensation and
     -0.165ns DIN_SET requirement (totaling 13.452ns) by 11.299ns

 Physical Path Details:

      Data path fskModule_1/SLICE_93 to IQSerializer_1/SLICE_73:

   Name    Fanout   Delay (ns)          Site               Resource
REG_DEL     ---     0.290    R43C58A.CLK to     R43C58A.Q1 fskModule_1/SLICE_93 (from clockDivider_clk_4M)
ROUTE         3     0.548     R43C58A.Q1 to     R43C57D.B1 fskModule_I_2
CTOOFX_DEL  ---     0.240     R43C57D.B1 to   R43C57D.OFX0 IQSerializer_1/i1995/SLICE_117
ROUTE         1     0.419   R43C57D.OFX0 to     R43C56A.C1 IQSerializer_1/n3405
CTOF_DEL    ---     0.141     R43C56A.C1 to     R43C56A.F1 IQSerializer_1/SLICE_73
ROUTE         1     0.374     R43C56A.F1 to     R43C56A.B0 IQSerializer_1/n3407
CTOF_DEL    ---     0.141     R43C56A.B0 to     R43C56A.F0 IQSerializer_1/SLICE_73
ROUTE         1     0.000     R43C56A.F0 to    R43C56A.DI0 IQSerializer_1/DEDFF_0/Q1 (to serial_clk_c)
                  --------
                    2.153   (37.7% logic, 62.3% route), 4 logic levels.

 Clock Skew Details: 

      Source Clock Path top_clk to fskModule_1/SLICE_93:

   Name    Fanout   Delay (ns)          Site               Resource
PADI_DEL    ---     0.893        A10.PAD to      A10.PADDI top_clk
ROUTE         1     0.403      A10.PADDI to   PLL_TL0.CLKI top_clk_c
CLKI2OP_DE  ---     0.000   PLL_TL0.CLKI to  PLL_TL0.CLKOP my_instance_1/PLLInst_0
ROUTE         2     1.918  PLL_TL0.CLKOP to   PLL_BL0.CLKI pll_clko_1
CLKI2OP_DE  ---     0.000   PLL_BL0.CLKI to  PLL_BL0.CLKOP my_instance_2/PLLInst_0
ROUTE        38     1.855  PLL_BL0.CLKOP to    R59C67A.CLK serial_clk_c
REG_DEL     ---     0.310    R59C67A.CLK to     R59C67A.Q0 clockDivider_0/SLICE_82
ROUTE        48     2.028     R59C67A.Q0 to    R43C58A.CLK clockDivider_clk_4M
                  --------
                    7.407   (16.2% logic, 83.8% route), 4 logic levels.

      Source Clock f/b:

   Name    Fanout   Delay (ns)          Site               Resource
CLKFB2OP_D  ---     0.000  PLL_TL0.CLKFB to  PLL_TL0.CLKOP my_instance_1/PLLInst_0
ROUTE         2     1.918  PLL_TL0.CLKOP to  PLL_TL0.CLKFB pll_clko_1
                  --------
                    1.918   (0.0% logic, 100.0% route), 1 logic levels.

      Source Clock f/b:

   Name    Fanout   Delay (ns)          Site               Resource
CLKFB2OP_D  ---     0.000  PLL_BL0.CLKFB to  PLL_BL0.CLKOP my_instance_2/PLLInst_0
ROUTE        38     1.918  PLL_BL0.CLKOP to  PLL_BL0.CLKFB serial_clk_c
                  --------
                    1.918   (0.0% logic, 100.0% route), 1 logic levels.

      Destination Clock Path top_clk to IQSerializer_1/SLICE_73:

   Name    Fanout   Delay (ns)          Site               Resource
PADI_DEL    ---     0.893        A10.PAD to      A10.PADDI top_clk
ROUTE         1     0.403      A10.PADDI to   PLL_TL0.CLKI top_clk_c
CLKI2OP_DE  ---     0.000   PLL_TL0.CLKI to  PLL_TL0.CLKOP my_instance_1/PLLInst_0
ROUTE         2     1.918  PLL_TL0.CLKOP to   PLL_BL0.CLKI pll_clko_1
CLKI2OP_DE  ---     0.000   PLL_BL0.CLKI to  PLL_BL0.CLKOP my_instance_2/PLLInst_0
ROUTE        38     1.855  PLL_BL0.CLKOP to    R43C56A.CLK serial_clk_c
                  --------
                    5.069   (17.6% logic, 82.4% route), 3 logic levels.

      Destination Clock f/b:

   Name    Fanout   Delay (ns)          Site               Resource
CLKFB2OP_D  ---     0.000  PLL_TL0.CLKFB to  PLL_TL0.CLKOP my_instance_1/PLLInst_0
ROUTE         2     1.918  PLL_TL0.CLKOP to  PLL_TL0.CLKFB pll_clko_1
                  --------
                    1.918   (0.0% logic, 100.0% route), 1 logic levels.

      Destination Clock f/b:

   Name    Fanout   Delay (ns)          Site               Resource
CLKFB2OP_D  ---     0.000  PLL_BL0.CLKFB to  PLL_BL0.CLKOP my_instance_2/PLLInst_0
ROUTE        38     1.918  PLL_BL0.CLKOP to  PLL_BL0.CLKFB serial_clk_c
                  --------
                    1.918   (0.0% logic, 100.0% route), 1 logic levels.


Passed: The following path meets requirements by 5.651ns (weighted slack = 11.302ns)

 Logical Details:  Cell type  Pin type       Cell/ASIC name  (clock net +/-)

   Source:         FF         Q              IQSerializer_1/QCounter_413__i1  (from serial_clk_c -)
   Destination:    FF         Data in        IQSerializer_1/DEDFF_0/pose_edge_14  (to serial_clk_c +)

   Delay:               2.327ns  (36.7% logic, 63.3% route), 5 logic levels.

 Constraint Details:

      2.327ns physical path delay SLICE_80 to IQSerializer_1/SLICE_73 meets
      7.813ns delay constraint less
      0.000ns skew and
     -0.165ns DIN_SET requirement (totaling 7.978ns) by 5.651ns

 Physical Path Details:

      Data path SLICE_80 to IQSerializer_1/SLICE_73:

   Name    Fanout   Delay (ns)          Site               Resource
REG_DEL     ---     0.291    R44C57B.CLK to     R44C57B.Q0 SLICE_80 (from serial_clk_c)
ROUTE         6     0.688     R44C57B.Q0 to     R44C56B.A0 QCounter_1
CTOF_DEL    ---     0.141     R44C56B.A0 to     R44C56B.F0 IQSerializer_1/SLICE_156
ROUTE         1     0.128     R44C56B.F0 to     R44C56A.D1 IQSerializer_1/n3398
CTOF_DEL    ---     0.141     R44C56A.D1 to     R44C56A.F1 IQSerializer_1/SLICE_134
ROUTE         1     0.374     R44C56A.F1 to     R44C56A.B0 IQSerializer_1/n3399
CTOF_DEL    ---     0.141     R44C56A.B0 to     R44C56A.F0 IQSerializer_1/SLICE_134
ROUTE         1     0.282     R44C56A.F0 to     R43C56A.D0 IQSerializer_1/n3401
CTOF_DEL    ---     0.141     R43C56A.D0 to     R43C56A.F0 IQSerializer_1/SLICE_73
ROUTE         1     0.000     R43C56A.F0 to    R43C56A.DI0 IQSerializer_1/DEDFF_0/Q1 (to serial_clk_c)
                  --------
                    2.327   (36.7% logic, 63.3% route), 5 logic levels.

 Clock Skew Details: 

      Source Clock Path my_instance_2/PLLInst_0 to SLICE_80:

   Name    Fanout   Delay (ns)          Site               Resource
ROUTE        38     1.855  PLL_BL0.CLKOP to    R44C57B.CLK serial_clk_c
                  --------
                    1.855   (0.0% logic, 100.0% route), 0 logic levels.

      Destination Clock Path my_instance_2/PLLInst_0 to IQSerializer_1/SLICE_73:

   Name    Fanout   Delay (ns)          Site               Resource
ROUTE        38     1.855  PLL_BL0.CLKOP to    R43C56A.CLK serial_clk_c
                  --------
                    1.855   (0.0% logic, 100.0% route), 0 logic levels.


Passed: The following path meets requirements by 11.304ns

 Logical Details:  Cell type  Pin type       Cell/ASIC name  (clock net +/-)

   Source:         FF         Q              fskModule_1/FSK_I__i4  (from clockDivider_clk_4M -)
   Destination:    FF         Data in        IQSerializer_1/DEDFF_0/pose_edge_14  (to serial_clk_c +)

   Delay:               2.148ns  (37.8% logic, 62.2% route), 4 logic levels.

 Constraint Details:

      2.148ns physical path delay fskModule_1/SLICE_94 to IQSerializer_1/SLICE_73 meets
     15.625ns delay constraint less
      2.338ns skew and
      0.000ns feedback compensation and
     -0.165ns DIN_SET requirement (totaling 13.452ns) by 11.304ns

 Physical Path Details:

      Data path fskModule_1/SLICE_94 to IQSerializer_1/SLICE_73:

   Name    Fanout   Delay (ns)          Site               Resource
REG_DEL     ---     0.291    R43C58D.CLK to     R43C58D.Q0 fskModule_1/SLICE_94 (from clockDivider_clk_4M)
ROUTE         1     0.542     R43C58D.Q0 to     R43C57D.A0 fskModule_I_4
CTOOFX_DEL  ---     0.240     R43C57D.A0 to   R43C57D.OFX0 IQSerializer_1/i1995/SLICE_117
ROUTE         1     0.419   R43C57D.OFX0 to     R43C56A.C1 IQSerializer_1/n3405
CTOF_DEL    ---     0.141     R43C56A.C1 to     R43C56A.F1 IQSerializer_1/SLICE_73
ROUTE         1     0.374     R43C56A.F1 to     R43C56A.B0 IQSerializer_1/n3407
CTOF_DEL    ---     0.141     R43C56A.B0 to     R43C56A.F0 IQSerializer_1/SLICE_73
ROUTE         1     0.000     R43C56A.F0 to    R43C56A.DI0 IQSerializer_1/DEDFF_0/Q1 (to serial_clk_c)
                  --------
                    2.148   (37.8% logic, 62.2% route), 4 logic levels.

 Clock Skew Details: 

      Source Clock Path top_clk to fskModule_1/SLICE_94:

   Name    Fanout   Delay (ns)          Site               Resource
PADI_DEL    ---     0.893        A10.PAD to      A10.PADDI top_clk
ROUTE         1     0.403      A10.PADDI to   PLL_TL0.CLKI top_clk_c
CLKI2OP_DE  ---     0.000   PLL_TL0.CLKI to  PLL_TL0.CLKOP my_instance_1/PLLInst_0
ROUTE         2     1.918  PLL_TL0.CLKOP to   PLL_BL0.CLKI pll_clko_1
CLKI2OP_DE  ---     0.000   PLL_BL0.CLKI to  PLL_BL0.CLKOP my_instance_2/PLLInst_0
ROUTE        38     1.855  PLL_BL0.CLKOP to    R59C67A.CLK serial_clk_c
REG_DEL     ---     0.310    R59C67A.CLK to     R59C67A.Q0 clockDivider_0/SLICE_82
ROUTE        48     2.028     R59C67A.Q0 to    R43C58D.CLK clockDivider_clk_4M
                  --------
                    7.407   (16.2% logic, 83.8% route), 4 logic levels.

      Source Clock f/b:

   Name    Fanout   Delay (ns)          Site               Resource
CLKFB2OP_D  ---     0.000  PLL_TL0.CLKFB to  PLL_TL0.CLKOP my_instance_1/PLLInst_0
ROUTE         2     1.918  PLL_TL0.CLKOP to  PLL_TL0.CLKFB pll_clko_1
                  --------
                    1.918   (0.0% logic, 100.0% route), 1 logic levels.

      Source Clock f/b:

   Name    Fanout   Delay (ns)          Site               Resource
CLKFB2OP_D  ---     0.000  PLL_BL0.CLKFB to  PLL_BL0.CLKOP my_instance_2/PLLInst_0
ROUTE        38     1.918  PLL_BL0.CLKOP to  PLL_BL0.CLKFB serial_clk_c
                  --------
                    1.918   (0.0% logic, 100.0% route), 1 logic levels.

      Destination Clock Path top_clk to IQSerializer_1/SLICE_73:

   Name    Fanout   Delay (ns)          Site               Resource
PADI_DEL    ---     0.893        A10.PAD to      A10.PADDI top_clk
ROUTE         1     0.403      A10.PADDI to   PLL_TL0.CLKI top_clk_c
CLKI2OP_DE  ---     0.000   PLL_TL0.CLKI to  PLL_TL0.CLKOP my_instance_1/PLLInst_0
ROUTE         2     1.918  PLL_TL0.CLKOP to   PLL_BL0.CLKI pll_clko_1
CLKI2OP_DE  ---     0.000   PLL_BL0.CLKI to  PLL_BL0.CLKOP my_instance_2/PLLInst_0
ROUTE        38     1.855  PLL_BL0.CLKOP to    R43C56A.CLK serial_clk_c
                  --------
                    5.069   (17.6% logic, 82.4% route), 3 logic levels.

      Destination Clock f/b:

   Name    Fanout   Delay (ns)          Site               Resource
CLKFB2OP_D  ---     0.000  PLL_TL0.CLKFB to  PLL_TL0.CLKOP my_instance_1/PLLInst_0
ROUTE         2     1.918  PLL_TL0.CLKOP to  PLL_TL0.CLKFB pll_clko_1
                  --------
                    1.918   (0.0% logic, 100.0% route), 1 logic levels.

      Destination Clock f/b:

   Name    Fanout   Delay (ns)          Site               Resource
CLKFB2OP_D  ---     0.000  PLL_BL0.CLKFB to  PLL_BL0.CLKOP my_instance_2/PLLInst_0
ROUTE        38     1.918  PLL_BL0.CLKOP to  PLL_BL0.CLKFB serial_clk_c
                  --------
                    1.918   (0.0% logic, 100.0% route), 1 logic levels.

Report:  223.314MHz is the maximum frequency for this preference.


================================================================================
Preference: FREQUENCY NET "top_clk_c" 12.000000 MHz ;
            0 items scored, 0 timing errors detected.
--------------------------------------------------------------------------------


================================================================================
Preference: FREQUENCY NET "pll_clko_1" 24.000000 MHz ;
            0 items scored, 0 timing errors detected.
--------------------------------------------------------------------------------

Report Summary
--------------
----------------------------------------------------------------------------
Preference                              |   Constraint|       Actual|Levels
----------------------------------------------------------------------------
                                        |             |             |
FREQUENCY NET "serial_clk_c" 64.000000  |             |             |
MHz ;                                   |   64.000 MHz|  223.314 MHz|   4  
                                        |             |             |
FREQUENCY NET "top_clk_c" 12.000000 MHz |             |             |
;                                       |            -|            -|   0  
                                        |             |             |
FREQUENCY NET "pll_clko_1" 24.000000    |             |             |
MHz ;                                   |            -|            -|   0  
                                        |             |             |
----------------------------------------------------------------------------


All preferences were met.


Clock Domains Analysis
------------------------

Found 4 clocks:

Clock Domain: top_clk_c   Source: top_clk.PAD   Loads: 1
   No transfer within this clock domain is found

Clock Domain: serial_clk_c   Source: my_instance_2/PLLInst_0.CLKOP   Loads: 38
   Covered under: FREQUENCY NET "serial_clk_c" 64.000000 MHz ;

   Data transfers from:
   Clock Domain: clockDivider_clk_4M   Source: clockDivider_0/SLICE_82.Q0
      Covered under: FREQUENCY NET "serial_clk_c" 64.000000 MHz ;   Transfers: 20

Clock Domain: pll_clko_1   Source: my_instance_1/PLLInst_0.CLKOP   Loads: 2
   No transfer within this clock domain is found

Clock Domain: clockDivider_clk_4M   Source: clockDivider_0/SLICE_82.Q0   Loads: 48
   No transfer within this clock domain is found


Timing summary (Setup):
---------------

Timing errors: 0  Score: 0
Cumulative negative slack: 0

Constraints cover 580 paths, 3 nets, and 346 connections (36.50% coverage)

--------------------------------------------------------------------------------
Lattice TRACE Report - Hold, Version Diamond (64-bit) 3.14.0.75.2
Sun Jan 04 20:46:21 2026

Copyright (c) 1991-1994 by NeoCAD Inc. All rights reserved.
Copyright (c) 1995 AT&T Corp.   All rights reserved.
Copyright (c) 1995-2001 Lucent Technologies Inc.  All rights reserved.
Copyright (c) 2001 Agere Systems   All rights reserved.
Copyright (c) 2002-2024 Lattice Semiconductor Corporation,  All rights reserved.

Report Information
------------------
Command line:    trce -v 10 -gt -sethld -sp 8 -sphld m -o mySDR_fpga_impl1.twr -gui -msgset C:/Users/SNA/Documents/FPGA_code/lattice_sdr_code/promote.xml mySDR_fpga_impl1.ncd mySDR_fpga_impl1.prf 
Design file:     mysdr_fpga_impl1.ncd
Preference file: mysdr_fpga_impl1.prf
Device,speed:    LFE5UM5G-85F,m
Report level:    verbose report, limited to 10 items per preference
--------------------------------------------------------------------------------

1 potential circuit loop found in timing analysis.
BLOCK ASYNCPATHS
BLOCK RESETPATHS
--------------------------------------------------------------------------------



================================================================================
Preference: FREQUENCY NET "serial_clk_c" 64.000000 MHz ;
            567 items scored, 0 timing errors detected.
--------------------------------------------------------------------------------


Passed: The following path meets requirements by 0.146ns

 Logical Details:  Cell type  Pin type       Cell/ASIC name  (clock net +/-)

   Source:         FF         Q              IQSerializer_1/ICounter_411__i3  (from serial_clk_c -)
   Destination:    FF         Data in        IQSerializer_1/ICounter_411__i3  (to serial_clk_c -)

   Delay:               0.246ns  (78.9% logic, 21.1% route), 2 logic levels.

 Constraint Details:

      0.246ns physical path delay SLICE_71 to SLICE_71 meets
      0.100ns DIN_HLD and
      0.000ns delay constraint less
      0.000ns skew requirement (totaling 0.100ns) by 0.146ns

 Physical Path Details:

      Data path SLICE_71 to SLICE_71:

   Name    Fanout   Delay (ns)          Site               Resource
REG_DEL     ---     0.130    R42C57A.CLK to     R42C57A.Q0 SLICE_71 (from serial_clk_c)
ROUTE         8     0.052     R42C57A.Q0 to     R42C57A.D0 ICounter_3
CTOF_DEL    ---     0.064     R42C57A.D0 to     R42C57A.F0 SLICE_71
ROUTE         1     0.000     R42C57A.F0 to    R42C57A.DI0 n2944 (to serial_clk_c)
                  --------
                    0.246   (78.9% logic, 21.1% route), 2 logic levels.

 Clock Skew Details: 

      Source Clock Path my_instance_2/PLLInst_0 to SLICE_71:

   Name    Fanout   Delay (ns)          Site               Resource
ROUTE        38     0.680  PLL_BL0.CLKOP to    R42C57A.CLK serial_clk_c
                  --------
                    0.680   (0.0% logic, 100.0% route), 0 logic levels.

      Destination Clock Path my_instance_2/PLLInst_0 to SLICE_71:

   Name    Fanout   Delay (ns)          Site               Resource
ROUTE        38     0.680  PLL_BL0.CLKOP to    R42C57A.CLK serial_clk_c
                  --------
                    0.680   (0.0% logic, 100.0% route), 0 logic levels.


Passed: The following path meets requirements by 0.146ns

 Logical Details:  Cell type  Pin type       Cell/ASIC name  (clock net +/-)

   Source:         FF         Q              IQSerializer_1/QCounter_413__i1  (from serial_clk_c -)
   Destination:    FF         Data in        IQSerializer_1/QCounter_413__i1  (to serial_clk_c -)

   Delay:               0.246ns  (78.9% logic, 21.1% route), 2 logic levels.

 Constraint Details:

      0.246ns physical path delay SLICE_80 to SLICE_80 meets
      0.100ns DIN_HLD and
      0.000ns delay constraint less
      0.000ns skew requirement (totaling 0.100ns) by 0.146ns

 Physical Path Details:

      Data path SLICE_80 to SLICE_80:

   Name    Fanout   Delay (ns)          Site               Resource
REG_DEL     ---     0.130    R44C57B.CLK to     R44C57B.Q0 SLICE_80 (from serial_clk_c)
ROUTE         6     0.052     R44C57B.Q0 to     R44C57B.D0 QCounter_1
CTOF_DEL    ---     0.064     R44C57B.D0 to     R44C57B.F0 SLICE_80
ROUTE         1     0.000     R44C57B.F0 to    R44C57B.DI0 IQSerializer_1/n5 (to serial_clk_c)
                  --------
                    0.246   (78.9% logic, 21.1% route), 2 logic levels.

 Clock Skew Details: 

      Source Clock Path my_instance_2/PLLInst_0 to SLICE_80:

   Name    Fanout   Delay (ns)          Site               Resource
ROUTE        38     0.680  PLL_BL0.CLKOP to    R44C57B.CLK serial_clk_c
                  --------
                    0.680   (0.0% logic, 100.0% route), 0 logic levels.

      Destination Clock Path my_instance_2/PLLInst_0 to SLICE_80:

   Name    Fanout   Delay (ns)          Site               Resource
ROUTE        38     0.680  PLL_BL0.CLKOP to    R44C57B.CLK serial_clk_c
                  --------
                    0.680   (0.0% logic, 100.0% route), 0 logic levels.


Passed: The following path meets requirements by 0.158ns

 Logical Details:  Cell type  Pin type       Cell/ASIC name  (clock net +/-)

   Source:         FF         Q              IQSerializer_1/ICounter_411__i1  (from serial_clk_c -)
   Destination:    FF         Data in        IQSerializer_1/ICounter_411__i1  (to serial_clk_c -)

   Delay:               0.258ns  (75.2% logic, 24.8% route), 2 logic levels.

 Constraint Details:

      0.258ns physical path delay SLICE_70 to SLICE_70 meets
      0.100ns DIN_HLD and
      0.000ns delay constraint less
      0.000ns skew requirement (totaling 0.100ns) by 0.158ns

 Physical Path Details:

      Data path SLICE_70 to SLICE_70:

   Name    Fanout   Delay (ns)          Site               Resource
REG_DEL     ---     0.130    R42C57C.CLK to     R42C57C.Q0 SLICE_70 (from serial_clk_c)
ROUTE         7     0.064     R42C57C.Q0 to     R42C57C.C0 ICounter_1
CTOF_DEL    ---     0.064     R42C57C.C0 to     R42C57C.F0 SLICE_70
ROUTE         1     0.000     R42C57C.F0 to    R42C57C.DI0 IQSerializer_1/n5_adj_425 (to serial_clk_c)
                  --------
                    0.258   (75.2% logic, 24.8% route), 2 logic levels.

 Clock Skew Details: 

      Source Clock Path my_instance_2/PLLInst_0 to SLICE_70:

   Name    Fanout   Delay (ns)          Site               Resource
ROUTE        38     0.680  PLL_BL0.CLKOP to    R42C57C.CLK serial_clk_c
                  --------
                    0.680   (0.0% logic, 100.0% route), 0 logic levels.

      Destination Clock Path my_instance_2/PLLInst_0 to SLICE_70:

   Name    Fanout   Delay (ns)          Site               Resource
ROUTE        38     0.680  PLL_BL0.CLKOP to    R42C57C.CLK serial_clk_c
                  --------
                    0.680   (0.0% logic, 100.0% route), 0 logic levels.


Passed: The following path meets requirements by 0.158ns

 Logical Details:  Cell type  Pin type       Cell/ASIC name  (clock net +/-)

   Source:         FF         Q              IQSerializer_1/QCounter_413__i3  (from serial_clk_c -)
   Destination:    FF         Data in        IQSerializer_1/QCounter_413__i3  (to serial_clk_c -)

   Delay:               0.258ns  (75.2% logic, 24.8% route), 2 logic levels.

 Constraint Details:

      0.258ns physical path delay IQSerializer_1/SLICE_74 to IQSerializer_1/SLICE_74 meets
      0.100ns DIN_HLD and
      0.000ns delay constraint less
      0.000ns skew requirement (totaling 0.100ns) by 0.158ns

 Physical Path Details:

      Data path IQSerializer_1/SLICE_74 to IQSerializer_1/SLICE_74:

   Name    Fanout   Delay (ns)          Site               Resource
REG_DEL     ---     0.130    R44C57D.CLK to     R44C57D.Q0 IQSerializer_1/SLICE_74 (from serial_clk_c)
ROUTE         5     0.064     R44C57D.Q0 to     R44C57D.C0 IQSerializer_1/QCounter_3
CTOF_DEL    ---     0.064     R44C57D.C0 to     R44C57D.F0 IQSerializer_1/SLICE_74
ROUTE         1     0.000     R44C57D.F0 to    R44C57D.DI0 IQSerializer_1/n22 (to serial_clk_c)
                  --------
                    0.258   (75.2% logic, 24.8% route), 2 logic levels.

 Clock Skew Details: 

      Source Clock Path my_instance_2/PLLInst_0 to IQSerializer_1/SLICE_74:

   Name    Fanout   Delay (ns)          Site               Resource
ROUTE        38     0.680  PLL_BL0.CLKOP to    R44C57D.CLK serial_clk_c
                  --------
                    0.680   (0.0% logic, 100.0% route), 0 logic levels.

      Destination Clock Path my_instance_2/PLLInst_0 to IQSerializer_1/SLICE_74:

   Name    Fanout   Delay (ns)          Site               Resource
ROUTE        38     0.680  PLL_BL0.CLKOP to    R44C57D.CLK serial_clk_c
                  --------
                    0.680   (0.0% logic, 100.0% route), 0 logic levels.


Passed: The following path meets requirements by 0.170ns

 Logical Details:  Cell type  Pin type       Cell/ASIC name  (clock net +/-)

   Source:         FF         Q              cnt1_405__i25  (from serial_clk_c +)
   Destination:    FF         Data in        LED_9  (to serial_clk_c +)

   Delay:               0.270ns  (51.5% logic, 48.5% route), 1 logic levels.

 Constraint Details:

      0.270ns physical path delay SLICE_26 to SLICE_79 meets
      0.100ns M_HLD and
      0.000ns delay constraint less
      0.000ns skew requirement (totaling 0.100ns) by 0.170ns

 Physical Path Details:

      Data path SLICE_26 to SLICE_79:

   Name    Fanout   Delay (ns)          Site               Resource
REG_DEL     ---     0.139     R2C76B.CLK to      R2C76B.Q0 SLICE_26 (from serial_clk_c)
ROUTE         2     0.131      R2C76B.Q0 to      R2C76C.M0 cnt1_25 (to serial_clk_c)
                  --------
                    0.270   (51.5% logic, 48.5% route), 1 logic levels.

 Clock Skew Details: 

      Source Clock Path my_instance_2/PLLInst_0 to SLICE_26:

   Name    Fanout   Delay (ns)          Site               Resource
ROUTE        38     0.680  PLL_BL0.CLKOP to     R2C76B.CLK serial_clk_c
                  --------
                    0.680   (0.0% logic, 100.0% route), 0 logic levels.

      Destination Clock Path my_instance_2/PLLInst_0 to SLICE_79:

   Name    Fanout   Delay (ns)          Site               Resource
ROUTE        38     0.680  PLL_BL0.CLKOP to     R2C76C.CLK serial_clk_c
                  --------
                    0.680   (0.0% logic, 100.0% route), 0 logic levels.


Passed: The following path meets requirements by 0.203ns

 Logical Details:  Cell type  Pin type       Cell/ASIC name  (clock net +/-)

   Source:         FF         Q              clockDivider_0/lockCounter_407__i7  (from serial_clk_c +)
   Destination:    FF         Data in        clockDivider_0/clkLock_25  (to serial_clk_c +)

   Delay:               0.254ns  (54.7% logic, 45.3% route), 1 logic levels.

 Constraint Details:

      0.254ns physical path delay clockDivider_0/SLICE_67 to clockDivider_0/SLICE_81 meets
      0.051ns CE_HLD and
      0.000ns delay constraint less
      0.000ns skew requirement (totaling 0.051ns) by 0.203ns

 Physical Path Details:

      Data path clockDivider_0/SLICE_67 to clockDivider_0/SLICE_81:

   Name    Fanout   Delay (ns)          Site               Resource
REG_DEL     ---     0.139    R66C66A.CLK to     R66C66A.Q0 clockDivider_0/SLICE_67 (from serial_clk_c)
ROUTE         2     0.115     R66C66A.Q0 to     R66C66C.CE clockDivider_0/lockCounter_7 (to serial_clk_c)
                  --------
                    0.254   (54.7% logic, 45.3% route), 1 logic levels.

 Clock Skew Details: 

      Source Clock Path my_instance_2/PLLInst_0 to clockDivider_0/SLICE_67:

   Name    Fanout   Delay (ns)          Site               Resource
ROUTE        38     0.680  PLL_BL0.CLKOP to    R66C66A.CLK serial_clk_c
                  --------
                    0.680   (0.0% logic, 100.0% route), 0 logic levels.

      Destination Clock Path my_instance_2/PLLInst_0 to clockDivider_0/SLICE_81:

   Name    Fanout   Delay (ns)          Site               Resource
ROUTE        38     0.680  PLL_BL0.CLKOP to    R66C66C.CLK serial_clk_c
                  --------
                    0.680   (0.0% logic, 100.0% route), 0 logic levels.


Passed: The following path meets requirements by 0.204ns

 Logical Details:  Cell type  Pin type       Cell/ASIC name  (clock net +/-)

   Source:         FF         Q              IQSerializer_1/current_state_FSM_i3  (from serial_clk_c -)
   Destination:    FF         Data in        IQSerializer_1/current_state_FSM_i2  (to serial_clk_c -)

   Delay:               0.304ns  (63.8% logic, 36.2% route), 2 logic levels.

 Constraint Details:

      0.304ns physical path delay IQSerializer_1/SLICE_76 to IQSerializer_1/SLICE_76 meets
      0.100ns DIN_HLD and
      0.000ns delay constraint less
      0.000ns skew requirement (totaling 0.100ns) by 0.204ns

 Physical Path Details:

      Data path IQSerializer_1/SLICE_76 to IQSerializer_1/SLICE_76:

   Name    Fanout   Delay (ns)          Site               Resource
REG_DEL     ---     0.130    R42C56C.CLK to     R42C56C.Q0 IQSerializer_1/SLICE_76 (from serial_clk_c)
ROUTE         3     0.110     R42C56C.Q0 to     R42C56C.D1 IQSerializer_1/next_state_3__N_376
CTOF_DEL    ---     0.064     R42C56C.D1 to     R42C56C.F1 IQSerializer_1/SLICE_76
ROUTE         1     0.000     R42C56C.F1 to    R42C56C.DI1 IQSerializer_1/n1965 (to serial_clk_c)
                  --------
                    0.304   (63.8% logic, 36.2% route), 2 logic levels.

 Clock Skew Details: 

      Source Clock Path my_instance_2/PLLInst_0 to IQSerializer_1/SLICE_76:

   Name    Fanout   Delay (ns)          Site               Resource
ROUTE        38     0.680  PLL_BL0.CLKOP to    R42C56C.CLK serial_clk_c
                  --------
                    0.680   (0.0% logic, 100.0% route), 0 logic levels.

      Destination Clock Path my_instance_2/PLLInst_0 to IQSerializer_1/SLICE_76:

   Name    Fanout   Delay (ns)          Site               Resource
ROUTE        38     0.680  PLL_BL0.CLKOP to    R42C56C.CLK serial_clk_c
                  --------
                    0.680   (0.0% logic, 100.0% route), 0 logic levels.


Passed: The following path meets requirements by 0.210ns

 Logical Details:  Cell type  Pin type       Cell/ASIC name  (clock net +/-)

   Source:         FF         Q              IQSerializer_1/QCounter_413__i2  (from serial_clk_c -)
   Destination:    FF         Data in        IQSerializer_1/QCounter_413__i3  (to serial_clk_c -)

   Delay:               0.310ns  (62.3% logic, 37.7% route), 2 logic levels.

 Constraint Details:

      0.310ns physical path delay SLICE_80 to IQSerializer_1/SLICE_74 meets
      0.100ns DIN_HLD and
      0.000ns delay constraint less
      0.000ns skew requirement (totaling 0.100ns) by 0.210ns

 Physical Path Details:

      Data path SLICE_80 to IQSerializer_1/SLICE_74:

   Name    Fanout   Delay (ns)          Site               Resource
REG_DEL     ---     0.129    R44C57B.CLK to     R44C57B.Q1 SLICE_80 (from serial_clk_c)
ROUTE         7     0.117     R44C57B.Q1 to     R44C57D.D0 QCounter_2
CTOF_DEL    ---     0.064     R44C57D.D0 to     R44C57D.F0 IQSerializer_1/SLICE_74
ROUTE         1     0.000     R44C57D.F0 to    R44C57D.DI0 IQSerializer_1/n22 (to serial_clk_c)
                  --------
                    0.310   (62.3% logic, 37.7% route), 2 logic levels.

 Clock Skew Details: 

      Source Clock Path my_instance_2/PLLInst_0 to SLICE_80:

   Name    Fanout   Delay (ns)          Site               Resource
ROUTE        38     0.680  PLL_BL0.CLKOP to    R44C57B.CLK serial_clk_c
                  --------
                    0.680   (0.0% logic, 100.0% route), 0 logic levels.

      Destination Clock Path my_instance_2/PLLInst_0 to IQSerializer_1/SLICE_74:

   Name    Fanout   Delay (ns)          Site               Resource
ROUTE        38     0.680  PLL_BL0.CLKOP to    R44C57D.CLK serial_clk_c
                  --------
                    0.680   (0.0% logic, 100.0% route), 0 logic levels.


Passed: The following path meets requirements by 0.211ns

 Logical Details:  Cell type  Pin type       Cell/ASIC name  (clock net +/-)

   Source:         FF         Q              IQSerializer_1/ICounter_411__i2  (from serial_clk_c -)
   Destination:    FF         Data in        IQSerializer_1/current_state_FSM_i1  (to serial_clk_c -)

   Delay:               0.311ns  (62.1% logic, 37.9% route), 2 logic levels.

 Constraint Details:

      0.311ns physical path delay SLICE_70 to IQSerializer_1/SLICE_77 meets
      0.100ns DIN_HLD and
      0.000ns delay constraint less
      0.000ns skew requirement (totaling 0.100ns) by 0.211ns

 Physical Path Details:

      Data path SLICE_70 to IQSerializer_1/SLICE_77:

   Name    Fanout   Delay (ns)          Site               Resource
REG_DEL     ---     0.129    R42C57C.CLK to     R42C57C.Q1 SLICE_70 (from serial_clk_c)
ROUTE         7     0.118     R42C57C.Q1 to     R42C57D.D0 ICounter_2
CTOF_DEL    ---     0.064     R42C57D.D0 to     R42C57D.F0 IQSerializer_1/SLICE_77
ROUTE         1     0.000     R42C57D.F0 to    R42C57D.DI0 IQSerializer_1/n357 (to serial_clk_c)
                  --------
                    0.311   (62.1% logic, 37.9% route), 2 logic levels.

 Clock Skew Details: 

      Source Clock Path my_instance_2/PLLInst_0 to SLICE_70:

   Name    Fanout   Delay (ns)          Site               Resource
ROUTE        38     0.680  PLL_BL0.CLKOP to    R42C57C.CLK serial_clk_c
                  --------
                    0.680   (0.0% logic, 100.0% route), 0 logic levels.

      Destination Clock Path my_instance_2/PLLInst_0 to IQSerializer_1/SLICE_77:

   Name    Fanout   Delay (ns)          Site               Resource
ROUTE        38     0.680  PLL_BL0.CLKOP to    R42C57D.CLK serial_clk_c
                  --------
                    0.680   (0.0% logic, 100.0% route), 0 logic levels.


Passed: The following path meets requirements by 0.216ns

 Logical Details:  Cell type  Pin type       Cell/ASIC name  (clock net +/-)

   Source:         FF         Q              IQSerializer_1/current_state_FSM_i3  (from serial_clk_c -)
   Destination:    FF         Data in        IQSerializer_1/DEDFF_0/neg_edge_15  (to serial_clk_c -)

   Delay:               0.316ns  (61.4% logic, 38.6% route), 2 logic levels.

 Constraint Details:

      0.316ns physical path delay IQSerializer_1/SLICE_76 to IQSerializer_1/SLICE_72 meets
      0.100ns DIN_HLD and
      0.000ns delay constraint less
      0.000ns skew requirement (totaling 0.100ns) by 0.216ns

 Physical Path Details:

      Data path IQSerializer_1/SLICE_76 to IQSerializer_1/SLICE_72:

   Name    Fanout   Delay (ns)          Site               Resource
REG_DEL     ---     0.130    R42C56C.CLK to     R42C56C.Q0 IQSerializer_1/SLICE_76 (from serial_clk_c)
ROUTE         3     0.122     R42C56C.Q0 to     R43C56D.D0 IQSerializer_1/next_state_3__N_376
CTOF_DEL    ---     0.064     R43C56D.D0 to     R43C56D.F0 IQSerializer_1/SLICE_72
ROUTE         1     0.000     R43C56D.F0 to    R43C56D.DI0 IQSerializer_1/DEDFF_0/Q2 (to serial_clk_c)
                  --------
                    0.316   (61.4% logic, 38.6% route), 2 logic levels.

 Clock Skew Details: 

      Source Clock Path my_instance_2/PLLInst_0 to IQSerializer_1/SLICE_76:

   Name    Fanout   Delay (ns)          Site               Resource
ROUTE        38     0.680  PLL_BL0.CLKOP to    R42C56C.CLK serial_clk_c
                  --------
                    0.680   (0.0% logic, 100.0% route), 0 logic levels.

      Destination Clock Path my_instance_2/PLLInst_0 to IQSerializer_1/SLICE_72:

   Name    Fanout   Delay (ns)          Site               Resource
ROUTE        38     0.680  PLL_BL0.CLKOP to    R43C56D.CLK serial_clk_c
                  --------
                    0.680   (0.0% logic, 100.0% route), 0 logic levels.


================================================================================
Preference: FREQUENCY NET "top_clk_c" 12.000000 MHz ;
            0 items scored, 0 timing errors detected.
--------------------------------------------------------------------------------


================================================================================
Preference: FREQUENCY NET "pll_clko_1" 24.000000 MHz ;
            0 items scored, 0 timing errors detected.
--------------------------------------------------------------------------------

Report Summary
--------------
----------------------------------------------------------------------------
Preference(MIN Delays)                  |   Constraint|       Actual|Levels
----------------------------------------------------------------------------
                                        |             |             |
FREQUENCY NET "serial_clk_c" 64.000000  |             |             |
MHz ;                                   |     0.000 ns|     0.146 ns|   2  
                                        |             |             |
FREQUENCY NET "top_clk_c" 12.000000 MHz |             |             |
;                                       |            -|            -|   0  
                                        |             |             |
FREQUENCY NET "pll_clko_1" 24.000000    |             |             |
MHz ;                                   |            -|            -|   0  
                                        |             |             |
----------------------------------------------------------------------------


All preferences were met.


Clock Domains Analysis
------------------------

Found 4 clocks:

Clock Domain: top_clk_c   Source: top_clk.PAD   Loads: 1
   No transfer within this clock domain is found

Clock Domain: serial_clk_c   Source: my_instance_2/PLLInst_0.CLKOP   Loads: 38
   Covered under: FREQUENCY NET "serial_clk_c" 64.000000 MHz ;

   Data transfers from:
   Clock Domain: clockDivider_clk_4M   Source: clockDivider_0/SLICE_82.Q0
      Covered under: FREQUENCY NET "serial_clk_c" 64.000000 MHz ;   Transfers: 20

Clock Domain: pll_clko_1   Source: my_instance_1/PLLInst_0.CLKOP   Loads: 2
   No transfer within this clock domain is found

Clock Domain: clockDivider_clk_4M   Source: clockDivider_0/SLICE_82.Q0   Loads: 48
   No transfer within this clock domain is found


Timing summary (Hold):
---------------

Timing errors: 0  Score: 0
Cumulative negative slack: 0

Constraints cover 580 paths, 3 nets, and 346 connections (36.50% coverage)



Timing summary (Setup and Hold):
---------------

Timing errors: 0 (setup), 0 (hold)
Score: 0 (setup), 0 (hold)
Cumulative negative slack: 0 (0+0)
--------------------------------------------------------------------------------

--------------------------------------------------------------------------------

