
Copyright (C) 1994-2023 Synopsys, Inc.
This Synopsys software and all associated documentation are proprietary to Synopsys, Inc.
and may only be used pursuant to the terms and conditions of a written license agreement
with Synopsys, Inc. All other use, reproduction, modification, or distribution of the
Synopsys software or the associated documentation is strictly prohibited.
Tool: Synplify Pro (R)
Build: V-2023.09L-2
Install: C:\lscc\diamond\3.14\synpbase
OS: Windows 10 or later
Hostname: SNA-KEPLER

Implementation : syn_tmp

# Written on Sun Jan 11 15:19:51 2026

##### DESIGN INFO #######################################################

Top View:                "rcosfilter_m"
Constraint File(s):      (none)




##### SUMMARY ############################################################

Found 0 issues in 0 out of 0 constraints


##### DETAILS ############################################################



Clock Relationships
*******************

Starting     Ending     |     rise to rise     |     fall to fall     |     rise to fall     |     fall to rise                     
-----------------------------------------------------------------------------------------------------------------------------------
===================================================================================================================================
 Note: 'No paths' indicates there are no paths in the design for that pair of clock edges.
       'Diff grp' indicates that paths exist but the starting clock and ending clock are in different clock groups.


Unconstrained Start/End Points
******************************

p:clk
p:din[0]
p:din[1]
p:din[2]
p:din[3]
p:dout[0]
p:dout[1]
p:dout[2]
p:dout[3]
p:dout[4]
p:dout[5]
p:dout[6]
p:dout[7]
p:dout[8]
p:dout[9]
p:dout[10]
p:dout[11]
p:dout[12]
p:dout[13]
p:inpvalid
p:outvalid
p:rfi
p:rstn


Inapplicable constraints
************************

(none)


Applicable constraints with issues
**********************************

(none)


Constraints with matching wildcard expressions
**********************************************

(none)


Library Report
**************


# End of Constraint Checker Report
