<?xml version="1.0" encoding="ISO-8859-1" ?>
<link_info>
   <banner>TI ARM Linker PC v20.2.7.LTS</banner>
   <copyright>Copyright (c) 1996-2018 Texas Instruments Incorporated</copyright>
   <link_time>0x69611d5c</link_time>
   <link_errors>0x0</link_errors>
   <output_file>SDR_research.out</output_file>
   <entry_point>
      <name>_c_int00_noargs</name>
      <address>0x36b5</address>
   </entry_point>
   <input_file_list>
      <input_file id="fl-2">
         <path>.\</path>
         <kind>object</kind>
         <file>at86rf215.obj</file>
         <name>at86rf215.obj</name>
      </input_file>
      <input_file id="fl-3">
         <path>.\</path>
         <kind>object</kind>
         <file>main.obj</file>
         <name>main.obj</name>
      </input_file>
      <input_file id="fl-4">
         <path>.\</path>
         <kind>object</kind>
         <file>spi_helper.obj</file>
         <name>spi_helper.obj</name>
      </input_file>
      <input_file id="fl-5">
         <path>.\</path>
         <kind>object</kind>
         <file>system_msp432p401r.obj</file>
         <name>system_msp432p401r.obj</name>
      </input_file>
      <input_file id="fl-6">
         <path>.\ccs\</path>
         <kind>object</kind>
         <file>startup_msp432p401r_ccs.obj</file>
         <name>startup_msp432p401r_ccs.obj</name>
      </input_file>
      <input_file id="fl-10">
         <kind>object</kind>
         <file>&lt;internal&gt;</file>
         <name>&lt;internal&gt;</name>
      </input_file>
      <input_file id="fl-11">
         <path>C:\ti\simplelink_msp432p4_sdk_3_40_01_02\source\ti\devices\msp432p4xx\driverlib\ccs\</path>
         <kind>archive</kind>
         <file>msp432p4xx_driverlib.lib</file>
         <name>gpio.o</name>
      </input_file>
      <input_file id="fl-12">
         <path>C:\ti\simplelink_msp432p4_sdk_3_40_01_02\source\ti\devices\msp432p4xx\driverlib\ccs\</path>
         <kind>archive</kind>
         <file>msp432p4xx_driverlib.lib</file>
         <name>interrupt.o</name>
      </input_file>
      <input_file id="fl-13">
         <path>C:\ti\simplelink_msp432p4_sdk_3_40_01_02\source\ti\devices\msp432p4xx\driverlib\ccs\</path>
         <kind>archive</kind>
         <file>msp432p4xx_driverlib.lib</file>
         <name>pcm.o</name>
      </input_file>
      <input_file id="fl-14">
         <path>C:\ti\simplelink_msp432p4_sdk_3_40_01_02\source\ti\devices\msp432p4xx\driverlib\ccs\</path>
         <kind>archive</kind>
         <file>msp432p4xx_driverlib.lib</file>
         <name>rtc_c.o</name>
      </input_file>
      <input_file id="fl-15">
         <path>C:\ti\simplelink_msp432p4_sdk_3_40_01_02\source\ti\devices\msp432p4xx\driverlib\ccs\</path>
         <kind>archive</kind>
         <file>msp432p4xx_driverlib.lib</file>
         <name>spi.o</name>
      </input_file>
      <input_file id="fl-16">
         <path>C:\ti\simplelink_msp432p4_sdk_3_40_01_02\source\ti\devices\msp432p4xx\driverlib\ccs\</path>
         <kind>archive</kind>
         <file>msp432p4xx_driverlib.lib</file>
         <name>wdt_a.o</name>
      </input_file>
      <input_file id="fl-17">
         <path>C:\ti\simplelink_msp432p4_sdk_3_40_01_02\source\ti\devices\msp432p4xx\driverlib\ccs\</path>
         <kind>archive</kind>
         <file>msp432p4xx_driverlib.lib</file>
         <name>cpu.o</name>
      </input_file>
      <input_file id="fl-18">
         <path>C:\ti\simplelink_msp432p4_sdk_3_40_01_02\source\ti\devices\msp432p4xx\driverlib\ccs\</path>
         <kind>archive</kind>
         <file>msp432p4xx_driverlib.lib</file>
         <name>sysctl_a.o</name>
      </input_file>
      <input_file id="fl-ce">
         <path>C:\ti\ccs1281\ccs\tools\compiler\ti-cgt-arm_20.2.7.LTS\lib\</path>
         <kind>archive</kind>
         <file>rtsv7M4_T_le_v4SPD16_eabi.lib</file>
         <name>printf.c.obj</name>
      </input_file>
      <input_file id="fl-cf">
         <path>C:\ti\ccs1281\ccs\tools\compiler\ti-cgt-arm_20.2.7.LTS\lib\</path>
         <kind>archive</kind>
         <file>rtsv7M4_T_le_v4SPD16_eabi.lib</file>
         <name>_printfi.c.obj</name>
      </input_file>
      <input_file id="fl-d0">
         <path>C:\ti\ccs1281\ccs\tools\compiler\ti-cgt-arm_20.2.7.LTS\lib\</path>
         <kind>archive</kind>
         <file>rtsv7M4_T_le_v4SPD16_eabi.lib</file>
         <name>fflush.c.obj</name>
      </input_file>
      <input_file id="fl-d1">
         <path>C:\ti\ccs1281\ccs\tools\compiler\ti-cgt-arm_20.2.7.LTS\lib\</path>
         <kind>archive</kind>
         <file>rtsv7M4_T_le_v4SPD16_eabi.lib</file>
         <name>fputc.c.obj</name>
      </input_file>
      <input_file id="fl-d2">
         <path>C:\ti\ccs1281\ccs\tools\compiler\ti-cgt-arm_20.2.7.LTS\lib\</path>
         <kind>archive</kind>
         <file>rtsv7M4_T_le_v4SPD16_eabi.lib</file>
         <name>fputs.c.obj</name>
      </input_file>
      <input_file id="fl-d3">
         <path>C:\ti\ccs1281\ccs\tools\compiler\ti-cgt-arm_20.2.7.LTS\lib\</path>
         <kind>archive</kind>
         <file>rtsv7M4_T_le_v4SPD16_eabi.lib</file>
         <name>_io_perm.c.obj</name>
      </input_file>
      <input_file id="fl-d4">
         <path>C:\ti\ccs1281\ccs\tools\compiler\ti-cgt-arm_20.2.7.LTS\lib\</path>
         <kind>archive</kind>
         <file>rtsv7M4_T_le_v4SPD16_eabi.lib</file>
         <name>setvbuf.c.obj</name>
      </input_file>
      <input_file id="fl-d5">
         <path>C:\ti\ccs1281\ccs\tools\compiler\ti-cgt-arm_20.2.7.LTS\lib\</path>
         <kind>archive</kind>
         <file>rtsv7M4_T_le_v4SPD16_eabi.lib</file>
         <name>fd_add_t2.asm.obj</name>
      </input_file>
      <input_file id="fl-d6">
         <path>C:\ti\ccs1281\ccs\tools\compiler\ti-cgt-arm_20.2.7.LTS\lib\</path>
         <kind>archive</kind>
         <file>rtsv7M4_T_le_v4SPD16_eabi.lib</file>
         <name>fd_cmp_t2.asm.obj</name>
      </input_file>
      <input_file id="fl-d7">
         <path>C:\ti\ccs1281\ccs\tools\compiler\ti-cgt-arm_20.2.7.LTS\lib\</path>
         <kind>archive</kind>
         <file>rtsv7M4_T_le_v4SPD16_eabi.lib</file>
         <name>fd_div_t2.asm.obj</name>
      </input_file>
      <input_file id="fl-d8">
         <path>C:\ti\ccs1281\ccs\tools\compiler\ti-cgt-arm_20.2.7.LTS\lib\</path>
         <kind>archive</kind>
         <file>rtsv7M4_T_le_v4SPD16_eabi.lib</file>
         <name>fd_mul_t2.asm.obj</name>
      </input_file>
      <input_file id="fl-d9">
         <path>C:\ti\ccs1281\ccs\tools\compiler\ti-cgt-arm_20.2.7.LTS\lib\</path>
         <kind>archive</kind>
         <file>rtsv7M4_T_le_v4SPD16_eabi.lib</file>
         <name>fd_toi_t2.asm.obj</name>
      </input_file>
      <input_file id="fl-da">
         <path>C:\ti\ccs1281\ccs\tools\compiler\ti-cgt-arm_20.2.7.LTS\lib\</path>
         <kind>archive</kind>
         <file>rtsv7M4_T_le_v4SPD16_eabi.lib</file>
         <name>fd_tou_t2.asm.obj</name>
      </input_file>
      <input_file id="fl-db">
         <path>C:\ti\ccs1281\ccs\tools\compiler\ti-cgt-arm_20.2.7.LTS\lib\</path>
         <kind>archive</kind>
         <file>rtsv7M4_T_le_v4SPD16_eabi.lib</file>
         <name>i_tofd_t2.asm.obj</name>
      </input_file>
      <input_file id="fl-dc">
         <path>C:\ti\ccs1281\ccs\tools\compiler\ti-cgt-arm_20.2.7.LTS\lib\</path>
         <kind>archive</kind>
         <file>rtsv7M4_T_le_v4SPD16_eabi.lib</file>
         <name>memcpy_t2.asm.obj</name>
      </input_file>
      <input_file id="fl-dd">
         <path>C:\ti\ccs1281\ccs\tools\compiler\ti-cgt-arm_20.2.7.LTS\lib\</path>
         <kind>archive</kind>
         <file>rtsv7M4_T_le_v4SPD16_eabi.lib</file>
         <name>u_tofd_t2.asm.obj</name>
      </input_file>
      <input_file id="fl-de">
         <path>C:\ti\ccs1281\ccs\tools\compiler\ti-cgt-arm_20.2.7.LTS\lib\</path>
         <kind>archive</kind>
         <file>rtsv7M4_T_le_v4SPD16_eabi.lib</file>
         <name>memset_t2.asm.obj</name>
      </input_file>
      <input_file id="fl-df">
         <path>C:\ti\ccs1281\ccs\tools\compiler\ti-cgt-arm_20.2.7.LTS\lib\</path>
         <kind>archive</kind>
         <file>rtsv7M4_T_le_v4SPD16_eabi.lib</file>
         <name>ull_div_t2.asm.obj</name>
      </input_file>
      <input_file id="fl-e0">
         <path>C:\ti\ccs1281\ccs\tools\compiler\ti-cgt-arm_20.2.7.LTS\lib\</path>
         <kind>archive</kind>
         <file>rtsv7M4_T_le_v4SPD16_eabi.lib</file>
         <name>copy_zero_init.c.obj</name>
      </input_file>
      <input_file id="fl-e1">
         <path>C:\ti\ccs1281\ccs\tools\compiler\ti-cgt-arm_20.2.7.LTS\lib\</path>
         <kind>archive</kind>
         <file>rtsv7M4_T_le_v4SPD16_eabi.lib</file>
         <name>copy_decompress_none.c.obj</name>
      </input_file>
      <input_file id="fl-e2">
         <path>C:\ti\ccs1281\ccs\tools\compiler\ti-cgt-arm_20.2.7.LTS\lib\</path>
         <kind>archive</kind>
         <file>rtsv7M4_T_le_v4SPD16_eabi.lib</file>
         <name>copy_decompress_lzss.c.obj</name>
      </input_file>
      <input_file id="fl-e3">
         <path>C:\ti\ccs1281\ccs\tools\compiler\ti-cgt-arm_20.2.7.LTS\lib\</path>
         <kind>archive</kind>
         <file>rtsv7M4_T_le_v4SPD16_eabi.lib</file>
         <name>exit.c.obj</name>
      </input_file>
      <input_file id="fl-e4">
         <path>C:\ti\ccs1281\ccs\tools\compiler\ti-cgt-arm_20.2.7.LTS\lib\</path>
         <kind>archive</kind>
         <file>rtsv7M4_T_le_v4SPD16_eabi.lib</file>
         <name>_lock.c.obj</name>
      </input_file>
      <input_file id="fl-e5">
         <path>C:\ti\ccs1281\ccs\tools\compiler\ti-cgt-arm_20.2.7.LTS\lib\</path>
         <kind>archive</kind>
         <file>rtsv7M4_T_le_v4SPD16_eabi.lib</file>
         <name>_ltoa.c.obj</name>
      </input_file>
      <input_file id="fl-e6">
         <path>C:\ti\ccs1281\ccs\tools\compiler\ti-cgt-arm_20.2.7.LTS\lib\</path>
         <kind>archive</kind>
         <file>rtsv7M4_T_le_v4SPD16_eabi.lib</file>
         <name>atoi.c.obj</name>
      </input_file>
      <input_file id="fl-e7">
         <path>C:\ti\ccs1281\ccs\tools\compiler\ti-cgt-arm_20.2.7.LTS\lib\</path>
         <kind>archive</kind>
         <file>rtsv7M4_T_le_v4SPD16_eabi.lib</file>
         <name>ctype.c.obj</name>
      </input_file>
      <input_file id="fl-e8">
         <path>C:\ti\ccs1281\ccs\tools\compiler\ti-cgt-arm_20.2.7.LTS\lib\</path>
         <kind>archive</kind>
         <file>rtsv7M4_T_le_v4SPD16_eabi.lib</file>
         <name>defs.c.obj</name>
      </input_file>
      <input_file id="fl-e9">
         <path>C:\ti\ccs1281\ccs\tools\compiler\ti-cgt-arm_20.2.7.LTS\lib\</path>
         <kind>archive</kind>
         <file>rtsv7M4_T_le_v4SPD16_eabi.lib</file>
         <name>memccpy.c.obj</name>
      </input_file>
      <input_file id="fl-ea">
         <path>C:\ti\ccs1281\ccs\tools\compiler\ti-cgt-arm_20.2.7.LTS\lib\</path>
         <kind>archive</kind>
         <file>rtsv7M4_T_le_v4SPD16_eabi.lib</file>
         <name>memchr.c.obj</name>
      </input_file>
      <input_file id="fl-eb">
         <path>C:\ti\ccs1281\ccs\tools\compiler\ti-cgt-arm_20.2.7.LTS\lib\</path>
         <kind>archive</kind>
         <file>rtsv7M4_T_le_v4SPD16_eabi.lib</file>
         <name>memory.c.obj</name>
      </input_file>
      <input_file id="fl-ec">
         <path>C:\ti\ccs1281\ccs\tools\compiler\ti-cgt-arm_20.2.7.LTS\lib\</path>
         <kind>archive</kind>
         <file>rtsv7M4_T_le_v4SPD16_eabi.lib</file>
         <name>strchr.c.obj</name>
      </input_file>
      <input_file id="fl-ed">
         <path>C:\ti\ccs1281\ccs\tools\compiler\ti-cgt-arm_20.2.7.LTS\lib\</path>
         <kind>archive</kind>
         <file>rtsv7M4_T_le_v4SPD16_eabi.lib</file>
         <name>strlen.c.obj</name>
      </input_file>
      <input_file id="fl-ee">
         <path>C:\ti\ccs1281\ccs\tools\compiler\ti-cgt-arm_20.2.7.LTS\lib\</path>
         <kind>archive</kind>
         <file>rtsv7M4_T_le_v4SPD16_eabi.lib</file>
         <name>boot_cortex_m.c.obj</name>
      </input_file>
      <input_file id="fl-ef">
         <path>C:\ti\ccs1281\ccs\tools\compiler\ti-cgt-arm_20.2.7.LTS\lib\</path>
         <kind>archive</kind>
         <file>rtsv7M4_T_le_v4SPD16_eabi.lib</file>
         <name>write.c.obj</name>
      </input_file>
      <input_file id="fl-f0">
         <path>C:\ti\ccs1281\ccs\tools\compiler\ti-cgt-arm_20.2.7.LTS\lib\</path>
         <kind>archive</kind>
         <file>rtsv7M4_T_le_v4SPD16_eabi.lib</file>
         <name>host_device.c.obj</name>
      </input_file>
      <input_file id="fl-f1">
         <path>C:\ti\ccs1281\ccs\tools\compiler\ti-cgt-arm_20.2.7.LTS\lib\</path>
         <kind>archive</kind>
         <file>rtsv7M4_T_le_v4SPD16_eabi.lib</file>
         <name>errno.c.obj</name>
      </input_file>
      <input_file id="fl-f2">
         <path>C:\ti\ccs1281\ccs\tools\compiler\ti-cgt-arm_20.2.7.LTS\lib\</path>
         <kind>archive</kind>
         <file>rtsv7M4_T_le_v4SPD16_eabi.lib</file>
         <name>wcslen.c.obj</name>
      </input_file>
      <input_file id="fl-f3">
         <path>C:\ti\ccs1281\ccs\tools\compiler\ti-cgt-arm_20.2.7.LTS\lib\</path>
         <kind>archive</kind>
         <file>rtsv7M4_T_le_v4SPD16_eabi.lib</file>
         <name>s_frexp.c.obj</name>
      </input_file>
      <input_file id="fl-f4">
         <path>C:\ti\ccs1281\ccs\tools\compiler\ti-cgt-arm_20.2.7.LTS\lib\</path>
         <kind>archive</kind>
         <file>rtsv7M4_T_le_v4SPD16_eabi.lib</file>
         <name>s_scalbn.c.obj</name>
      </input_file>
      <input_file id="fl-f5">
         <path>C:\ti\ccs1281\ccs\tools\compiler\ti-cgt-arm_20.2.7.LTS\lib\</path>
         <kind>archive</kind>
         <file>rtsv7M4_T_le_v4SPD16_eabi.lib</file>
         <name>fopen.c.obj</name>
      </input_file>
      <input_file id="fl-f6">
         <path>C:\ti\ccs1281\ccs\tools\compiler\ti-cgt-arm_20.2.7.LTS\lib\</path>
         <kind>archive</kind>
         <file>rtsv7M4_T_le_v4SPD16_eabi.lib</file>
         <name>fseek.c.obj</name>
      </input_file>
      <input_file id="fl-f7">
         <path>C:\ti\ccs1281\ccs\tools\compiler\ti-cgt-arm_20.2.7.LTS\lib\</path>
         <kind>archive</kind>
         <file>rtsv7M4_T_le_v4SPD16_eabi.lib</file>
         <name>div0.asm.obj</name>
      </input_file>
      <input_file id="fl-f8">
         <path>C:\ti\ccs1281\ccs\tools\compiler\ti-cgt-arm_20.2.7.LTS\lib\</path>
         <kind>archive</kind>
         <file>rtsv7M4_T_le_v4SPD16_eabi.lib</file>
         <name>autoinit.c.obj</name>
      </input_file>
      <input_file id="fl-f9">
         <path>C:\ti\ccs1281\ccs\tools\compiler\ti-cgt-arm_20.2.7.LTS\lib\</path>
         <kind>archive</kind>
         <file>rtsv7M4_T_le_v4SPD16_eabi.lib</file>
         <name>pre_init.c.obj</name>
      </input_file>
      <input_file id="fl-fa">
         <path>C:\ti\ccs1281\ccs\tools\compiler\ti-cgt-arm_20.2.7.LTS\lib\</path>
         <kind>archive</kind>
         <file>rtsv7M4_T_le_v4SPD16_eabi.lib</file>
         <name>cpy_tbl.c.obj</name>
      </input_file>
      <input_file id="fl-fb">
         <path>C:\ti\ccs1281\ccs\tools\compiler\ti-cgt-arm_20.2.7.LTS\lib\</path>
         <kind>archive</kind>
         <file>rtsv7M4_T_le_v4SPD16_eabi.lib</file>
         <name>args_main.c.obj</name>
      </input_file>
      <input_file id="fl-fc">
         <path>C:\ti\ccs1281\ccs\tools\compiler\ti-cgt-arm_20.2.7.LTS\lib\</path>
         <kind>archive</kind>
         <file>rtsv7M4_T_le_v4SPD16_eabi.lib</file>
         <name>hostclose.c.obj</name>
      </input_file>
      <input_file id="fl-fd">
         <path>C:\ti\ccs1281\ccs\tools\compiler\ti-cgt-arm_20.2.7.LTS\lib\</path>
         <kind>archive</kind>
         <file>rtsv7M4_T_le_v4SPD16_eabi.lib</file>
         <name>hostlseek.c.obj</name>
      </input_file>
      <input_file id="fl-fe">
         <path>C:\ti\ccs1281\ccs\tools\compiler\ti-cgt-arm_20.2.7.LTS\lib\</path>
         <kind>archive</kind>
         <file>rtsv7M4_T_le_v4SPD16_eabi.lib</file>
         <name>hostopen.c.obj</name>
      </input_file>
      <input_file id="fl-ff">
         <path>C:\ti\ccs1281\ccs\tools\compiler\ti-cgt-arm_20.2.7.LTS\lib\</path>
         <kind>archive</kind>
         <file>rtsv7M4_T_le_v4SPD16_eabi.lib</file>
         <name>hostread.c.obj</name>
      </input_file>
      <input_file id="fl-100">
         <path>C:\ti\ccs1281\ccs\tools\compiler\ti-cgt-arm_20.2.7.LTS\lib\</path>
         <kind>archive</kind>
         <file>rtsv7M4_T_le_v4SPD16_eabi.lib</file>
         <name>hostrename.c.obj</name>
      </input_file>
      <input_file id="fl-101">
         <path>C:\ti\ccs1281\ccs\tools\compiler\ti-cgt-arm_20.2.7.LTS\lib\</path>
         <kind>archive</kind>
         <file>rtsv7M4_T_le_v4SPD16_eabi.lib</file>
         <name>hostunlink.c.obj</name>
      </input_file>
      <input_file id="fl-102">
         <path>C:\ti\ccs1281\ccs\tools\compiler\ti-cgt-arm_20.2.7.LTS\lib\</path>
         <kind>archive</kind>
         <file>rtsv7M4_T_le_v4SPD16_eabi.lib</file>
         <name>hostwrite.c.obj</name>
      </input_file>
      <input_file id="fl-103">
         <path>C:\ti\ccs1281\ccs\tools\compiler\ti-cgt-arm_20.2.7.LTS\lib\</path>
         <kind>archive</kind>
         <file>rtsv7M4_T_le_v4SPD16_eabi.lib</file>
         <name>trgmsg.c.obj</name>
      </input_file>
      <input_file id="fl-104">
         <path>C:\ti\ccs1281\ccs\tools\compiler\ti-cgt-arm_20.2.7.LTS\lib\</path>
         <kind>archive</kind>
         <file>rtsv7M4_T_le_v4SPD16_eabi.lib</file>
         <name>open.c.obj</name>
      </input_file>
      <input_file id="fl-105">
         <path>C:\ti\ccs1281\ccs\tools\compiler\ti-cgt-arm_20.2.7.LTS\lib\</path>
         <kind>archive</kind>
         <file>rtsv7M4_T_le_v4SPD16_eabi.lib</file>
         <name>lseek.c.obj</name>
      </input_file>
      <input_file id="fl-106">
         <path>C:\ti\ccs1281\ccs\tools\compiler\ti-cgt-arm_20.2.7.LTS\lib\</path>
         <kind>archive</kind>
         <file>rtsv7M4_T_le_v4SPD16_eabi.lib</file>
         <name>s_copysign.c.obj</name>
      </input_file>
      <input_file id="fl-107">
         <path>C:\ti\ccs1281\ccs\tools\compiler\ti-cgt-arm_20.2.7.LTS\lib\</path>
         <kind>archive</kind>
         <file>rtsv7M4_T_le_v4SPD16_eabi.lib</file>
         <name>fclose.c.obj</name>
      </input_file>
      <input_file id="fl-108">
         <path>C:\ti\ccs1281\ccs\tools\compiler\ti-cgt-arm_20.2.7.LTS\lib\</path>
         <kind>archive</kind>
         <file>rtsv7M4_T_le_v4SPD16_eabi.lib</file>
         <name>getdevice.c.obj</name>
      </input_file>
      <input_file id="fl-109">
         <path>C:\ti\ccs1281\ccs\tools\compiler\ti-cgt-arm_20.2.7.LTS\lib\</path>
         <kind>archive</kind>
         <file>rtsv7M4_T_le_v4SPD16_eabi.lib</file>
         <name>strcmp.c.obj</name>
      </input_file>
      <input_file id="fl-10a">
         <path>C:\ti\ccs1281\ccs\tools\compiler\ti-cgt-arm_20.2.7.LTS\lib\</path>
         <kind>archive</kind>
         <file>rtsv7M4_T_le_v4SPD16_eabi.lib</file>
         <name>strcpy.c.obj</name>
      </input_file>
      <input_file id="fl-10b">
         <path>C:\ti\ccs1281\ccs\tools\compiler\ti-cgt-arm_20.2.7.LTS\lib\</path>
         <kind>archive</kind>
         <file>rtsv7M4_T_le_v4SPD16_eabi.lib</file>
         <name>strncpy.c.obj</name>
      </input_file>
      <input_file id="fl-10c">
         <path>C:\ti\ccs1281\ccs\tools\compiler\ti-cgt-arm_20.2.7.LTS\lib\</path>
         <kind>archive</kind>
         <file>rtsv7M4_T_le_v4SPD16_eabi.lib</file>
         <name>remove.c.obj</name>
      </input_file>
      <input_file id="fl-10d">
         <path>C:\ti\ccs1281\ccs\tools\compiler\ti-cgt-arm_20.2.7.LTS\lib\</path>
         <kind>archive</kind>
         <file>rtsv7M4_T_le_v4SPD16_eabi.lib</file>
         <name>close.c.obj</name>
      </input_file>
      <input_file id="fl-10e">
         <path>C:\ti\ccs1281\ccs\tools\compiler\ti-cgt-arm_20.2.7.LTS\lib\</path>
         <kind>archive</kind>
         <file>rtsv7M4_T_le_v4SPD16_eabi.lib</file>
         <name>unlink.c.obj</name>
      </input_file>
   </input_file_list>
   <object_component_list>
      <object_component id="oc-26">
         <name>.intvecs:retain</name>
         <load_address>0x0</load_address>
         <run_address>0x0</run_address>
         <size>0xe4</size>
         <input_file_ref idref="fl-6"/>
      </object_component>
      <object_component id="oc-20a">
         <name>.text:__TI_printfi</name>
         <load_address>0xe4</load_address>
         <run_address>0xe4</run_address>
         <size>0xa4e</size>
         <input_file_ref idref="fl-cf"/>
      </object_component>
      <object_component id="oc-70">
         <name>.text:Default_Handler</name>
         <load_address>0xb32</load_address>
         <run_address>0xb32</run_address>
         <size>0x2</size>
         <input_file_ref idref="fl-6"/>
      </object_component>
      <object_component id="oc-308">
         <name>.text:_pconv_a</name>
         <load_address>0xb34</load_address>
         <run_address>0xb34</run_address>
         <size>0x270</size>
         <input_file_ref idref="fl-cf"/>
      </object_component>
      <object_component id="oc-a6">
         <name>.text:main</name>
         <load_address>0xda4</load_address>
         <run_address>0xda4</run_address>
         <size>0x224</size>
         <input_file_ref idref="fl-3"/>
      </object_component>
      <object_component id="oc-2f6">
         <name>.text:_pconv_g</name>
         <load_address>0xfc8</load_address>
         <run_address>0xfc8</run_address>
         <size>0x1d0</size>
         <input_file_ref idref="fl-cf"/>
      </object_component>
      <object_component id="oc-23d">
         <name>.text:AT86RF215SetChannel</name>
         <load_address>0x1198</load_address>
         <run_address>0x1198</run_address>
         <size>0x1c0</size>
         <input_file_ref idref="fl-2"/>
      </object_component>
      <object_component id="oc-3c7">
         <name>.text</name>
         <load_address>0x1358</load_address>
         <run_address>0x1358</run_address>
         <size>0x1b6</size>
         <input_file_ref idref="fl-d5"/>
      </object_component>
      <object_component id="oc-32c">
         <name>.text:_nop</name>
         <load_address>0x150e</load_address>
         <run_address>0x150e</run_address>
         <size>0x2</size>
         <input_file_ref idref="fl-e4"/>
      </object_component>
      <object_component id="oc-302">
         <name>.text:_pconv_e</name>
         <load_address>0x1510</load_address>
         <run_address>0x1510</run_address>
         <size>0x13c</size>
         <input_file_ref idref="fl-cf"/>
      </object_component>
      <object_component id="oc-35d">
         <name>.text</name>
         <load_address>0x164c</load_address>
         <run_address>0x164c</run_address>
         <size>0x136</size>
         <input_file_ref idref="fl-d7"/>
      </object_component>
      <object_component id="oc-45a">
         <name>.text</name>
         <load_address>0x1782</load_address>
         <run_address>0x1782</run_address>
         <size>0x2</size>
         <input_file_ref idref="fl-f7"/>
      </object_component>
      <object_component id="oc-3d9">
         <name>.text:fcvt</name>
         <load_address>0x1784</load_address>
         <run_address>0x1784</run_address>
         <size>0x124</size>
         <input_file_ref idref="fl-cf"/>
      </object_component>
      <object_component id="oc-33a">
         <name>.text:fputs</name>
         <load_address>0x18a8</load_address>
         <run_address>0x18a8</run_address>
         <size>0x114</size>
         <input_file_ref idref="fl-d2"/>
      </object_component>
      <object_component id="oc-3ed">
         <name>.text:scalbn</name>
         <load_address>0x19bc</load_address>
         <run_address>0x19bc</run_address>
         <size>0x110</size>
         <input_file_ref idref="fl-f4"/>
      </object_component>
      <object_component id="oc-504">
         <name>.text:aligned_alloc</name>
         <load_address>0x1acc</load_address>
         <run_address>0x1acc</run_address>
         <size>0x100</size>
         <input_file_ref idref="fl-eb"/>
      </object_component>
      <object_component id="oc-367">
         <name>.text</name>
         <load_address>0x1bcc</load_address>
         <run_address>0x1bcc</run_address>
         <size>0xfc</size>
         <input_file_ref idref="fl-d8"/>
      </object_component>
      <object_component id="oc-4c2">
         <name>.text:free</name>
         <load_address>0x1cc8</load_address>
         <run_address>0x1cc8</run_address>
         <size>0xe4</size>
         <input_file_ref idref="fl-eb"/>
      </object_component>
      <object_component id="oc-493">
         <name>.text:setvbuf</name>
         <load_address>0x1dac</load_address>
         <run_address>0x1dac</run_address>
         <size>0xdc</size>
         <input_file_ref idref="fl-d4"/>
      </object_component>
      <object_component id="oc-13a">
         <name>.text:AT86RF215TxSetIQ</name>
         <load_address>0x1e88</load_address>
         <run_address>0x1e88</run_address>
         <size>0xd8</size>
         <input_file_ref idref="fl-2"/>
      </object_component>
      <object_component id="oc-2eb">
         <name>.text:_ltostr</name>
         <load_address>0x1f60</load_address>
         <run_address>0x1f60</run_address>
         <size>0xb1</size>
         <input_file_ref idref="fl-cf"/>
      </object_component>
      <object_component id="oc-104">
         <name>.text:SPI_initMaster</name>
         <load_address>0x2012</load_address>
         <run_address>0x2012</run_address>
         <size>0xb0</size>
         <input_file_ref idref="fl-15"/>
      </object_component>
      <object_component id="oc-255">
         <name>.text:AT86RF215TxSetSR</name>
         <load_address>0x20c4</load_address>
         <run_address>0x20c4</run_address>
         <size>0x9c</size>
         <input_file_ref idref="fl-2"/>
      </object_component>
      <object_component id="oc-3a">
         <name>.text</name>
         <load_address>0x2160</load_address>
         <run_address>0x2160</run_address>
         <size>0x9c</size>
         <input_file_ref idref="fl-dc"/>
      </object_component>
      <object_component id="oc-3ab">
         <name>.text</name>
         <load_address>0x21fc</load_address>
         <run_address>0x21fc</run_address>
         <size>0x96</size>
         <input_file_ref idref="fl-df"/>
      </object_component>
      <object_component id="oc-25b">
         <name>.text:AT86RF215TxSetCutOff</name>
         <load_address>0x2294</load_address>
         <run_address>0x2294</run_address>
         <size>0x90</size>
         <input_file_ref idref="fl-2"/>
      </object_component>
      <object_component id="oc-243">
         <name>.text:AT86RF215TxSetPAC</name>
         <load_address>0x2324</load_address>
         <run_address>0x2324</run_address>
         <size>0x90</size>
         <input_file_ref idref="fl-2"/>
      </object_component>
      <object_component id="oc-341">
         <name>.text:fputc</name>
         <load_address>0x23b4</load_address>
         <run_address>0x23b4</run_address>
         <size>0x8c</size>
         <input_file_ref idref="fl-d1"/>
      </object_component>
      <object_component id="oc-fe">
         <name>.text:GPIO_setAsPeripheralModuleFunctionInputPin</name>
         <load_address>0x2440</load_address>
         <run_address>0x2440</run_address>
         <size>0x88</size>
         <input_file_ref idref="fl-11"/>
      </object_component>
      <object_component id="oc-2f1">
         <name>.text:__aeabi_cdcmple</name>
         <load_address>0x24c8</load_address>
         <run_address>0x24c8</run_address>
         <size>0x86</size>
         <input_file_ref idref="fl-d6"/>
      </object_component>
      <object_component id="oc-3b2">
         <name>.text:__aeabi_cdrcmple</name>
         <load_address>0x254e</load_address>
         <run_address>0x254e</run_address>
         <size>0x86</size>
         <input_file_ref idref="fl-d6"/>
      </object_component>
      <object_component id="oc-249">
         <name>.text:AT86RF215TxSetPAVC</name>
         <load_address>0x25d4</load_address>
         <run_address>0x25d4</run_address>
         <size>0x84</size>
         <input_file_ref idref="fl-2"/>
      </object_component>
      <object_component id="oc-24f">
         <name>.text:AT86RF215TxSetPwr</name>
         <load_address>0x2658</load_address>
         <run_address>0x2658</run_address>
         <size>0x84</size>
         <input_file_ref idref="fl-2"/>
      </object_component>
      <object_component id="oc-116">
         <name>.text:Interrupt_enableInterrupt</name>
         <load_address>0x26dc</load_address>
         <run_address>0x26dc</run_address>
         <size>0x80</size>
         <input_file_ref idref="fl-12"/>
      </object_component>
      <object_component id="oc-f8">
         <name>.text:GpioSetInterrupt</name>
         <load_address>0x275c</load_address>
         <run_address>0x275c</run_address>
         <size>0x7c</size>
         <input_file_ref idref="fl-3"/>
      </object_component>
      <object_component id="oc-9a">
         <name>.text</name>
         <load_address>0x27d8</load_address>
         <run_address>0x27d8</run_address>
         <size>0x7a</size>
         <input_file_ref idref="fl-de"/>
      </object_component>
      <object_component id="oc-b8">
         <name>.text:SystemInit</name>
         <load_address>0x2854</load_address>
         <run_address>0x2854</run_address>
         <size>0x78</size>
         <input_file_ref idref="fl-5"/>
      </object_component>
      <object_component id="oc-350">
         <name>.text:AT86RF215WriteBuffer</name>
         <load_address>0x28cc</load_address>
         <run_address>0x28cc</run_address>
         <size>0x74</size>
         <input_file_ref idref="fl-2"/>
      </object_component>
      <object_component id="oc-50b">
         <name>.text:__TI_closefile</name>
         <load_address>0x2940</load_address>
         <run_address>0x2940</run_address>
         <size>0x74</size>
         <input_file_ref idref="fl-107"/>
      </object_component>
      <object_component id="oc-203">
         <name>.text:AT86RF215ReadBuffer</name>
         <load_address>0x29b4</load_address>
         <run_address>0x29b4</run_address>
         <size>0x72</size>
         <input_file_ref idref="fl-2"/>
      </object_component>
      <object_component id="oc-54c">
         <name>.text:split</name>
         <load_address>0x2a28</load_address>
         <run_address>0x2a28</run_address>
         <size>0x70</size>
         <input_file_ref idref="fl-eb"/>
      </object_component>
      <object_component id="oc-3d2">
         <name>.text:_mcpy</name>
         <load_address>0x2a98</load_address>
         <run_address>0x2a98</run_address>
         <size>0x6e</size>
         <input_file_ref idref="fl-cf"/>
      </object_component>
      <object_component id="oc-53b">
         <name>.text:HOSTrename</name>
         <load_address>0x2b08</load_address>
         <run_address>0x2b08</run_address>
         <size>0x6c</size>
         <input_file_ref idref="fl-100"/>
      </object_component>
      <object_component id="oc-52f">
         <name>.text:HOSTlseek</name>
         <load_address>0x2b74</load_address>
         <run_address>0x2b74</run_address>
         <size>0x68</size>
         <input_file_ref idref="fl-fd"/>
      </object_component>
      <object_component id="oc-372">
         <name>.text:bitWrite</name>
         <load_address>0x2bdc</load_address>
         <run_address>0x2bdc</run_address>
         <size>0x68</size>
         <input_file_ref idref="fl-2"/>
      </object_component>
      <object_component id="oc-17">
         <name>.text:decompress:lzss:__TI_decompress_lzss</name>
         <load_address>0x2c44</load_address>
         <run_address>0x2c44</run_address>
         <size>0x68</size>
         <input_file_ref idref="fl-e2"/>
      </object_component>
      <object_component id="oc-128">
         <name>.text:printf</name>
         <load_address>0x2cac</load_address>
         <run_address>0x2cac</run_address>
         <size>0x68</size>
         <input_file_ref idref="fl-ce"/>
      </object_component>
      <object_component id="oc-3e7">
         <name>.text:frexp</name>
         <load_address>0x2d14</load_address>
         <run_address>0x2d14</run_address>
         <size>0x64</size>
         <input_file_ref idref="fl-f3"/>
      </object_component>
      <object_component id="oc-48d">
         <name>.text:fseek</name>
         <load_address>0x2d78</load_address>
         <run_address>0x2d78</run_address>
         <size>0x64</size>
         <input_file_ref idref="fl-f6"/>
      </object_component>
      <object_component id="oc-41e">
         <name>.text:__TI_wrt_ok</name>
         <load_address>0x2ddc</load_address>
         <run_address>0x2ddc</run_address>
         <size>0x62</size>
         <input_file_ref idref="fl-d3"/>
      </object_component>
      <object_component id="oc-517">
         <name>.text:HOSTopen</name>
         <load_address>0x2e40</load_address>
         <run_address>0x2e40</run_address>
         <size>0x60</size>
         <input_file_ref idref="fl-fe"/>
      </object_component>
      <object_component id="oc-553">
         <name>.text:close</name>
         <load_address>0x2ea0</load_address>
         <run_address>0x2ea0</run_address>
         <size>0x5c</size>
         <input_file_ref idref="fl-10d"/>
      </object_component>
      <object_component id="oc-261">
         <name>.text:AT86RF215SetIRQMask</name>
         <load_address>0x2efc</load_address>
         <run_address>0x2efc</run_address>
         <size>0x58</size>
         <input_file_ref idref="fl-2"/>
      </object_component>
      <object_component id="oc-523">
         <name>.text:HOSTread</name>
         <load_address>0x2f54</load_address>
         <run_address>0x2f54</run_address>
         <size>0x58</size>
         <input_file_ref idref="fl-ff"/>
      </object_component>
      <object_component id="oc-529">
         <name>.text:HOSTwrite</name>
         <load_address>0x2fac</load_address>
         <run_address>0x2fac</run_address>
         <size>0x58</size>
         <input_file_ref idref="fl-102"/>
      </object_component>
      <object_component id="oc-2fc">
         <name>.text:_pconv_f</name>
         <load_address>0x3004</load_address>
         <run_address>0x3004</run_address>
         <size>0x56</size>
         <input_file_ref idref="fl-cf"/>
      </object_component>
      <object_component id="oc-22b">
         <name>.text:AT86RF215GetState</name>
         <load_address>0x305c</load_address>
         <run_address>0x305c</run_address>
         <size>0x54</size>
         <input_file_ref idref="fl-2"/>
      </object_component>
      <object_component id="oc-3bc">
         <name>.text:__TI_ltoa</name>
         <load_address>0x30b0</load_address>
         <run_address>0x30b0</run_address>
         <size>0x54</size>
         <input_file_ref idref="fl-e5"/>
      </object_component>
      <object_component id="oc-3cc">
         <name>.text:_ecpy</name>
         <load_address>0x3104</load_address>
         <run_address>0x3104</run_address>
         <size>0x52</size>
         <input_file_ref idref="fl-cf"/>
      </object_component>
      <object_component id="oc-76">
         <name>.text:EUSCIB0_IRQHandler</name>
         <load_address>0x3158</load_address>
         <run_address>0x3158</run_address>
         <size>0x50</size>
         <input_file_ref idref="fl-4"/>
      </object_component>
      <object_component id="oc-1a8">
         <name>.text:GPIO_setAsInputPin</name>
         <load_address>0x31a8</load_address>
         <run_address>0x31a8</run_address>
         <size>0x4c</size>
         <input_file_ref idref="fl-11"/>
      </object_component>
      <object_component id="oc-42a">
         <name>.text:__TI_doflush</name>
         <load_address>0x31f4</load_address>
         <run_address>0x31f4</run_address>
         <size>0x4c</size>
         <input_file_ref idref="fl-d0"/>
      </object_component>
      <object_component id="oc-2e5">
         <name>.text:atoi</name>
         <load_address>0x3240</load_address>
         <run_address>0x3240</run_address>
         <size>0x4c</size>
         <input_file_ref idref="fl-e6"/>
      </object_component>
      <object_component id="oc-15e">
         <name>.text:exit</name>
         <load_address>0x328c</load_address>
         <run_address>0x328c</run_address>
         <size>0x48</size>
         <input_file_ref idref="fl-e3"/>
      </object_component>
      <object_component id="oc-3b7">
         <name>.text</name>
         <load_address>0x32d4</load_address>
         <run_address>0x32d4</run_address>
         <size>0x48</size>
         <input_file_ref idref="fl-d9"/>
      </object_component>
      <object_component id="oc-51d">
         <name>.text:HOSTclose</name>
         <load_address>0x331c</load_address>
         <run_address>0x331c</run_address>
         <size>0x44</size>
         <input_file_ref idref="fl-fc"/>
      </object_component>
      <object_component id="oc-535">
         <name>.text:HOSTunlink</name>
         <load_address>0x3360</load_address>
         <run_address>0x3360</run_address>
         <size>0x44</size>
         <input_file_ref idref="fl-101"/>
      </object_component>
      <object_component id="oc-164">
         <name>.text:__TI_auto_init_nobinit_nopinit:__TI_auto_init_nobinit_nopinit</name>
         <load_address>0x33a4</load_address>
         <run_address>0x33a4</run_address>
         <size>0x44</size>
         <input_file_ref idref="fl-f8"/>
      </object_component>
      <object_component id="oc-58b">
         <name>.text:getdevice</name>
         <load_address>0x33e8</load_address>
         <run_address>0x33e8</run_address>
         <size>0x44</size>
         <input_file_ref idref="fl-108"/>
      </object_component>
      <object_component id="oc-362">
         <name>.text</name>
         <load_address>0x342c</load_address>
         <run_address>0x342c</run_address>
         <size>0x44</size>
         <input_file_ref idref="fl-da"/>
      </object_component>
      <object_component id="oc-237">
         <name>.text:AT86RF215SetRFMode</name>
         <load_address>0x3470</load_address>
         <run_address>0x3470</run_address>
         <size>0x40</size>
         <input_file_ref idref="fl-2"/>
      </object_component>
      <object_component id="oc-12e">
         <name>.text:GPIO_setAsOutputPin</name>
         <load_address>0x34b0</load_address>
         <run_address>0x34b0</run_address>
         <size>0x40</size>
         <input_file_ref idref="fl-11"/>
      </object_component>
      <object_component id="oc-1d0">
         <name>.text:is_A_Module</name>
         <load_address>0x34f0</load_address>
         <run_address>0x34f0</run_address>
         <size>0x40</size>
         <input_file_ref idref="fl-15"/>
      </object_component>
      <object_component id="oc-3df">
         <name>.text:_fcpy</name>
         <load_address>0x3530</load_address>
         <run_address>0x3530</run_address>
         <size>0x3e</size>
         <input_file_ref idref="fl-cf"/>
      </object_component>
      <object_component id="oc-564">
         <name>.text:__TI_writemsg</name>
         <load_address>0x3570</load_address>
         <run_address>0x3570</run_address>
         <size>0x38</size>
         <input_file_ref idref="fl-103"/>
      </object_component>
      <object_component id="oc-ec">
         <name>.text:gpio_init</name>
         <load_address>0x35a8</load_address>
         <run_address>0x35a8</run_address>
         <size>0x38</size>
         <input_file_ref idref="fl-3"/>
      </object_component>
      <object_component id="oc-5ad">
         <name>.text:strncpy</name>
         <load_address>0x35e0</load_address>
         <run_address>0x35e0</run_address>
         <size>0x36</size>
         <input_file_ref idref="fl-10b"/>
      </object_component>
      <object_component id="oc-f2">
         <name>.text:AT86RF215Reset</name>
         <load_address>0x3616</load_address>
         <run_address>0x3616</run_address>
         <size>0x34</size>
         <input_file_ref idref="fl-3"/>
      </object_component>
      <object_component id="oc-4ce">
         <name>.text:__TI_cleanup</name>
         <load_address>0x364c</load_address>
         <run_address>0x364c</run_address>
         <size>0x34</size>
         <input_file_ref idref="fl-f5"/>
      </object_component>
      <object_component id="oc-56a">
         <name>.text:__TI_readmsg</name>
         <load_address>0x3680</load_address>
         <run_address>0x3680</run_address>
         <size>0x34</size>
         <input_file_ref idref="fl-103"/>
      </object_component>
      <object_component id="oc-58">
         <name>.text:_c_int00_noargs:_c_int00_noargs</name>
         <load_address>0x36b4</load_address>
         <run_address>0x36b4</run_address>
         <size>0x34</size>
         <input_file_ref idref="fl-ee"/>
      </object_component>
      <object_component id="oc-5b3">
         <name>.text:finddevice</name>
         <load_address>0x36e8</load_address>
         <run_address>0x36e8</run_address>
         <size>0x30</size>
         <input_file_ref idref="fl-108"/>
      </object_component>
      <object_component id="oc-134">
         <name>.text:delay_us</name>
         <load_address>0x3718</load_address>
         <run_address>0x3718</run_address>
         <size>0x2e</size>
         <input_file_ref idref="fl-4"/>
      </object_component>
      <object_component id="oc-3c2">
         <name>.text</name>
         <load_address>0x3746</load_address>
         <run_address>0x3746</run_address>
         <size>0x2e</size>
         <input_file_ref idref="fl-db"/>
      </object_component>
      <object_component id="oc-559">
         <name>.text:unlink</name>
         <load_address>0x3774</load_address>
         <run_address>0x3774</run_address>
         <size>0x2c</size>
         <input_file_ref idref="fl-10e"/>
      </object_component>
      <object_component id="oc-146">
         <name>.text:FPGAreset</name>
         <load_address>0x37a0</load_address>
         <run_address>0x37a0</run_address>
         <size>0x28</size>
         <input_file_ref idref="fl-3"/>
      </object_component>
      <object_component id="oc-1af">
         <name>.text:GPIO_setOutputHighOnPin</name>
         <load_address>0x37c8</load_address>
         <run_address>0x37c8</run_address>
         <size>0x28</size>
         <input_file_ref idref="fl-11"/>
      </object_component>
      <object_component id="oc-1b5">
         <name>.text:GPIO_setOutputLowOnPin</name>
         <load_address>0x37f0</load_address>
         <run_address>0x37f0</run_address>
         <size>0x28</size>
         <input_file_ref idref="fl-11"/>
      </object_component>
      <object_component id="oc-39d">
         <name>.text:PCM_gotoLPM0</name>
         <load_address>0x3818</load_address>
         <run_address>0x3818</run_address>
         <size>0x28</size>
         <input_file_ref idref="fl-13"/>
      </object_component>
      <object_component id="oc-11c">
         <name>.text:SPI_getInterruptStatus</name>
         <load_address>0x3840</load_address>
         <run_address>0x3840</run_address>
         <size>0x28</size>
         <input_file_ref idref="fl-15"/>
      </object_component>
      <object_component id="oc-4fd">
         <name>.text:free_list_insert</name>
         <load_address>0x3868</load_address>
         <run_address>0x3868</run_address>
         <size>0x28</size>
         <input_file_ref idref="fl-eb"/>
      </object_component>
      <object_component id="oc-4ba">
         <name>.text:lseek</name>
         <load_address>0x3890</load_address>
         <run_address>0x3890</run_address>
         <size>0x28</size>
         <input_file_ref idref="fl-105"/>
      </object_component>
      <object_component id="oc-430">
         <name>.text:write</name>
         <load_address>0x38b8</load_address>
         <run_address>0x38b8</run_address>
         <size>0x28</size>
         <input_file_ref idref="fl-ef"/>
      </object_component>
      <object_component id="oc-110">
         <name>.text:SPI_enableInterrupt</name>
         <load_address>0x38e0</load_address>
         <run_address>0x38e0</run_address>
         <size>0x26</size>
         <input_file_ref idref="fl-15"/>
      </object_component>
      <object_component id="oc-2d8">
         <name>.text:SpiInOut_IQRadio</name>
         <load_address>0x3908</load_address>
         <run_address>0x3908</run_address>
         <size>0x24</size>
         <input_file_ref idref="fl-4"/>
      </object_component>
      <object_component id="oc-424">
         <name>.text:memchr</name>
         <load_address>0x392c</load_address>
         <run_address>0x392c</run_address>
         <size>0x20</size>
         <input_file_ref idref="fl-ea"/>
      </object_component>
      <object_component id="oc-358">
         <name>.text</name>
         <load_address>0x394c</load_address>
         <run_address>0x394c</run_address>
         <size>0x20</size>
         <input_file_ref idref="fl-dd"/>
      </object_component>
      <object_component id="oc-10a">
         <name>.text:SPI_enableModule</name>
         <load_address>0x396c</load_address>
         <run_address>0x396c</run_address>
         <size>0x1c</size>
         <input_file_ref idref="fl-15"/>
      </object_component>
      <object_component id="oc-46">
         <name>.text:decompress:ZI:__TI_zero_init_nomemset:__TI_zero_init_nomemset</name>
         <load_address>0x3988</load_address>
         <run_address>0x3988</run_address>
         <size>0x1c</size>
         <input_file_ref idref="fl-e0"/>
      </object_component>
      <object_component id="oc-4f7">
         <name>.text:free_list_remove</name>
         <load_address>0x39a4</load_address>
         <run_address>0x39a4</run_address>
         <size>0x1c</size>
         <input_file_ref idref="fl-eb"/>
      </object_component>
      <object_component id="oc-30e">
         <name>.text:memccpy</name>
         <load_address>0x39c0</load_address>
         <run_address>0x39c0</run_address>
         <size>0x1c</size>
         <input_file_ref idref="fl-e9"/>
      </object_component>
      <object_component id="oc-122">
         <name>.text:AT86RF215Read</name>
         <load_address>0x39dc</load_address>
         <run_address>0x39dc</run_address>
         <size>0x1a</size>
         <input_file_ref idref="fl-2"/>
      </object_component>
      <object_component id="oc-231">
         <name>.text:AT86RF215Write</name>
         <load_address>0x39f6</load_address>
         <run_address>0x39f6</run_address>
         <size>0x1a</size>
         <input_file_ref idref="fl-2"/>
      </object_component>
      <object_component id="oc-1e5">
         <name>.text:EUSCI_A_SPI_enableInterrupt</name>
         <load_address>0x3a10</load_address>
         <run_address>0x3a10</run_address>
         <size>0x1a</size>
         <input_file_ref idref="fl-15"/>
      </object_component>
      <object_component id="oc-1eb">
         <name>.text:EUSCI_B_SPI_enableInterrupt</name>
         <load_address>0x3a2a</load_address>
         <run_address>0x3a2a</run_address>
         <size>0x1a</size>
         <input_file_ref idref="fl-15"/>
      </object_component>
      <object_component id="oc-471">
         <name>.text:copysign</name>
         <load_address>0x3a44</load_address>
         <run_address>0x3a44</run_address>
         <size>0x1a</size>
         <input_file_ref idref="fl-106"/>
      </object_component>
      <object_component id="oc-140">
         <name>.text:AT86RF215SetState</name>
         <load_address>0x3a5e</load_address>
         <run_address>0x3a5e</run_address>
         <size>0x18</size>
         <input_file_ref idref="fl-2"/>
      </object_component>
      <object_component id="oc-1f6">
         <name>.text:EUSCI_A_SPI_getInterruptStatus</name>
         <load_address>0x3a76</load_address>
         <run_address>0x3a76</run_address>
         <size>0x18</size>
         <input_file_ref idref="fl-15"/>
      </object_component>
      <object_component id="oc-1fc">
         <name>.text:EUSCI_B_SPI_getInterruptStatus</name>
         <load_address>0x3a8e</load_address>
         <run_address>0x3a8e</run_address>
         <size>0x18</size>
         <input_file_ref idref="fl-15"/>
      </object_component>
      <object_component id="oc-5ca">
         <name>.text:strcmp</name>
         <load_address>0x3aa6</load_address>
         <run_address>0x3aa6</run_address>
         <size>0x18</size>
         <input_file_ref idref="fl-109"/>
      </object_component>
      <object_component id="oc-1d8">
         <name>.text:EUSCI_A_SPI_enable</name>
         <load_address>0x3abe</load_address>
         <run_address>0x3abe</run_address>
         <size>0x16</size>
         <input_file_ref idref="fl-15"/>
      </object_component>
      <object_component id="oc-1de">
         <name>.text:EUSCI_B_SPI_enable</name>
         <load_address>0x3ad4</load_address>
         <run_address>0x3ad4</run_address>
         <size>0x16</size>
         <input_file_ref idref="fl-15"/>
      </object_component>
      <object_component id="oc-3f3">
         <name>.text:strchr</name>
         <load_address>0x3aea</load_address>
         <run_address>0x3aea</run_address>
         <size>0x16</size>
         <input_file_ref idref="fl-ec"/>
      </object_component>
      <object_component id="oc-57e">
         <name>.text:strcpy</name>
         <load_address>0x3b00</load_address>
         <run_address>0x3b00</run_address>
         <size>0x14</size>
         <input_file_ref idref="fl-10a"/>
      </object_component>
      <object_component id="oc-2df">
         <name>.text:strlen</name>
         <load_address>0x3b14</load_address>
         <run_address>0x3b14</run_address>
         <size>0x14</size>
         <input_file_ref idref="fl-ed"/>
      </object_component>
      <object_component id="oc-314">
         <name>.text:wcslen</name>
         <load_address>0x3b28</load_address>
         <run_address>0x3b28</run_address>
         <size>0x12</size>
         <input_file_ref idref="fl-f2"/>
      </object_component>
      <object_component id="oc-1d">
         <name>.text:decompress:none:__TI_decompress_none</name>
         <load_address>0x3b3a</load_address>
         <run_address>0x3b3a</run_address>
         <size>0xe</size>
         <input_file_ref idref="fl-e1"/>
      </object_component>
      <object_component id="oc-6a">
         <name>.text:Reset_Handler</name>
         <load_address>0x3b48</load_address>
         <run_address>0x3b48</run_address>
         <size>0xc</size>
         <input_file_ref idref="fl-6"/>
      </object_component>
      <object_component id="oc-31a">
         <name>.text:__aeabi_errno_addr</name>
         <load_address>0x3b54</load_address>
         <run_address>0x3b54</run_address>
         <size>0x8</size>
         <input_file_ref idref="fl-f1"/>
      </object_component>
      <object_component id="oc-4c8">
         <name>.text:malloc</name>
         <load_address>0x3b5c</load_address>
         <run_address>0x3b5c</run_address>
         <size>0x8</size>
         <input_file_ref idref="fl-eb"/>
      </object_component>
      <object_component id="oc-44c">
         <name>.text:CPU_wfi</name>
         <load_address>0x3b64</load_address>
         <run_address>0x3b64</run_address>
         <size>0x4</size>
         <input_file_ref idref="fl-17"/>
      </object_component>
      <object_component id="oc-21c">
         <name>.text:_outc</name>
         <load_address>0x3b68</load_address>
         <run_address>0x3b68</run_address>
         <size>0x4</size>
         <input_file_ref idref="fl-ce"/>
      </object_component>
      <object_component id="oc-216">
         <name>.text:_outs</name>
         <load_address>0x3b6c</load_address>
         <run_address>0x3b6c</run_address>
         <size>0x4</size>
         <input_file_ref idref="fl-ce"/>
      </object_component>
      <object_component id="oc-a0">
         <name>.text:_system_pre_init</name>
         <load_address>0x3b70</load_address>
         <run_address>0x3b70</run_address>
         <size>0x4</size>
         <input_file_ref idref="fl-f9"/>
      </object_component>
      <object_component id="oc-158">
         <name>.text:abort:abort</name>
         <load_address>0x3b74</load_address>
         <run_address>0x3b74</run_address>
         <size>0x4</size>
         <input_file_ref idref="fl-e3"/>
      </object_component>
      <object_component id="oc-3a6">
         <name>.const:.string:_ctypes_</name>
         <load_address>0x3b78</load_address>
         <run_address>0x3b78</run_address>
         <size>0x101</size>
         <input_file_ref idref="fl-e7"/>
      </object_component>
      <object_component id="oc-1c2">
         <name>.const:GPIO_PORT_TO_BASE</name>
         <load_address>0x3c7c</load_address>
         <run_address>0x3c7c</run_address>
         <size>0x30</size>
         <input_file_ref idref="fl-11"/>
      </object_component>
      <object_component id="oc-267">
         <name>.const:$P$T5$4</name>
         <load_address>0x3cac</load_address>
         <run_address>0x3cac</run_address>
         <size>0x8</size>
         <input_file_ref idref="fl-2"/>
      </object_component>
      <object_component id="oc-1f2">
         <name>.const:g_pulEnRegs</name>
         <load_address>0x3cb4</load_address>
         <run_address>0x3cb4</run_address>
         <size>0x8</size>
         <input_file_ref idref="fl-12"/>
      </object_component>
      <object_component id="oc-60a">
         <name>.cinit..data.load</name>
         <load_address>0x3cc0</load_address>
         <run_address>0x3cc0</run_address>
         <size>0x7c</size>
      </object_component>
      <object_component id="oc-608">
         <name>__TI_handler_table</name>
         <load_address>0x3d3c</load_address>
         <run_address>0x3d3c</run_address>
         <size>0xc</size>
      </object_component>
      <object_component id="oc-60b">
         <name>.cinit..bss.load</name>
         <load_address>0x3d48</load_address>
         <run_address>0x3d48</run_address>
         <size>0x8</size>
      </object_component>
      <object_component id="oc-609">
         <name>__TI_cinit_table</name>
         <load_address>0x3d50</load_address>
         <run_address>0x3d50</run_address>
         <size>0x10</size>
      </object_component>
      <object_component id="oc-5dc">
         <name>.binit</name>
         <load_address>0x0</load_address>
         <run_address>0x0</run_address>
         <size>0x0</size>
      </object_component>
      <object_component id="oc-14c">
         <name>.data:spiMasterConfig</name>
         <load_address>0x200009b8</load_address>
         <run_address>0x200009b8</run_address>
         <size>0x1c</size>
         <input_file_ref idref="fl-3"/>
      </object_component>
      <object_component id="oc-290">
         <name>.data:$O1$$</name>
         <load_address>0x200009e4</load_address>
         <run_address>0x200009e4</run_address>
         <size>0xc</size>
         <input_file_ref idref="fl-e3"/>
      </object_component>
      <object_component id="oc-210">
         <name>.data:$O1$$</name>
         <load_address>0x200009f0</load_address>
         <run_address>0x200009f0</run_address>
         <size>0x8</size>
         <input_file_ref idref="fl-e4"/>
      </object_component>
      <object_component id="oc-213">
         <name>.data:_ftable</name>
         <load_address>0x20000800</load_address>
         <run_address>0x20000800</run_address>
         <size>0xf0</size>
         <input_file_ref idref="fl-e8"/>
      </object_component>
      <object_component id="oc-511">
         <name>.data</name>
         <load_address>0x200009d4</load_address>
         <run_address>0x200009d4</run_address>
         <size>0x10</size>
         <input_file_ref idref="fl-e8"/>
      </object_component>
      <object_component id="oc-547">
         <name>.data:$O1$$</name>
         <load_address>0x200009f8</load_address>
         <run_address>0x200009f8</run_address>
         <size>0x8</size>
         <input_file_ref idref="fl-eb"/>
      </object_component>
      <object_component id="oc-4e1">
         <name>.data:_device</name>
         <load_address>0x200008f0</load_address>
         <run_address>0x200008f0</run_address>
         <size>0x78</size>
         <input_file_ref idref="fl-f0"/>
      </object_component>
      <object_component id="oc-49f">
         <name>.data:_stream</name>
         <load_address>0x20000968</load_address>
         <run_address>0x20000968</run_address>
         <size>0x50</size>
         <input_file_ref idref="fl-f0"/>
      </object_component>
      <object_component id="oc-403">
         <name>.data</name>
         <load_address>0x20000a00</load_address>
         <run_address>0x20000a00</run_address>
         <size>0x4</size>
         <input_file_ref idref="fl-f1"/>
      </object_component>
      <object_component id="oc-595">
         <name>.bss:_CIOBUF_</name>
         <uninitialized>true</uninitialized>
         <run_address>0x20000a04</run_address>
         <size>0x120</size>
         <input_file_ref idref="fl-103"/>
      </object_component>
      <object_component id="oc-14f">
         <name>.common:modem_state</name>
         <uninitialized>true</uninitialized>
         <run_address>0x20000bcd</run_address>
         <size>0x1</size>
      </object_component>
      <object_component id="oc-c0">
         <name>.common:SPI_RXData_IQ</name>
         <uninitialized>true</uninitialized>
         <run_address>0x20000bcc</run_address>
         <size>0x1</size>
      </object_component>
      <object_component id="oc-55f">
         <name>.common:__TI_tmpnams</name>
         <uninitialized>true</uninitialized>
         <run_address>0x20000b24</run_address>
         <size>0xa0</size>
      </object_component>
      <object_component id="oc-570">
         <name>.common:parmbuf</name>
         <uninitialized>true</uninitialized>
         <run_address>0x20000bc4</run_address>
         <size>0x8</size>
      </object_component>
      <object_component id="oc-29">
         <name>.sysmem</name>
         <uninitialized>true</uninitialized>
         <run_address>0x20000000</run_address>
         <size>0x10</size>
         <input_file_ref idref="fl-eb"/>
      </object_component>
      <object_component id="oc-60e">
         <name>.sysmem</name>
         <uninitialized>true</uninitialized>
         <run_address>0x20000000</run_address>
         <size>0x0</size>
      </object_component>
      <object_component id="oc-2c">
         <name>.stack</name>
         <uninitialized>true</uninitialized>
         <run_address>0x2000fe00</run_address>
         <size>0x4</size>
         <input_file_ref idref="fl-ee"/>
      </object_component>
      <object_component id="oc-60d">
         <name>.stack</name>
         <uninitialized>true</uninitialized>
         <run_address>0x2000fe00</run_address>
         <size>0x0</size>
      </object_component>
      <object_component id="oc-150">
         <name>.debug_info</name>
         <load_address>0x0</load_address>
         <run_address>0x0</run_address>
         <size>0xa0a</size>
         <input_file_ref idref="fl-2"/>
      </object_component>
      <object_component id="oc-268">
         <name>.debug_info</name>
         <load_address>0xa0a</load_address>
         <run_address>0xa0a</run_address>
         <size>0x10c</size>
         <input_file_ref idref="fl-2"/>
      </object_component>
      <object_component id="oc-232">
         <name>.debug_info</name>
         <load_address>0xb16</load_address>
         <run_address>0xb16</run_address>
         <size>0x22a</size>
         <input_file_ref idref="fl-2"/>
      </object_component>
      <object_component id="oc-123">
         <name>.debug_info</name>
         <load_address>0xd40</load_address>
         <run_address>0xd40</run_address>
         <size>0x21a</size>
         <input_file_ref idref="fl-2"/>
      </object_component>
      <object_component id="oc-351">
         <name>.debug_info</name>
         <load_address>0xf5a</load_address>
         <run_address>0xf5a</run_address>
         <size>0x2fa</size>
         <input_file_ref idref="fl-2"/>
      </object_component>
      <object_component id="oc-204">
         <name>.debug_info</name>
         <load_address>0x1254</load_address>
         <run_address>0x1254</run_address>
         <size>0x2f8</size>
         <input_file_ref idref="fl-2"/>
      </object_component>
      <object_component id="oc-13b">
         <name>.debug_info</name>
         <load_address>0x154c</load_address>
         <run_address>0x154c</run_address>
         <size>0x3e7</size>
         <input_file_ref idref="fl-2"/>
      </object_component>
      <object_component id="oc-22c">
         <name>.debug_info</name>
         <load_address>0x1933</load_address>
         <run_address>0x1933</run_address>
         <size>0x21f</size>
         <input_file_ref idref="fl-2"/>
      </object_component>
      <object_component id="oc-141">
         <name>.debug_info</name>
         <load_address>0x1b52</load_address>
         <run_address>0x1b52</run_address>
         <size>0x20b</size>
         <input_file_ref idref="fl-2"/>
      </object_component>
      <object_component id="oc-238">
         <name>.debug_info</name>
         <load_address>0x1d5d</load_address>
         <run_address>0x1d5d</run_address>
         <size>0x23d</size>
         <input_file_ref idref="fl-2"/>
      </object_component>
      <object_component id="oc-23e">
         <name>.debug_info</name>
         <load_address>0x1f9a</load_address>
         <run_address>0x1f9a</run_address>
         <size>0x3d9</size>
         <input_file_ref idref="fl-2"/>
      </object_component>
      <object_component id="oc-244">
         <name>.debug_info</name>
         <load_address>0x2373</load_address>
         <run_address>0x2373</run_address>
         <size>0x29c</size>
         <input_file_ref idref="fl-2"/>
      </object_component>
      <object_component id="oc-24a">
         <name>.debug_info</name>
         <load_address>0x260f</load_address>
         <run_address>0x260f</run_address>
         <size>0x2a2</size>
         <input_file_ref idref="fl-2"/>
      </object_component>
      <object_component id="oc-250">
         <name>.debug_info</name>
         <load_address>0x28b1</load_address>
         <run_address>0x28b1</run_address>
         <size>0x29c</size>
         <input_file_ref idref="fl-2"/>
      </object_component>
      <object_component id="oc-25c">
         <name>.debug_info</name>
         <load_address>0x2b4d</load_address>
         <run_address>0x2b4d</run_address>
         <size>0x2b6</size>
         <input_file_ref idref="fl-2"/>
      </object_component>
      <object_component id="oc-256">
         <name>.debug_info</name>
         <load_address>0x2e03</load_address>
         <run_address>0x2e03</run_address>
         <size>0x29e</size>
         <input_file_ref idref="fl-2"/>
      </object_component>
      <object_component id="oc-262">
         <name>.debug_info</name>
         <load_address>0x30a1</load_address>
         <run_address>0x30a1</run_address>
         <size>0x251</size>
         <input_file_ref idref="fl-2"/>
      </object_component>
      <object_component id="oc-373">
         <name>.debug_info</name>
         <load_address>0x32f2</load_address>
         <run_address>0x32f2</run_address>
         <size>0x291</size>
         <input_file_ref idref="fl-2"/>
      </object_component>
      <object_component id="oc-26b">
         <name>.debug_info</name>
         <load_address>0x3583</load_address>
         <run_address>0x3583</run_address>
         <size>0x128c</size>
         <input_file_ref idref="fl-2"/>
      </object_component>
      <object_component id="oc-cb">
         <name>.debug_info</name>
         <load_address>0x480f</load_address>
         <run_address>0x480f</run_address>
         <size>0x26b</size>
         <input_file_ref idref="fl-2"/>
      </object_component>
      <object_component id="oc-28a">
         <name>.debug_info</name>
         <load_address>0x4a7a</load_address>
         <run_address>0x4a7a</run_address>
         <size>0x110</size>
         <input_file_ref idref="fl-2"/>
      </object_component>
      <object_component id="oc-19e">
         <name>.debug_info</name>
         <load_address>0x4b8a</load_address>
         <run_address>0x4b8a</run_address>
         <size>0x1028</size>
         <input_file_ref idref="fl-2"/>
      </object_component>
      <object_component id="oc-27b">
         <name>.debug_info</name>
         <load_address>0x5bb2</load_address>
         <run_address>0x5bb2</run_address>
         <size>0x37e2</size>
         <input_file_ref idref="fl-2"/>
      </object_component>
      <object_component id="oc-153">
         <name>.debug_info</name>
         <load_address>0x9394</load_address>
         <run_address>0x9394</run_address>
         <size>0x8b</size>
         <input_file_ref idref="fl-2"/>
      </object_component>
      <object_component id="oc-1a3">
         <name>.debug_info</name>
         <load_address>0x941f</load_address>
         <run_address>0x941f</run_address>
         <size>0x2a4</size>
         <input_file_ref idref="fl-2"/>
      </object_component>
      <object_component id="oc-1bd">
         <name>.debug_info</name>
         <load_address>0x96c3</load_address>
         <run_address>0x96c3</run_address>
         <size>0xef</size>
         <input_file_ref idref="fl-2"/>
      </object_component>
      <object_component id="oc-c4">
         <name>.debug_info</name>
         <load_address>0x97b2</load_address>
         <run_address>0x97b2</run_address>
         <size>0xbb</size>
         <input_file_ref idref="fl-2"/>
      </object_component>
      <object_component id="oc-280">
         <name>.debug_info</name>
         <load_address>0x986d</load_address>
         <run_address>0x986d</run_address>
         <size>0xbf</size>
         <input_file_ref idref="fl-2"/>
      </object_component>
      <object_component id="oc-224">
         <name>.debug_info</name>
         <load_address>0x992c</load_address>
         <run_address>0x992c</run_address>
         <size>0x2c</size>
         <input_file_ref idref="fl-2"/>
      </object_component>
      <object_component id="oc-274">
         <name>.debug_info</name>
         <load_address>0x9958</load_address>
         <run_address>0x9958</run_address>
         <size>0x131</size>
         <input_file_ref idref="fl-2"/>
      </object_component>
      <object_component id="oc-285">
         <name>.debug_info</name>
         <load_address>0x9a89</load_address>
         <run_address>0x9a89</run_address>
         <size>0x35</size>
         <input_file_ref idref="fl-2"/>
      </object_component>
      <object_component id="oc-2ac">
         <name>.debug_info</name>
         <load_address>0x9abe</load_address>
         <run_address>0x9abe</run_address>
         <size>0x965</size>
         <input_file_ref idref="fl-3"/>
      </object_component>
      <object_component id="oc-14d">
         <name>.debug_info</name>
         <load_address>0xa423</load_address>
         <run_address>0xa423</run_address>
         <size>0xdb</size>
         <input_file_ref idref="fl-3"/>
      </object_component>
      <object_component id="oc-ef">
         <name>.debug_info</name>
         <load_address>0xa4fe</load_address>
         <run_address>0xa4fe</run_address>
         <size>0x167</size>
         <input_file_ref idref="fl-3"/>
      </object_component>
      <object_component id="oc-a9">
         <name>.debug_info</name>
         <load_address>0xa665</load_address>
         <run_address>0xa665</run_address>
         <size>0x443</size>
         <input_file_ref idref="fl-3"/>
      </object_component>
      <object_component id="oc-f9">
         <name>.debug_info</name>
         <load_address>0xaaa8</load_address>
         <run_address>0xaaa8</run_address>
         <size>0x1ad</size>
         <input_file_ref idref="fl-3"/>
      </object_component>
      <object_component id="oc-f4">
         <name>.debug_info</name>
         <load_address>0xac55</load_address>
         <run_address>0xac55</run_address>
         <size>0x195</size>
         <input_file_ref idref="fl-3"/>
      </object_component>
      <object_component id="oc-148">
         <name>.debug_info</name>
         <load_address>0xadea</load_address>
         <run_address>0xadea</run_address>
         <size>0x173</size>
         <input_file_ref idref="fl-3"/>
      </object_component>
      <object_component id="oc-394">
         <name>.debug_info</name>
         <load_address>0xaf5d</load_address>
         <run_address>0xaf5d</run_address>
         <size>0x128c</size>
         <input_file_ref idref="fl-3"/>
      </object_component>
      <object_component id="oc-199">
         <name>.debug_info</name>
         <load_address>0xc1e9</load_address>
         <run_address>0xc1e9</run_address>
         <size>0x37e2</size>
         <input_file_ref idref="fl-3"/>
      </object_component>
      <object_component id="oc-c1">
         <name>.debug_info</name>
         <load_address>0xf9cb</load_address>
         <run_address>0xf9cb</run_address>
         <size>0x65b</size>
         <input_file_ref idref="fl-4"/>
      </object_component>
      <object_component id="oc-2d9">
         <name>.debug_info</name>
         <load_address>0x10026</load_address>
         <run_address>0x10026</run_address>
         <size>0x213</size>
         <input_file_ref idref="fl-4"/>
      </object_component>
      <object_component id="oc-78">
         <name>.debug_info</name>
         <load_address>0x10239</load_address>
         <run_address>0x10239</run_address>
         <size>0x1e7</size>
         <input_file_ref idref="fl-4"/>
      </object_component>
      <object_component id="oc-135">
         <name>.debug_info</name>
         <load_address>0x10420</load_address>
         <run_address>0x10420</run_address>
         <size>0x1f4</size>
         <input_file_ref idref="fl-4"/>
      </object_component>
      <object_component id="oc-bb">
         <name>.debug_info</name>
         <load_address>0x10614</load_address>
         <run_address>0x10614</run_address>
         <size>0x128</size>
         <input_file_ref idref="fl-5"/>
      </object_component>
      <object_component id="oc-35">
         <name>.debug_info</name>
         <load_address>0x1073c</load_address>
         <run_address>0x1073c</run_address>
         <size>0x84</size>
         <input_file_ref idref="fl-5"/>
      </object_component>
      <object_component id="oc-7e">
         <name>.debug_info</name>
         <load_address>0x107c0</load_address>
         <run_address>0x107c0</run_address>
         <size>0x2c8</size>
         <input_file_ref idref="fl-6"/>
      </object_component>
      <object_component id="oc-27">
         <name>.debug_info</name>
         <load_address>0x10a88</load_address>
         <run_address>0x10a88</run_address>
         <size>0xf4</size>
         <input_file_ref idref="fl-6"/>
      </object_component>
      <object_component id="oc-6d">
         <name>.debug_info</name>
         <load_address>0x10b7c</load_address>
         <run_address>0x10b7c</run_address>
         <size>0x157</size>
         <input_file_ref idref="fl-6"/>
      </object_component>
      <object_component id="oc-72">
         <name>.debug_info</name>
         <load_address>0x10cd3</load_address>
         <run_address>0x10cd3</run_address>
         <size>0x13f</size>
         <input_file_ref idref="fl-6"/>
      </object_component>
      <object_component id="oc-2b2">
         <name>.debug_info</name>
         <load_address>0x10e12</load_address>
         <run_address>0x10e12</run_address>
         <size>0x701</size>
         <input_file_ref idref="fl-11"/>
      </object_component>
      <object_component id="oc-1c3">
         <name>.debug_info</name>
         <load_address>0x11513</load_address>
         <run_address>0x11513</run_address>
         <size>0x135</size>
         <input_file_ref idref="fl-11"/>
      </object_component>
      <object_component id="oc-12f">
         <name>.debug_info</name>
         <load_address>0x11648</load_address>
         <run_address>0x11648</run_address>
         <size>0x252</size>
         <input_file_ref idref="fl-11"/>
      </object_component>
      <object_component id="oc-1a9">
         <name>.debug_info</name>
         <load_address>0x1189a</load_address>
         <run_address>0x1189a</run_address>
         <size>0x250</size>
         <input_file_ref idref="fl-11"/>
      </object_component>
      <object_component id="oc-ff">
         <name>.debug_info</name>
         <load_address>0x11aea</load_address>
         <run_address>0x11aea</run_address>
         <size>0x2a3</size>
         <input_file_ref idref="fl-11"/>
      </object_component>
      <object_component id="oc-1b0">
         <name>.debug_info</name>
         <load_address>0x11d8d</load_address>
         <run_address>0x11d8d</run_address>
         <size>0x25a</size>
         <input_file_ref idref="fl-11"/>
      </object_component>
      <object_component id="oc-1b6">
         <name>.debug_info</name>
         <load_address>0x11fe7</load_address>
         <run_address>0x11fe7</run_address>
         <size>0x258</size>
         <input_file_ref idref="fl-11"/>
      </object_component>
      <object_component id="oc-2c5">
         <name>.debug_info</name>
         <load_address>0x1223f</load_address>
         <run_address>0x1223f</run_address>
         <size>0x26b</size>
         <input_file_ref idref="fl-11"/>
      </object_component>
      <object_component id="oc-2c0">
         <name>.debug_info</name>
         <load_address>0x124aa</load_address>
         <run_address>0x124aa</run_address>
         <size>0x1028</size>
         <input_file_ref idref="fl-11"/>
      </object_component>
      <object_component id="oc-2bb">
         <name>.debug_info</name>
         <load_address>0x134d2</load_address>
         <run_address>0x134d2</run_address>
         <size>0x431a</size>
         <input_file_ref idref="fl-11"/>
      </object_component>
      <object_component id="oc-2b3">
         <name>.debug_info</name>
         <load_address>0x177ec</load_address>
         <run_address>0x177ec</run_address>
         <size>0x297</size>
         <input_file_ref idref="fl-11"/>
      </object_component>
      <object_component id="oc-1c6">
         <name>.debug_info</name>
         <load_address>0x17a83</load_address>
         <run_address>0x17a83</run_address>
         <size>0xef</size>
         <input_file_ref idref="fl-11"/>
      </object_component>
      <object_component id="oc-1cb">
         <name>.debug_info</name>
         <load_address>0x17b72</load_address>
         <run_address>0x17b72</run_address>
         <size>0xbb</size>
         <input_file_ref idref="fl-11"/>
      </object_component>
      <object_component id="oc-2d5">
         <name>.debug_info</name>
         <load_address>0x17c2d</load_address>
         <run_address>0x17c2d</run_address>
         <size>0x68f</size>
         <input_file_ref idref="fl-12"/>
      </object_component>
      <object_component id="oc-1f3">
         <name>.debug_info</name>
         <load_address>0x182bc</load_address>
         <run_address>0x182bc</run_address>
         <size>0x12e</size>
         <input_file_ref idref="fl-12"/>
      </object_component>
      <object_component id="oc-119">
         <name>.debug_info</name>
         <load_address>0x183ea</load_address>
         <run_address>0x183ea</run_address>
         <size>0x219</size>
         <input_file_ref idref="fl-12"/>
      </object_component>
      <object_component id="oc-39e">
         <name>.debug_info</name>
         <load_address>0x18603</load_address>
         <run_address>0x18603</run_address>
         <size>0x1b0</size>
         <input_file_ref idref="fl-13"/>
      </object_component>
      <object_component id="oc-1d7">
         <name>.debug_info</name>
         <load_address>0x187b3</load_address>
         <run_address>0x187b3</run_address>
         <size>0x6f5</size>
         <input_file_ref idref="fl-15"/>
      </object_component>
      <object_component id="oc-1d1">
         <name>.debug_info</name>
         <load_address>0x18ea8</load_address>
         <run_address>0x18ea8</run_address>
         <size>0x1c7</size>
         <input_file_ref idref="fl-15"/>
      </object_component>
      <object_component id="oc-105">
         <name>.debug_info</name>
         <load_address>0x1906f</load_address>
         <run_address>0x1906f</run_address>
         <size>0x22b</size>
         <input_file_ref idref="fl-15"/>
      </object_component>
      <object_component id="oc-10b">
         <name>.debug_info</name>
         <load_address>0x1929a</load_address>
         <run_address>0x1929a</run_address>
         <size>0x235</size>
         <input_file_ref idref="fl-15"/>
      </object_component>
      <object_component id="oc-111">
         <name>.debug_info</name>
         <load_address>0x194cf</load_address>
         <run_address>0x194cf</run_address>
         <size>0x270</size>
         <input_file_ref idref="fl-15"/>
      </object_component>
      <object_component id="oc-11d">
         <name>.debug_info</name>
         <load_address>0x1973f</load_address>
         <run_address>0x1973f</run_address>
         <size>0x280</size>
         <input_file_ref idref="fl-15"/>
      </object_component>
      <object_component id="oc-1ed">
         <name>.debug_info</name>
         <load_address>0x199bf</load_address>
         <run_address>0x199bf</run_address>
         <size>0x21e</size>
         <input_file_ref idref="fl-15"/>
      </object_component>
      <object_component id="oc-1fd">
         <name>.debug_info</name>
         <load_address>0x19bdd</load_address>
         <run_address>0x19bdd</run_address>
         <size>0x228</size>
         <input_file_ref idref="fl-15"/>
      </object_component>
      <object_component id="oc-1df">
         <name>.debug_info</name>
         <load_address>0x19e05</load_address>
         <run_address>0x19e05</run_address>
         <size>0x1e9</size>
         <input_file_ref idref="fl-15"/>
      </object_component>
      <object_component id="oc-1e6">
         <name>.debug_info</name>
         <load_address>0x19fee</load_address>
         <run_address>0x19fee</run_address>
         <size>0x21e</size>
         <input_file_ref idref="fl-15"/>
      </object_component>
      <object_component id="oc-1f7">
         <name>.debug_info</name>
         <load_address>0x1a20c</load_address>
         <run_address>0x1a20c</run_address>
         <size>0x228</size>
         <input_file_ref idref="fl-15"/>
      </object_component>
      <object_component id="oc-1d9">
         <name>.debug_info</name>
         <load_address>0x1a434</load_address>
         <run_address>0x1a434</run_address>
         <size>0x1e9</size>
         <input_file_ref idref="fl-15"/>
      </object_component>
      <object_component id="oc-2ca">
         <name>.debug_info</name>
         <load_address>0x1a61d</load_address>
         <run_address>0x1a61d</run_address>
         <size>0x131</size>
         <input_file_ref idref="fl-15"/>
      </object_component>
      <object_component id="oc-44d">
         <name>.debug_info</name>
         <load_address>0x1a74e</load_address>
         <run_address>0x1a74e</run_address>
         <size>0x194</size>
         <input_file_ref idref="fl-17"/>
      </object_component>
      <object_component id="oc-223">
         <name>.debug_info</name>
         <load_address>0x1a8e2</load_address>
         <run_address>0x1a8e2</run_address>
         <size>0x3e5</size>
         <input_file_ref idref="fl-ce"/>
      </object_component>
      <object_component id="oc-21e">
         <name>.debug_info</name>
         <load_address>0x1acc7</load_address>
[...]
         <value>0x1bcd</value>
         <object_component_ref idref="oc-367"/>
      </symbol>
      <symbol id="sm-591">
         <name>__aeabi_d2iz</name>
         <value>0x32d5</value>
         <object_component_ref idref="oc-3b7"/>
      </symbol>
      <symbol id="sm-59b">
         <name>__aeabi_d2uiz</name>
         <value>0x342d</value>
         <object_component_ref idref="oc-362"/>
      </symbol>
      <symbol id="sm-5a5">
         <name>__aeabi_i2d</name>
         <value>0x3747</value>
         <object_component_ref idref="oc-3c2"/>
      </symbol>
      <symbol id="sm-5c0">
         <name>memcpy</name>
         <value>0x2161</value>
         <object_component_ref idref="oc-3a"/>
      </symbol>
      <symbol id="sm-5c1">
         <name>__aeabi_memcpy</name>
         <value>0x2161</value>
         <object_component_ref idref="oc-3a"/>
      </symbol>
      <symbol id="sm-5c2">
         <name>__aeabi_memcpy8</name>
         <value>0x2161</value>
         <object_component_ref idref="oc-3a"/>
      </symbol>
      <symbol id="sm-5c3">
         <name>__aeabi_memcpy4</name>
         <value>0x2161</value>
         <object_component_ref idref="oc-3a"/>
      </symbol>
      <symbol id="sm-5cd">
         <name>__aeabi_ui2d</name>
         <value>0x394d</value>
         <object_component_ref idref="oc-358"/>
      </symbol>
      <symbol id="sm-5dc">
         <name>__aeabi_memset</name>
         <value>0x27db</value>
         <object_component_ref idref="oc-9a"/>
      </symbol>
      <symbol id="sm-5dd">
         <name>memset</name>
         <value>0x27e1</value>
         <object_component_ref idref="oc-9a"/>
      </symbol>
      <symbol id="sm-5de">
         <name>__aeabi_memset8</name>
         <value>0x27db</value>
         <object_component_ref idref="oc-9a"/>
      </symbol>
      <symbol id="sm-5df">
         <name>__aeabi_memset4</name>
         <value>0x27db</value>
         <object_component_ref idref="oc-9a"/>
      </symbol>
      <symbol id="sm-5e0">
         <name>__aeabi_memclr8</name>
         <value>0x27d9</value>
         <object_component_ref idref="oc-9a"/>
      </symbol>
      <symbol id="sm-5e1">
         <name>__aeabi_memclr4</name>
         <value>0x27d9</value>
         <object_component_ref idref="oc-9a"/>
      </symbol>
      <symbol id="sm-5e2">
         <name>__aeabi_memclr</name>
         <value>0x27d9</value>
         <object_component_ref idref="oc-9a"/>
      </symbol>
      <symbol id="sm-5ef">
         <name>__aeabi_uldivmod</name>
         <value>0x21fd</value>
         <object_component_ref idref="oc-3ab"/>
      </symbol>
      <symbol id="sm-603">
         <name>__TI_zero_init_nomemset</name>
         <value>0x3989</value>
         <object_component_ref idref="oc-46"/>
      </symbol>
      <symbol id="sm-61a">
         <name>__TI_decompress_none</name>
         <value>0x3b3b</value>
         <object_component_ref idref="oc-1d"/>
      </symbol>
      <symbol id="sm-63d">
         <name>__TI_decompress_lzss</name>
         <value>0x2c45</value>
         <object_component_ref idref="oc-17"/>
      </symbol>
      <symbol id="sm-663">
         <name>C$$EXIT</name>
         <value>0x3b75</value>
         <object_component_ref idref="oc-158"/>
      </symbol>
      <symbol id="sm-664">
         <name>abort</name>
         <value>0x3b75</value>
         <object_component_ref idref="oc-158"/>
      </symbol>
      <symbol id="sm-665">
         <name>__TI_dtors_ptr</name>
         <value>0x200009e8</value>
         <object_component_ref idref="oc-290"/>
      </symbol>
      <symbol id="sm-666">
         <name>__TI_cleanup_ptr</name>
         <value>0x200009e4</value>
         <object_component_ref idref="oc-290"/>
      </symbol>
      <symbol id="sm-667">
         <name>__TI_enable_exit_profile_output</name>
         <value>0x200009ec</value>
         <object_component_ref idref="oc-290"/>
      </symbol>
      <symbol id="sm-668">
         <name>exit</name>
         <value>0x328d</value>
         <object_component_ref idref="oc-15e"/>
      </symbol>
      <symbol id="sm-67d">
         <name>_nop</name>
         <value>0x150f</value>
         <object_component_ref idref="oc-32c"/>
      </symbol>
      <symbol id="sm-67e">
         <name>_lock</name>
         <value>0x200009f0</value>
         <object_component_ref idref="oc-210"/>
      </symbol>
      <symbol id="sm-67f">
         <name>_unlock</name>
         <value>0x200009f4</value>
         <object_component_ref idref="oc-210"/>
      </symbol>
      <symbol id="sm-68e">
         <name>__TI_ltoa</name>
         <value>0x30b1</value>
         <object_component_ref idref="oc-3bc"/>
      </symbol>
      <symbol id="sm-6a4">
         <name>atoi</name>
         <value>0x3241</value>
         <object_component_ref idref="oc-2e5"/>
      </symbol>
      <symbol id="sm-6af">
         <name>_ctypes_</name>
         <value>0x3b78</value>
         <object_component_ref idref="oc-3a6"/>
      </symbol>
      <symbol id="sm-6c4">
         <name>__TI_tmpnams</name>
         <value>0x20000b24</value>
      </symbol>
      <symbol id="sm-6c5">
         <name>__aeabi_stdout</name>
         <value>0x200009dc</value>
         <object_component_ref idref="oc-511"/>
      </symbol>
      <symbol id="sm-6c6">
         <name>__aeabi_stderr</name>
         <value>0x200009e0</value>
         <object_component_ref idref="oc-511"/>
      </symbol>
      <symbol id="sm-6c7">
         <name>__aeabi_stdin</name>
         <value>0x200009d8</value>
         <object_component_ref idref="oc-511"/>
      </symbol>
      <symbol id="sm-6c8">
         <name>_ftable</name>
         <value>0x20000800</value>
         <object_component_ref idref="oc-213"/>
      </symbol>
      <symbol id="sm-6c9">
         <name>__TI_ft_end</name>
         <value>0x200009d4</value>
         <object_component_ref idref="oc-511"/>
      </symbol>
      <symbol id="sm-6d9">
         <name>memccpy</name>
         <value>0x39c1</value>
         <object_component_ref idref="oc-30e"/>
      </symbol>
      <symbol id="sm-6e9">
         <name>memchr</name>
         <value>0x392d</value>
         <object_component_ref idref="oc-424"/>
      </symbol>
      <symbol id="sm-772">
         <name>_sys_memory</name>
         <value>0x20000000</value>
         <object_component_ref idref="oc-29"/>
      </symbol>
      <symbol id="sm-773">
         <name>free</name>
         <value>0x1cc9</value>
         <object_component_ref idref="oc-4c2"/>
      </symbol>
      <symbol id="sm-774">
         <name>memalign</name>
         <value>0x1acd</value>
         <object_component_ref idref="oc-504"/>
      </symbol>
      <symbol id="sm-775">
         <name>malloc</name>
         <value>0x3b5d</value>
         <object_component_ref idref="oc-4c8"/>
      </symbol>
      <symbol id="sm-776">
         <name>aligned_alloc</name>
         <value>0x1acd</value>
         <object_component_ref idref="oc-504"/>
      </symbol>
      <symbol id="sm-786">
         <name>strchr</name>
         <value>0x3aeb</value>
         <object_component_ref idref="oc-3f3"/>
      </symbol>
      <symbol id="sm-794">
         <name>strlen</name>
         <value>0x3b15</value>
         <object_component_ref idref="oc-2df"/>
      </symbol>
      <symbol id="sm-7a7">
         <name>__stack</name>
         <value>0x2000fe00</value>
         <object_component_ref idref="oc-2c"/>
      </symbol>
      <symbol id="sm-7a8">
         <name>_c_int00_noargs</name>
         <value>0x36b5</value>
         <object_component_ref idref="oc-58"/>
      </symbol>
      <symbol id="sm-7c2">
         <name>write</name>
         <value>0x38b9</value>
         <object_component_ref idref="oc-430"/>
      </symbol>
      <symbol id="sm-7d3">
         <name>_stream</name>
         <value>0x20000968</value>
         <object_component_ref idref="oc-49f"/>
      </symbol>
      <symbol id="sm-7d4">
         <name>_device</name>
         <value>0x200008f0</value>
         <object_component_ref idref="oc-4e1"/>
      </symbol>
      <symbol id="sm-7ea">
         <name>__aeabi_errno_addr</name>
         <value>0x3b55</value>
         <object_component_ref idref="oc-31a"/>
      </symbol>
      <symbol id="sm-7eb">
         <name>errno</name>
         <value>0x20000a00</value>
         <object_component_ref idref="oc-403"/>
      </symbol>
      <symbol id="sm-804">
         <name>wcslen</name>
         <value>0x3b29</value>
         <object_component_ref idref="oc-314"/>
      </symbol>
      <symbol id="sm-824">
         <name>frexpl</name>
         <value>0x2d15</value>
         <object_component_ref idref="oc-3e7"/>
      </symbol>
      <symbol id="sm-825">
         <name>frexp</name>
         <value>0x2d15</value>
         <object_component_ref idref="oc-3e7"/>
      </symbol>
      <symbol id="sm-842">
         <name>scalbn</name>
         <value>0x19bd</value>
         <object_component_ref idref="oc-3ed"/>
      </symbol>
      <symbol id="sm-843">
         <name>scalbnl</name>
         <value>0x19bd</value>
         <object_component_ref idref="oc-3ed"/>
      </symbol>
      <symbol id="sm-844">
         <name>ldexpl</name>
         <value>0x19bd</value>
         <object_component_ref idref="oc-3ed"/>
      </symbol>
      <symbol id="sm-845">
         <name>ldexp</name>
         <value>0x19bd</value>
         <object_component_ref idref="oc-3ed"/>
      </symbol>
      <symbol id="sm-855">
         <name>__TI_cleanup</name>
         <value>0x364d</value>
         <object_component_ref idref="oc-4ce"/>
      </symbol>
      <symbol id="sm-867">
         <name>fseek</name>
         <value>0x2d79</value>
         <object_component_ref idref="oc-48d"/>
      </symbol>
      <symbol id="sm-871">
         <name>__aeabi_idiv0</name>
         <value>0x1783</value>
         <object_component_ref idref="oc-45a"/>
      </symbol>
      <symbol id="sm-872">
         <name>__aeabi_ldiv0</name>
         <value>0x1783</value>
         <object_component_ref idref="oc-45a"/>
      </symbol>
      <symbol id="sm-89a">
         <name>__TI_auto_init_nobinit_nopinit</name>
         <value>0x33a5</value>
         <object_component_ref idref="oc-164"/>
      </symbol>
      <symbol id="sm-8a4">
         <name>_system_pre_init</name>
         <value>0x3b71</value>
         <object_component_ref idref="oc-a0"/>
      </symbol>
      <symbol id="sm-8b7">
         <name>HOSTclose</name>
         <value>0x331d</value>
         <object_component_ref idref="oc-51d"/>
      </symbol>
      <symbol id="sm-8c8">
         <name>HOSTlseek</name>
         <value>0x2b75</value>
         <object_component_ref idref="oc-52f"/>
      </symbol>
      <symbol id="sm-8da">
         <name>parmbuf</name>
         <value>0x20000bc4</value>
      </symbol>
      <symbol id="sm-8db">
         <name>HOSTopen</name>
         <value>0x2e41</value>
         <object_component_ref idref="oc-517"/>
      </symbol>
      <symbol id="sm-8ec">
         <name>HOSTread</name>
         <value>0x2f55</value>
         <object_component_ref idref="oc-523"/>
      </symbol>
      <symbol id="sm-8fd">
         <name>HOSTrename</name>
         <value>0x2b09</value>
         <object_component_ref idref="oc-53b"/>
      </symbol>
      <symbol id="sm-90e">
         <name>HOSTunlink</name>
         <value>0x3361</value>
         <object_component_ref idref="oc-535"/>
      </symbol>
      <symbol id="sm-91f">
         <name>HOSTwrite</name>
         <value>0x2fad</value>
         <object_component_ref idref="oc-529"/>
      </symbol>
      <symbol id="sm-943">
         <name>__TI_readmsg</name>
         <value>0x3681</value>
         <object_component_ref idref="oc-56a"/>
      </symbol>
      <symbol id="sm-944">
         <name>C$$IO$$</name>
         <value>0x359f</value>
         <object_component_ref idref="oc-564"/>
      </symbol>
      <symbol id="sm-945">
         <name>__CIOBUF_</name>
         <value>0x20000a04</value>
         <object_component_ref idref="oc-595"/>
      </symbol>
      <symbol id="sm-946">
         <name>__TI_writemsg</name>
         <value>0x3571</value>
         <object_component_ref idref="oc-564"/>
      </symbol>
      <symbol id="sm-957">
         <name>lseek</name>
         <value>0x3891</value>
         <object_component_ref idref="oc-4ba"/>
      </symbol>
      <symbol id="sm-961">
         <name>copysign</name>
         <value>0x3a45</value>
         <object_component_ref idref="oc-471"/>
      </symbol>
      <symbol id="sm-962">
         <name>copysignl</name>
         <value>0x3a45</value>
         <object_component_ref idref="oc-471"/>
      </symbol>
      <symbol id="sm-977">
         <name>__TI_closefile</name>
         <value>0x2941</value>
         <object_component_ref idref="oc-50b"/>
      </symbol>
      <symbol id="sm-99a">
         <name>finddevice</name>
         <value>0x36e9</value>
         <object_component_ref idref="oc-5b3"/>
      </symbol>
      <symbol id="sm-99b">
         <name>getdevice</name>
         <value>0x33e9</value>
         <object_component_ref idref="oc-58b"/>
      </symbol>
      <symbol id="sm-9aa">
         <name>strcmp</name>
         <value>0x3aa7</value>
         <object_component_ref idref="oc-5ca"/>
      </symbol>
      <symbol id="sm-9b8">
         <name>strcpy</name>
         <value>0x3b01</value>
         <object_component_ref idref="oc-57e"/>
      </symbol>
      <symbol id="sm-9c8">
         <name>strncpy</name>
         <value>0x35e1</value>
         <object_component_ref idref="oc-5ad"/>
      </symbol>
      <symbol id="sm-9dd">
         <name>close</name>
         <value>0x2ea1</value>
         <object_component_ref idref="oc-553"/>
      </symbol>
      <symbol id="sm-9ed">
         <name>unlink</name>
         <value>0x3775</value>
         <object_component_ref idref="oc-559"/>
      </symbol>
      <symbol id="sm-9ee">
         <name>__TI_static_base__</name>
         <value>0x0</value>
      </symbol>
      <symbol id="sm-9f1">
         <name>__mpu_init</name>
         <value>0x0</value>
      </symbol>
      <symbol id="sm-9f2">
         <name>_system_post_cinit</name>
         <value>0x0</value>
      </symbol>
      <symbol id="sm-9f3">
         <name>NMI_Handler</name>
         <value>0xb33</value>
      </symbol>
      <symbol id="sm-9f4">
         <name>HardFault_Handler</name>
         <value>0xb33</value>
      </symbol>
      <symbol id="sm-9f5">
         <name>MemManage_Handler</name>
         <value>0xb33</value>
      </symbol>
      <symbol id="sm-9f6">
         <name>BusFault_Handler</name>
         <value>0xb33</value>
      </symbol>
      <symbol id="sm-9f7">
         <name>UsageFault_Handler</name>
         <value>0xb33</value>
      </symbol>
      <symbol id="sm-9f8">
         <name>SVC_Handler</name>
         <value>0xb33</value>
      </symbol>
      <symbol id="sm-9f9">
         <name>DebugMon_Handler</name>
         <value>0xb33</value>
      </symbol>
      <symbol id="sm-9fa">
         <name>PendSV_Handler</name>
         <value>0xb33</value>
      </symbol>
      <symbol id="sm-9fb">
         <name>SysTick_Handler</name>
         <value>0xb33</value>
      </symbol>
      <symbol id="sm-9fc">
         <name>PSS_IRQHandler</name>
         <value>0xb33</value>
      </symbol>
      <symbol id="sm-9fd">
         <name>CS_IRQHandler</name>
         <value>0xb33</value>
      </symbol>
      <symbol id="sm-9fe">
         <name>PCM_IRQHandler</name>
         <value>0xb33</value>
      </symbol>
      <symbol id="sm-9ff">
         <name>WDT_A_IRQHandler</name>
         <value>0xb33</value>
      </symbol>
      <symbol id="sm-a00">
         <name>FPU_IRQHandler</name>
         <value>0xb33</value>
      </symbol>
      <symbol id="sm-a01">
         <name>FLCTL_IRQHandler</name>
         <value>0xb33</value>
      </symbol>
      <symbol id="sm-a02">
         <name>COMP_E0_IRQHandler</name>
         <value>0xb33</value>
      </symbol>
      <symbol id="sm-a03">
         <name>COMP_E1_IRQHandler</name>
         <value>0xb33</value>
      </symbol>
      <symbol id="sm-a04">
         <name>TA0_0_IRQHandler</name>
         <value>0xb33</value>
      </symbol>
      <symbol id="sm-a05">
         <name>TA0_N_IRQHandler</name>
         <value>0xb33</value>
      </symbol>
      <symbol id="sm-a06">
         <name>TA1_0_IRQHandler</name>
         <value>0xb33</value>
      </symbol>
      <symbol id="sm-a07">
         <name>TA1_N_IRQHandler</name>
         <value>0xb33</value>
      </symbol>
      <symbol id="sm-a08">
         <name>TA2_0_IRQHandler</name>
         <value>0xb33</value>
      </symbol>
      <symbol id="sm-a09">
         <name>TA2_N_IRQHandler</name>
         <value>0xb33</value>
      </symbol>
      <symbol id="sm-a0a">
         <name>TA3_0_IRQHandler</name>
         <value>0xb33</value>
      </symbol>
      <symbol id="sm-a0b">
         <name>TA3_N_IRQHandler</name>
         <value>0xb33</value>
      </symbol>
      <symbol id="sm-a0c">
         <name>EUSCIA0_IRQHandler</name>
         <value>0xb33</value>
      </symbol>
      <symbol id="sm-a0d">
         <name>EUSCIA1_IRQHandler</name>
         <value>0xb33</value>
      </symbol>
      <symbol id="sm-a0e">
         <name>EUSCIA2_IRQHandler</name>
         <value>0xb33</value>
      </symbol>
      <symbol id="sm-a0f">
         <name>EUSCIA3_IRQHandler</name>
         <value>0xb33</value>
      </symbol>
      <symbol id="sm-a10">
         <name>EUSCIB0_IRQHandler</name>
         <value>0x3159</value>
      </symbol>
      <symbol id="sm-a11">
         <name>EUSCIB1_IRQHandler</name>
         <value>0xb33</value>
      </symbol>
      <symbol id="sm-a12">
         <name>EUSCIB2_IRQHandler</name>
         <value>0xb33</value>
      </symbol>
      <symbol id="sm-a13">
         <name>EUSCIB3_IRQHandler</name>
         <value>0xb33</value>
      </symbol>
      <symbol id="sm-a14">
         <name>ADC14_IRQHandler</name>
         <value>0xb33</value>
      </symbol>
      <symbol id="sm-a15">
         <name>T32_INT1_IRQHandler</name>
         <value>0xb33</value>
      </symbol>
      <symbol id="sm-a16">
         <name>T32_INT2_IRQHandler</name>
         <value>0xb33</value>
      </symbol>
      <symbol id="sm-a17">
         <name>T32_INTC_IRQHandler</name>
         <value>0xb33</value>
      </symbol>
      <symbol id="sm-a18">
         <name>AES256_IRQHandler</name>
         <value>0xb33</value>
      </symbol>
      <symbol id="sm-a19">
         <name>RTC_C_IRQHandler</name>
         <value>0xb33</value>
      </symbol>
      <symbol id="sm-a1a">
         <name>DMA_ERR_IRQHandler</name>
         <value>0xb33</value>
      </symbol>
      <symbol id="sm-a1b">
         <name>DMA_INT3_IRQHandler</name>
         <value>0xb33</value>
      </symbol>
      <symbol id="sm-a1c">
         <name>DMA_INT2_IRQHandler</name>
         <value>0xb33</value>
      </symbol>
      <symbol id="sm-a1d">
         <name>DMA_INT1_IRQHandler</name>
         <value>0xb33</value>
      </symbol>
      <symbol id="sm-a1e">
         <name>DMA_INT0_IRQHandler</name>
         <value>0xb33</value>
      </symbol>
      <symbol id="sm-a1f">
         <name>PORT1_IRQHandler</name>
         <value>0xb33</value>
      </symbol>
      <symbol id="sm-a20">
         <name>PORT2_IRQHandler</name>
         <value>0xb33</value>
      </symbol>
      <symbol id="sm-a21">
         <name>PORT3_IRQHandler</name>
         <value>0xb33</value>
      </symbol>
      <symbol id="sm-a22">
         <name>PORT4_IRQHandler</name>
         <value>0xb33</value>
      </symbol>
      <symbol id="sm-a23">
         <name>PORT5_IRQHandler</name>
         <value>0xb33</value>
      </symbol>
      <symbol id="sm-a24">
         <name>PORT6_IRQHandler</name>
         <value>0xb33</value>
      </symbol>
      <symbol id="sm-a25">
         <name>remove</name>
         <value>0x3775</value>
      </symbol>
   </symbol_table>
   <title>Link successful</title>
</link_info>
