"C:/Users/SNA/Documents/FPGA_code/lattice_sdr_code/src/top_module.v=work,Verilog 2001"
"C:/Users/SNA/Documents/FPGA_code/lattice_sdr_code/src/local_oscillator.v=work,Verilog 2001"
"C:/Users/SNA/Documents/FPGA_code/lattice_sdr_code/src/IQSerializer.v=work,Verilog 2001"
"C:/Users/SNA/Documents/FPGA_code/lattice_sdr_code/src/DEDFF.v=work,Verilog 2001"
"C:/Users/SNA/Documents/FPGA_code/lattice_sdr_code/src/clockDivider.v=work,Verilog 2001"
"C:/Users/SNA/Documents/FPGA_code/lattice_sdr_code/src/packetGenerator.v=work,Verilog 2001"
"C:/Users/SNA/Documents/FPGA_code/lattice_sdr_code/src/packetCounter.v=work,Verilog 2001"
"C:/Users/SNA/Documents/FPGA_code/lattice_sdr_code/src/FSKModulator.v=work,Verilog 2001"
"C:/Users/SNA/Documents/FPGA_code/lattice_sdr_code/src/ble_packet.v=work,Verilog 2001"
"C:/Users/SNA/Documents/FPGA_code/lattice_sdr_code/src/cosModule.v=work,Verilog 2001"
"C:/Users/SNA/Documents/FPGA_code/lattice_sdr_code/src/sinModule.v=work,Verilog 2001"
"C:/Users/SNA/Documents/FPGA_code/lattice_sdr_code/src/bleDefines.v=work,Verilog 2001"
"C:/Users/SNA/Documents/FPGA_code/lattice_sdr_code/src/radioDefines.v=work,Verilog 2001"
"C:/Users/SNA/Documents/FPGA_code/lattice_sdr_code/pll_64m/pll_64/pll_64.v=work,Verilog 2001"
"C:/Users/SNA/Documents/FPGA_code/lattice_sdr_code/pll_64m/pll_64_new/pll_64_new.v=work,Verilog 2001"
"C:/Users/SNA/Documents/FPGA_code/lattice_sdr_code/pll_64m/pll_try/pll_try.v=work,Verilog 2001"
"C:/Users/SNA/Documents/FPGA_code/lattice_sdr_code/pll_64m/pll_64m.v=work,Verilog 2001"
"C:/Users/SNA/Documents/FPGA_code/lattice_sdr_code/divided_pll/pll_24m/pll_24m.v=work,Verilog 2001"
"C:/Users/SNA/Documents/FPGA_code/lattice_sdr_code/divided_pll/divided_pll.v=work,Verilog 2001"
"C:/Users/SNA/Documents/FPGA_code/lattice_sdr_code/divided_pll_2/pll_24_64m/pll_24_64m.v=work,Verilog 2001"
"C:/Users/SNA/Documents/FPGA_code/lattice_sdr_code/divided_pll_2/divided_pll_2.v=work,Verilog 2001"
"C:/Users/SNA/Documents/FPGA_code/lattice_sdr_code/FIRfilter/rcosfilter_m/rcosfilter_m.v=work,Verilog 2001"
"C:/Users/SNA/Documents/FPGA_code/lattice_sdr_code/FIRfilter/rcosfilter_m/rcosfilter_m_core_bb.v=work,Verilog 2001"
"C:/Users/SNA/Documents/FPGA_code/lattice_sdr_code/FIRfilter/FIRfilter.v=work,Verilog 2001"
"C:/Users/SNA/Documents/FPGA_code/lattice_sdr_code/creating_nco/SinCos_Module/SinCos_Module.v=work,Verilog 2001"
"C:/Users/SNA/Documents/FPGA_code/lattice_sdr_code/creating_nco/sincos_m/sincos_m.v=work,Verilog 2001"
"C:/Users/SNA/Documents/FPGA_code/lattice_sdr_code/creating_nco/creating_nco.v=work,Verilog 2001"
"C:/Users/SNA/Documents/FPGA_code/lattice_sdr_code/multiplier/mult_m/mult_m.v=work,Verilog 2001"
"C:/Users/SNA/Documents/FPGA_code/lattice_sdr_code/multiplier/multiplier_12_2_m/multiplier_12_2_m.v=work,Verilog 2001"
"C:/Users/SNA/Documents/FPGA_code/lattice_sdr_code/multiplier/multiplier.v=work,Verilog 2001"
"C:/Users/SNA/Documents/FPGA_code/lattice_sdr_code/src/fsktb.v=work,Verilog 2001"
"C:/Users/SNA/Documents/FPGA_code/lattice_sdr_code/src/QPSK_modulator.v=work,Verilog 2001"
"C:/Users/SNA/Documents/FPGA_code/lattice_sdr_code/src/dds_lattice_sincos.v=work,Verilog 2001"
"C:/Users/SNA/Documents/FPGA_code/lattice_sdr_code/src/iq_div.v=work,Verilog 2001"
"C:/Users/SNA/Documents/FPGA_code/lattice_sdr_code/src/dds_tb.v=work,Verilog 2001"
"C:/Users/SNA/Documents/FPGA_code/lattice_sdr_code/src/qpsk_tb.v=work,Verilog 2001"
