******************************************************************************
                  TI ARM Linker PC v20.2.7                     
******************************************************************************
>> Linked Fri Jan  9 20:53:08 2026

OUTPUT FILE NAME:   <SDR_research.out>
ENTRY POINT SYMBOL: "_c_int00_noargs"  address: 000036b5


MEMORY CONFIGURATION

         name            origin    length      used     unused   attr    fill
----------------------  --------  ---------  --------  --------  ----  --------
  MAIN                  00000000   00040000  00003d5c  0003c2a4  R  X
  INFO                  00200000   00004000  00000000  00004000  R  X
  SRAM_CODE             01000000   00010000  00000dce  0000f232  RW X
  SRAM_DATA             20000000   00010000  00000dce  0000f232  RW  


SEGMENT ALLOCATION MAP

run origin  load origin   length   init length attrs members
----------  ----------- ---------- ----------- ----- -------
00000000    00000000    00003d60   00003d60    r-x
  00000000    00000000    000000e4   000000e4    r-- .intvecs
  000000e4    000000e4    00003a94   00003a94    r-x .text
  00003b78    00003b78    00000144   00000144    r-- .const
  00003cc0    00003cc0    000000a0   000000a0    r-- .cinit
20000000    20000000    00000bce   00000000    rw-
  20000000    20000000    00000800   00000000    rw- .sysmem
  20000800    20000800    00000204   00000000    rw- .data
  20000a04    20000a04    000001ca   00000000    rw- .bss
2000fe00    2000fe00    00000200   00000000    rw-
  2000fe00    2000fe00    00000200   00000000    rw- .stack


SECTION ALLOCATION MAP

 output                                  attributes/
section   page    origin      length       input sections
--------  ----  ----------  ----------   ----------------
.intvecs   0    00000000    000000e4     
                  00000000    000000e4     startup_msp432p401r_ccs.obj (.intvecs:retain)

.text      0    000000e4    00003a94     
                  000000e4    00000a4e     rtsv7M4_T_le_v4SPD16_eabi.lib : _printfi.c.obj (.text:__TI_printfi)
                  00000b32    00000002     startup_msp432p401r_ccs.obj (.text:Default_Handler)
                  00000b34    00000270     rtsv7M4_T_le_v4SPD16_eabi.lib : _printfi.c.obj (.text:_pconv_a)
                  00000da4    00000224     main.obj (.text:main)
                  00000fc8    000001d0     rtsv7M4_T_le_v4SPD16_eabi.lib : _printfi.c.obj (.text:_pconv_g)
                  00001198    000001c0     at86rf215.obj (.text:AT86RF215SetChannel)
                  00001358    000001b6     rtsv7M4_T_le_v4SPD16_eabi.lib : fd_add_t2.asm.obj (.text)
                  0000150e    00000002                                   : _lock.c.obj (.text:_nop)
                  00001510    0000013c                                   : _printfi.c.obj (.text:_pconv_e)
                  0000164c    00000136                                   : fd_div_t2.asm.obj (.text)
                  00001782    00000002                                   : div0.asm.obj (.text)
                  00001784    00000124                                   : _printfi.c.obj (.text:fcvt)
                  000018a8    00000114                                   : fputs.c.obj (.text:fputs)
                  000019bc    00000110                                   : s_scalbn.c.obj (.text:scalbn)
                  00001acc    00000100                                   : memory.c.obj (.text:aligned_alloc)
                  00001bcc    000000fc                                   : fd_mul_t2.asm.obj (.text)
                  00001cc8    000000e4                                   : memory.c.obj (.text:free)
                  00001dac    000000dc                                   : setvbuf.c.obj (.text:setvbuf)
                  00001e88    000000d8     at86rf215.obj (.text:AT86RF215TxSetIQ)
                  00001f60    000000b1     rtsv7M4_T_le_v4SPD16_eabi.lib : _printfi.c.obj (.text:_ltostr)
                  00002011    00000001     --HOLE-- [fill = 0]
                  00002012    000000b0     msp432p4xx_driverlib.lib : spi.o (.text:SPI_initMaster)
                  000020c2    00000002     --HOLE-- [fill = 0]
                  000020c4    0000009c     at86rf215.obj (.text:AT86RF215TxSetSR)
                  00002160    0000009c     rtsv7M4_T_le_v4SPD16_eabi.lib : memcpy_t2.asm.obj (.text)
                  000021fc    00000096                                   : ull_div_t2.asm.obj (.text)
                  00002292    00000002     --HOLE-- [fill = 0]
                  00002294    00000090     at86rf215.obj (.text:AT86RF215TxSetCutOff)
                  00002324    00000090     at86rf215.obj (.text:AT86RF215TxSetPAC)
                  000023b4    0000008c     rtsv7M4_T_le_v4SPD16_eabi.lib : fputc.c.obj (.text:fputc)
                  00002440    00000088     msp432p4xx_driverlib.lib : gpio.o (.text:GPIO_setAsPeripheralModuleFunctionInputPin)
                  000024c8    00000086     rtsv7M4_T_le_v4SPD16_eabi.lib : fd_cmp_t2.asm.obj (.text:__aeabi_cdcmple)
                  0000254e    00000086                                   : fd_cmp_t2.asm.obj (.text:__aeabi_cdrcmple)
                  000025d4    00000084     at86rf215.obj (.text:AT86RF215TxSetPAVC)
                  00002658    00000084     at86rf215.obj (.text:AT86RF215TxSetPwr)
                  000026dc    00000080     msp432p4xx_driverlib.lib : interrupt.o (.text:Interrupt_enableInterrupt)
                  0000275c    0000007c     main.obj (.text:GpioSetInterrupt)
                  000027d8    0000007a     rtsv7M4_T_le_v4SPD16_eabi.lib : memset_t2.asm.obj (.text)
                  00002852    00000002     --HOLE-- [fill = 0]
                  00002854    00000078     system_msp432p401r.obj (.text:SystemInit)
                  000028cc    00000074     at86rf215.obj (.text:AT86RF215WriteBuffer)
                  00002940    00000074     rtsv7M4_T_le_v4SPD16_eabi.lib : fclose.c.obj (.text:__TI_closefile)
                  000029b4    00000072     at86rf215.obj (.text:AT86RF215ReadBuffer)
                  00002a26    00000002     --HOLE-- [fill = 0]
                  00002a28    00000070     rtsv7M4_T_le_v4SPD16_eabi.lib : memory.c.obj (.text:split)
                  00002a98    0000006e                                   : _printfi.c.obj (.text:_mcpy)
                  00002b06    00000002     --HOLE-- [fill = 0]
                  00002b08    0000006c                                   : hostrename.c.obj (.text:HOSTrename)
                  00002b74    00000068                                   : hostlseek.c.obj (.text:HOSTlseek)
                  00002bdc    00000068     at86rf215.obj (.text:bitWrite)
                  00002c44    00000068     rtsv7M4_T_le_v4SPD16_eabi.lib : copy_decompress_lzss.c.obj (.text:decompress:lzss:__TI_decompress_lzss)
                  00002cac    00000068                                   : printf.c.obj (.text:printf)
                  00002d14    00000064                                   : s_frexp.c.obj (.text:frexp)
                  00002d78    00000064                                   : fseek.c.obj (.text:fseek)
                  00002ddc    00000062                                   : _io_perm.c.obj (.text:__TI_wrt_ok)
                  00002e3e    00000002     --HOLE-- [fill = 0]
                  00002e40    00000060                                   : hostopen.c.obj (.text:HOSTopen)
                  00002ea0    0000005c                                   : close.c.obj (.text:close)
                  00002efc    00000058     at86rf215.obj (.text:AT86RF215SetIRQMask)
                  00002f54    00000058     rtsv7M4_T_le_v4SPD16_eabi.lib : hostread.c.obj (.text:HOSTread)
                  00002fac    00000058                                   : hostwrite.c.obj (.text:HOSTwrite)
                  00003004    00000056                                   : _printfi.c.obj (.text:_pconv_f)
                  0000305a    00000002     --HOLE-- [fill = 0]
                  0000305c    00000054     at86rf215.obj (.text:AT86RF215GetState)
                  000030b0    00000054     rtsv7M4_T_le_v4SPD16_eabi.lib : _ltoa.c.obj (.text:__TI_ltoa)
                  00003104    00000052                                   : _printfi.c.obj (.text:_ecpy)
                  00003156    00000002     --HOLE-- [fill = 0]
                  00003158    00000050     spi_helper.obj (.text:EUSCIB0_IRQHandler)
                  000031a8    0000004c     msp432p4xx_driverlib.lib : gpio.o (.text:GPIO_setAsInputPin)
                  000031f4    0000004c     rtsv7M4_T_le_v4SPD16_eabi.lib : fflush.c.obj (.text:__TI_doflush)
                  00003240    0000004c                                   : atoi.c.obj (.text:atoi)
                  0000328c    00000048                                   : exit.c.obj (.text:exit)
                  000032d4    00000048                                   : fd_toi_t2.asm.obj (.text)
                  0000331c    00000044                                   : hostclose.c.obj (.text:HOSTclose)
                  00003360    00000044                                   : hostunlink.c.obj (.text:HOSTunlink)
                  000033a4    00000044                                   : autoinit.c.obj (.text:__TI_auto_init_nobinit_nopinit:__TI_auto_init_nobinit_nopinit)
                  000033e8    00000044                                   : getdevice.c.obj (.text:getdevice)
                  0000342c    00000044                                   : fd_tou_t2.asm.obj (.text)
                  00003470    00000040     at86rf215.obj (.text:AT86RF215SetRFMode)
                  000034b0    00000040     msp432p4xx_driverlib.lib : gpio.o (.text:GPIO_setAsOutputPin)
                  000034f0    00000040                              : spi.o (.text:is_A_Module)
                  00003530    0000003e     rtsv7M4_T_le_v4SPD16_eabi.lib : _printfi.c.obj (.text:_fcpy)
                  0000356e    00000002     --HOLE-- [fill = 0]
                  00003570    00000038                                   : trgmsg.c.obj (.text:__TI_writemsg)
                  000035a8    00000038     main.obj (.text:gpio_init)
                  000035e0    00000036     rtsv7M4_T_le_v4SPD16_eabi.lib : strncpy.c.obj (.text:strncpy)
                  00003616    00000034     main.obj (.text:AT86RF215Reset)
                  0000364a    00000002     --HOLE-- [fill = 0]
                  0000364c    00000034     rtsv7M4_T_le_v4SPD16_eabi.lib : fopen.c.obj (.text:__TI_cleanup)
                  00003680    00000034                                   : trgmsg.c.obj (.text:__TI_readmsg)
                  000036b4    00000034                                   : boot_cortex_m.c.obj (.text:_c_int00_noargs:_c_int00_noargs)
                  000036e8    00000030                                   : getdevice.c.obj (.text:finddevice)
                  00003718    0000002e     spi_helper.obj (.text:delay_us)
                  00003746    0000002e     rtsv7M4_T_le_v4SPD16_eabi.lib : i_tofd_t2.asm.obj (.text)
                  00003774    0000002c                                   : unlink.c.obj (.text:unlink)
                  000037a0    00000028     main.obj (.text:FPGAreset)
                  000037c8    00000028     msp432p4xx_driverlib.lib : gpio.o (.text:GPIO_setOutputHighOnPin)
                  000037f0    00000028                              : gpio.o (.text:GPIO_setOutputLowOnPin)
                  00003818    00000028                              : pcm.o (.text:PCM_gotoLPM0)
                  00003840    00000028                              : spi.o (.text:SPI_getInterruptStatus)
                  00003868    00000028     rtsv7M4_T_le_v4SPD16_eabi.lib : memory.c.obj (.text:free_list_insert)
                  00003890    00000028                                   : lseek.c.obj (.text:lseek)
                  000038b8    00000028                                   : write.c.obj (.text:write)
                  000038e0    00000026     msp432p4xx_driverlib.lib : spi.o (.text:SPI_enableInterrupt)
                  00003906    00000002     --HOLE-- [fill = 0]
                  00003908    00000024     spi_helper.obj (.text:SpiInOut_IQRadio)
                  0000392c    00000020     rtsv7M4_T_le_v4SPD16_eabi.lib : memchr.c.obj (.text:memchr)
                  0000394c    00000020                                   : u_tofd_t2.asm.obj (.text)
                  0000396c    0000001c     msp432p4xx_driverlib.lib : spi.o (.text:SPI_enableModule)
                  00003988    0000001c     rtsv7M4_T_le_v4SPD16_eabi.lib : copy_zero_init.c.obj (.text:decompress:ZI:__TI_zero_init_nomemset:__TI_zero_init_nomemset)
                  000039a4    0000001c                                   : memory.c.obj (.text:free_list_remove)
                  000039c0    0000001c                                   : memccpy.c.obj (.text:memccpy)
                  000039dc    0000001a     at86rf215.obj (.text:AT86RF215Read)
                  000039f6    0000001a     at86rf215.obj (.text:AT86RF215Write)
                  00003a10    0000001a     msp432p4xx_driverlib.lib : spi.o (.text:EUSCI_A_SPI_enableInterrupt)
                  00003a2a    0000001a                              : spi.o (.text:EUSCI_B_SPI_enableInterrupt)
                  00003a44    0000001a     rtsv7M4_T_le_v4SPD16_eabi.lib : s_copysign.c.obj (.text:copysign)
                  00003a5e    00000018     at86rf215.obj (.text:AT86RF215SetState)
                  00003a76    00000018     msp432p4xx_driverlib.lib : spi.o (.text:EUSCI_A_SPI_getInterruptStatus)
                  00003a8e    00000018                              : spi.o (.text:EUSCI_B_SPI_getInterruptStatus)
                  00003aa6    00000018     rtsv7M4_T_le_v4SPD16_eabi.lib : strcmp.c.obj (.text:strcmp)
                  00003abe    00000016     msp432p4xx_driverlib.lib : spi.o (.text:EUSCI_A_SPI_enable)
                  00003ad4    00000016                              : spi.o (.text:EUSCI_B_SPI_enable)
                  00003aea    00000016     rtsv7M4_T_le_v4SPD16_eabi.lib : strchr.c.obj (.text:strchr)
                  00003b00    00000014                                   : strcpy.c.obj (.text:strcpy)
                  00003b14    00000014                                   : strlen.c.obj (.text:strlen)
                  00003b28    00000012                                   : wcslen.c.obj (.text:wcslen)
                  00003b3a    0000000e                                   : copy_decompress_none.c.obj (.text:decompress:none:__TI_decompress_none)
                  00003b48    0000000c     startup_msp432p401r_ccs.obj (.text:Reset_Handler)
                  00003b54    00000008     rtsv7M4_T_le_v4SPD16_eabi.lib : errno.c.obj (.text:__aeabi_errno_addr)
                  00003b5c    00000008                                   : memory.c.obj (.text:malloc)
                  00003b64    00000004     msp432p4xx_driverlib.lib : cpu.o (.text:CPU_wfi)
                  00003b68    00000004     rtsv7M4_T_le_v4SPD16_eabi.lib : printf.c.obj (.text:_outc)
                  00003b6c    00000004                                   : printf.c.obj (.text:_outs)
                  00003b70    00000004                                   : pre_init.c.obj (.text:_system_pre_init)
                  00003b74    00000004                                   : exit.c.obj (.text:abort:abort)

.const     0    00003b78    00000144     
                  00003b78    00000101     rtsv7M4_T_le_v4SPD16_eabi.lib : ctype.c.obj (.const:.string:_ctypes_)
                  00003c79    00000003     --HOLE-- [fill = 0]
                  00003c7c    00000030     msp432p4xx_driverlib.lib : gpio.o (.const:GPIO_PORT_TO_BASE)
                  00003cac    00000008     at86rf215.obj (.const:$P$T5$4)
                  00003cb4    00000008     msp432p4xx_driverlib.lib : interrupt.o (.const:g_pulEnRegs)

.cinit     0    00003cc0    000000a0     
                  00003cc0    0000007c     (.cinit..data.load) [load image, compression = lzss]
                  00003d3c    0000000c     (__TI_handler_table)
                  00003d48    00000008     (.cinit..bss.load) [load image, compression = zero_init]
                  00003d50    00000010     (__TI_cinit_table)

.init_array 
*          0    00000000    00000000     UNINITIALIZED

.binit     0    00000000    00000000     

.sysmem    0    20000000    00000800     UNINITIALIZED
                  20000000    00000010     rtsv7M4_T_le_v4SPD16_eabi.lib : memory.c.obj (.sysmem)
                  20000010    000007f0     --HOLE--

.data      0    20000800    00000204     UNINITIALIZED
                  20000800    000000f0     rtsv7M4_T_le_v4SPD16_eabi.lib : defs.c.obj (.data:_ftable)
                  200008f0    00000078                                   : host_device.c.obj (.data:_device)
                  20000968    00000050                                   : host_device.c.obj (.data:_stream)
                  200009b8    0000001c     main.obj (.data:spiMasterConfig)
                  200009d4    00000010     rtsv7M4_T_le_v4SPD16_eabi.lib : defs.c.obj (.data)
                  200009e4    0000000c                                   : exit.c.obj (.data:$O1$$)
                  200009f0    00000008                                   : _lock.c.obj (.data:$O1$$)
                  200009f8    00000008                                   : memory.c.obj (.data:$O1$$)
                  20000a00    00000004                                   : errno.c.obj (.data)

.bss       0    20000a04    000001ca     UNINITIALIZED
                  20000a04    00000120     rtsv7M4_T_le_v4SPD16_eabi.lib : trgmsg.c.obj (.bss:_CIOBUF_)
                  20000b24    000000a0     (.common:__TI_tmpnams)
                  20000bc4    00000008     (.common:parmbuf)
                  20000bcc    00000001     (.common:SPI_RXData_IQ)
                  20000bcd    00000001     (.common:modem_state)

.stack     0    2000fe00    00000200     UNINITIALIZED
                  2000fe00    00000004     rtsv7M4_T_le_v4SPD16_eabi.lib : boot_cortex_m.c.obj (.stack)
                  2000fe04    000001fc     --HOLE--

__llvm_prf_cnts 
*          0    20000000    00000000     UNINITIALIZED

MODULE SUMMARY

       Module                        code    ro data   rw data
       ------                        ----    -------   -------
    .\
       at86rf215.obj                 2018    8         2      
       main.obj                      820     0         56     
       spi_helper.obj                162     0         2      
       system_msp432p401r.obj        120     0         0      
    +--+-----------------------------+-------+---------+---------+
       Total:                        3120    8         60     
                                                              
    .\ccs\
       startup_msp432p401r_ccs.obj   14      228       0      
    +--+-----------------------------+-------+---------+---------+
       Total:                        14      228       0      
                                                              
    C:/ti/simplelink_msp432p4_sdk_3_40_01_02/source/ti/devices/msp432p4xx/driverlib/ccs/msp432p4xx_driverlib.lib
       spi.o                         490     0         0      
       gpio.o                        356     48        0      
       interrupt.o                   128     8         0      
       pcm.o                         40      0         0      
       cpu.o                         4       0         0      
    +--+-----------------------------+-------+---------+---------+
       Total:                        1018    56        0      
                                                              
    C:\ti\ccs1281\ccs\tools\compiler\ti-cgt-arm_20.2.7.LTS\lib\rtsv7M4_T_le_v4SPD16_eabi.lib
       _printfi.c.obj                4851    0         0      
       defs.c.obj                    0       0         832    
       memory.c.obj                  672     0         16     
       trgmsg.c.obj                  108     0         576    
       fd_add_t2.asm.obj             438     0         0      
       host_device.c.obj             0       0         400    
       fd_div_t2.asm.obj             310     0         0      
       fputs.c.obj                   276     0         0      
       s_scalbn.c.obj                272     0         0      
       fd_cmp_t2.asm.obj             268     0         0      
       ctype.c.obj                   0       257       0      
       fd_mul_t2.asm.obj             252     0         0      
       setvbuf.c.obj                 220     0         0      
       memcpy_t2.asm.obj             156     0         0      
       ull_div_t2.asm.obj            150     0         0      
       fputc.c.obj                   140     0         0      
       memset_t2.asm.obj             122     0         0      
       fclose.c.obj                  116     0         0      
       getdevice.c.obj               116     0         0      
       hostopen.c.obj                96      0         16     
       printf.c.obj                  112     0         0      
       hostrename.c.obj              108     0         0      
       copy_decompress_lzss.c.obj    104     0         0      
       hostlseek.c.obj               104     0         0      
       exit.c.obj                    76      0         24     
       fseek.c.obj                   100     0         0      
       s_frexp.c.obj                 100     0         0      
       _io_perm.c.obj                98      0         0      
       close.c.obj                   92      0         0      
       hostread.c.obj                88      0         0      
       hostwrite.c.obj               88      0         0      
       _ltoa.c.obj                   84      0         0      
       atoi.c.obj                    76      0         0      
       fflush.c.obj                  76      0         0      
       fd_toi_t2.asm.obj             72      0         0      
       autoinit.c.obj                68      0         0      
       fd_tou_t2.asm.obj             68      0         0      
       hostclose.c.obj               68      0         0      
       hostunlink.c.obj              68      0         0      
       strncpy.c.obj                 54      0         0      
       boot_cortex_m.c.obj           52      0         0      
       fopen.c.obj                   52      0         0      
       i_tofd_t2.asm.obj             46      0         0      
       unlink.c.obj                  44      0         0      
       lseek.c.obj                   40      0         0      
       write.c.obj                   40      0         0      
       memchr.c.obj                  32      0         0      
       u_tofd_t2.asm.obj             32      0         0      
       copy_zero_init.c.obj          28      0         0      
       memccpy.c.obj                 28      0         0      
       s_copysign.c.obj              26      0         0      
       strcmp.c.obj                  24      0         0      
       strchr.c.obj                  22      0         0      
       strcpy.c.obj                  20      0         0      
       strlen.c.obj                  20      0         0      
       _lock.c.obj                   2       0         16     
       wcslen.c.obj                  18      0         0      
       errno.c.obj                   8       0         8      
       copy_decompress_none.c.obj    14      0         0      
       pre_init.c.obj                4       0         0      
       div0.asm.obj                  2       0         0      
    +--+-----------------------------+-------+---------+---------+
       Total:                        10821   257       1888   
                                                              
       Heap:                         0       0         4096   
       Stack:                        0       0         1024   
       Linker Generated:             0       160       0      
    +--+-----------------------------+-------+---------+---------+
       Grand Total:                  14973   709       7068   


LINKER GENERATED COPY TABLES

__TI_cinit_table @ 00003d50 records: 2, size/record: 8, table size: 16
	.data: load addr=00003cc0, load size=0000007c bytes, run addr=20000800, run size=00000204 bytes, compression=lzss
	.bss: load addr=00003d48, load size=00000008 bytes, run addr=20000a04, run size=000001ca bytes, compression=zero_init


LINKER GENERATED HANDLER TABLE

__TI_handler_table @ 00003d3c records: 3, size/record: 4, table size: 12
	index: 0, handler: __TI_decompress_lzss
	index: 1, handler: __TI_decompress_none
	index: 2, handler: __TI_zero_init


GLOBAL SYMBOLS: SORTED ALPHABETICALLY BY Name 

address   name                                      
-------   ----                                      
00000b33  ADC14_IRQHandler                          
00000b33  AES256_IRQHandler                         
0000305d  AT86RF215GetState                         
000039dd  AT86RF215Read                             
000029b5  AT86RF215ReadBuffer                       
00003617  AT86RF215Reset                            
00001199  AT86RF215SetChannel                       
00002efd  AT86RF215SetIRQMask                       
00003471  AT86RF215SetRFMode                        
00003a5f  AT86RF215SetState                         
00002295  AT86RF215TxSetCutOff                      
00001e89  AT86RF215TxSetIQ                          
00002325  AT86RF215TxSetPAC                         
000025d5  AT86RF215TxSetPAVC                        
00002659  AT86RF215TxSetPwr                         
000020c5  AT86RF215TxSetSR                          
000039f7  AT86RF215Write                            
000028cd  AT86RF215WriteBuffer                      
00000b33  BusFault_Handler                          
00003b75  C$$EXIT                                   
0000359f  C$$IO$$                                   
00000b33  COMP_E0_IRQHandler                        
00000b33  COMP_E1_IRQHandler                        
00003b65  CPU_wfi                                   
00000b33  CS_IRQHandler                             
00000b33  DMA_ERR_IRQHandler                        
00000b33  DMA_INT0_IRQHandler                       
00000b33  DMA_INT1_IRQHandler                       
00000b33  DMA_INT2_IRQHandler                       
00000b33  DMA_INT3_IRQHandler                       
00000b33  DebugMon_Handler                          
00000b33  Default_Handler                           
00000b33  EUSCIA0_IRQHandler                        
00000b33  EUSCIA1_IRQHandler                        
00000b33  EUSCIA2_IRQHandler                        
00000b33  EUSCIA3_IRQHandler                        
00003159  EUSCIB0_IRQHandler                        
00003159  EUSCIB0_IRQHandler                        
00000b33  EUSCIB1_IRQHandler                        
00000b33  EUSCIB2_IRQHandler                        
00000b33  EUSCIB3_IRQHandler                        
00003abf  EUSCI_A_SPI_enable                        
00003a11  EUSCI_A_SPI_enableInterrupt               
00003a77  EUSCI_A_SPI_getInterruptStatus            
00003ad5  EUSCI_B_SPI_enable                        
00003a2b  EUSCI_B_SPI_enableInterrupt               
00003a8f  EUSCI_B_SPI_getInterruptStatus            
00000b33  FLCTL_IRQHandler                          
000037a1  FPGAreset                                 
00000b33  FPU_IRQHandler                            
000031a9  GPIO_setAsInputPin                        
000034b1  GPIO_setAsOutputPin                       
00002441  GPIO_setAsPeripheralModuleFunctionInputPin
000037c9  GPIO_setOutputHighOnPin                   
000037f1  GPIO_setOutputLowOnPin                    
0000275d  GpioSetInterrupt                          
0000331d  HOSTclose                                 
00002b75  HOSTlseek                                 
00002e41  HOSTopen                                  
00002f55  HOSTread                                  
00002b09  HOSTrename                                
00003361  HOSTunlink                                
00002fad  HOSTwrite                                 
00000b33  HardFault_Handler                         
000026dd  Interrupt_enableInterrupt                 
00000b33  MemManage_Handler                         
00000b33  NMI_Handler                               
00000b33  PCM_IRQHandler                            
00003819  PCM_gotoLPM0                              
00000b33  PORT1_IRQHandler                          
00000b33  PORT2_IRQHandler                          
00000b33  PORT3_IRQHandler                          
00000b33  PORT4_IRQHandler                          
00000b33  PORT5_IRQHandler                          
00000b33  PORT6_IRQHandler                          
00000b33  PSS_IRQHandler                            
00000b33  PendSV_Handler                            
00000b33  RTC_C_IRQHandler                          
00003b49  Reset_Handler                             
20000bcc  SPI_RXData_IQ                             
000038e1  SPI_enableInterrupt                       
0000396d  SPI_enableModule                          
00003841  SPI_getInterruptStatus                    
00002013  SPI_initMaster                            
00000b33  SVC_Handler                               
00003909  SpiInOut_IQRadio                          
00000b33  SysTick_Handler                           
00002855  SystemInit                                
00000b33  T32_INT1_IRQHandler                       
00000b33  T32_INT2_IRQHandler                       
00000b33  T32_INTC_IRQHandler                       
00000b33  TA0_0_IRQHandler                          
00000b33  TA0_N_IRQHandler                          
00000b33  TA1_0_IRQHandler                          
00000b33  TA1_N_IRQHandler                          
00000b33  TA2_0_IRQHandler                          
00000b33  TA2_N_IRQHandler                          
00000b33  TA3_0_IRQHandler                          
00000b33  TA3_N_IRQHandler                          
00000b33  UsageFault_Handler                        
4000480c  WDTCTL_SYM                                
00000b33  WDT_A_IRQHandler                          
20000a04  __CIOBUF_                                 
20010000  __STACK_END                               
00000200  __STACK_SIZE                              
00000800  __SYSMEM_SIZE                             
00003d50  __TI_CINIT_Base                           
00003d60  __TI_CINIT_Limit                          
00003d3c  __TI_Handler_Table_Base                   
00003d48  __TI_Handler_Table_Limit                  
000033a5  __TI_auto_init_nobinit_nopinit            
0000364d  __TI_cleanup                              
200009e4  __TI_cleanup_ptr                          
00002941  __TI_closefile                            
00002c45  __TI_decompress_lzss                      
00003b3b  __TI_decompress_none                      
000031f5  __TI_doflush                              
200009e8  __TI_dtors_ptr                            
200009ec  __TI_enable_exit_profile_output           
200009d4  __TI_ft_end                               
000030b1  __TI_ltoa                                 
ffffffff  __TI_pprof_out_hndl                       
000000e5  __TI_printfi                              
ffffffff  __TI_prof_data_size                       
ffffffff  __TI_prof_data_start                      
00003681  __TI_readmsg                              
00000000  __TI_static_base__                        
20000b24  __TI_tmpnams                              
00003571  __TI_writemsg                             
00002ddd  __TI_wrt_ok                               
00003989  __TI_zero_init_nomemset                   
000024c9  __aeabi_cdcmpeq                           
000024c9  __aeabi_cdcmple                           
0000254f  __aeabi_cdrcmple                          
000032d5  __aeabi_d2iz                              
0000342d  __aeabi_d2uiz                             
00001363  __aeabi_dadd                              
0000164d  __aeabi_ddiv                              
00001bcd  __aeabi_dmul                              
00001359  __aeabi_dsub                              
00003b55  __aeabi_errno_addr                        
00003747  __aeabi_i2d                               
00001783  __aeabi_idiv0                             
00001783  __aeabi_ldiv0                             
000027d9  __aeabi_memclr                            
000027d9  __aeabi_memclr4                           
000027d9  __aeabi_memclr8                           
00002161  __aeabi_memcpy                            
00002161  __aeabi_memcpy4                           
00002161  __aeabi_memcpy8                           
000027db  __aeabi_memset                            
000027db  __aeabi_memset4                           
000027db  __aeabi_memset8                           
200009e0  __aeabi_stderr                            
200009d8  __aeabi_stdin                             
200009dc  __aeabi_stdout                            
0000394d  __aeabi_ui2d                              
000021fd  __aeabi_uldivmod                          
ffffffff  __binit__                                 
ffffffff  __c_args__                                
UNDEFED   __mpu_init                                
2000fe00  __stack                                   
20000000  __start___llvm_prf_cnts                   
20000000  __stop___llvm_prf_cnts                    
000036b5  _c_int00_noargs                           
00003b78  _ctypes_                                  
200008f0  _device                                   
20000800  _ftable                                   
200009f0  _lock                                     
0000150f  _nop                                      
20000968  _stream                                   
20000000  _sys_memory                               
UNDEFED   _system_post_cinit                        
00003b71  _system_pre_init                          
200009f4  _unlock                                   
00003b75  abort                                     
00001acd  aligned_alloc                             
00003241  atoi                                      
ffffffff  binit                                     
00002bdd  bitWrite                                  
00002ea1  close                                     
00003a45  copysign                                  
00003a45  copysignl                                 
00003719  delay_us                                  
20000a00  errno                                     
0000328d  exit                                      
000036e9  finddevice                                
000023b5  fputc                                     
000018a9  fputs                                     
00001cc9  free                                      
00002d15  frexp                                     
00002d15  frexpl                                    
00002d79  fseek                                     
000033e9  getdevice                                 
000035a9  gpio_init                                 
00000000  interruptVectors                          
000019bd  ldexp                                     
000019bd  ldexpl                                    
00003891  lseek                                     
00000da5  main                                      
00003b5d  malloc                                    
00001acd  memalign                                  
000039c1  memccpy                                   
0000392d  memchr                                    
00002161  memcpy                                    
000027e1  memset                                    
20000bcd  modem_state                               
20000bc4  parmbuf                                   
00002cad  printf                                    
000023b5  putc                                      
00003775  remove                                    
000019bd  scalbn                                    
000019bd  scalbnl                                   
00001dad  setvbuf                                   
200009b8  spiMasterConfig                           
00003aeb  strchr                                    
00003aa7  strcmp                                    
00003b01  strcpy                                    
00003b15  strlen                                    
000035e1  strncpy                                   
00003775  unlink                                    
00003b29  wcslen                                    
000038b9  write                                     


GLOBAL SYMBOLS: SORTED BY Symbol Address 

address   name                                      
-------   ----                                      
00000000  __TI_static_base__                        
00000000  interruptVectors                          
000000e5  __TI_printfi                              
00000200  __STACK_SIZE                              
00000800  __SYSMEM_SIZE                             
00000b33  ADC14_IRQHandler                          
00000b33  AES256_IRQHandler                         
00000b33  BusFault_Handler                          
00000b33  COMP_E0_IRQHandler                        
00000b33  COMP_E1_IRQHandler                        
00000b33  CS_IRQHandler                             
00000b33  DMA_ERR_IRQHandler                        
00000b33  DMA_INT0_IRQHandler                       
00000b33  DMA_INT1_IRQHandler                       
00000b33  DMA_INT2_IRQHandler                       
00000b33  DMA_INT3_IRQHandler                       
00000b33  DebugMon_Handler                          
00000b33  Default_Handler                           
00000b33  EUSCIA0_IRQHandler                        
00000b33  EUSCIA1_IRQHandler                        
00000b33  EUSCIA2_IRQHandler                        
00000b33  EUSCIA3_IRQHandler                        
00000b33  EUSCIB1_IRQHandler                        
00000b33  EUSCIB2_IRQHandler                        
00000b33  EUSCIB3_IRQHandler                        
00000b33  FLCTL_IRQHandler                          
00000b33  FPU_IRQHandler                            
00000b33  HardFault_Handler                         
00000b33  MemManage_Handler                         
00000b33  NMI_Handler                               
00000b33  PCM_IRQHandler                            
00000b33  PORT1_IRQHandler                          
00000b33  PORT2_IRQHandler                          
00000b33  PORT3_IRQHandler                          
00000b33  PORT4_IRQHandler                          
00000b33  PORT5_IRQHandler                          
00000b33  PORT6_IRQHandler                          
00000b33  PSS_IRQHandler                            
00000b33  PendSV_Handler                            
00000b33  RTC_C_IRQHandler                          
00000b33  SVC_Handler                               
00000b33  SysTick_Handler                           
00000b33  T32_INT1_IRQHandler                       
00000b33  T32_INT2_IRQHandler                       
00000b33  T32_INTC_IRQHandler                       
00000b33  TA0_0_IRQHandler                          
00000b33  TA0_N_IRQHandler                          
00000b33  TA1_0_IRQHandler                          
00000b33  TA1_N_IRQHandler                          
00000b33  TA2_0_IRQHandler                          
00000b33  TA2_N_IRQHandler                          
00000b33  TA3_0_IRQHandler                          
00000b33  TA3_N_IRQHandler                          
00000b33  UsageFault_Handler                        
00000b33  WDT_A_IRQHandler                          
00000da5  main                                      
00001199  AT86RF215SetChannel                       
00001359  __aeabi_dsub                              
00001363  __aeabi_dadd                              
0000150f  _nop                                      
0000164d  __aeabi_ddiv                              
00001783  __aeabi_idiv0                             
00001783  __aeabi_ldiv0                             
000018a9  fputs                                     
000019bd  ldexp                                     
000019bd  ldexpl                                    
000019bd  scalbn                                    
000019bd  scalbnl                                   
00001acd  aligned_alloc                             
00001acd  memalign                                  
00001bcd  __aeabi_dmul                              
00001cc9  free                                      
00001dad  setvbuf                                   
00001e89  AT86RF215TxSetIQ                          
00002013  SPI_initMaster                            
000020c5  AT86RF215TxSetSR                          
00002161  __aeabi_memcpy                            
00002161  __aeabi_memcpy4                           
00002161  __aeabi_memcpy8                           
00002161  memcpy                                    
000021fd  __aeabi_uldivmod                          
00002295  AT86RF215TxSetCutOff                      
00002325  AT86RF215TxSetPAC                         
000023b5  fputc                                     
000023b5  putc                                      
00002441  GPIO_setAsPeripheralModuleFunctionInputPin
000024c9  __aeabi_cdcmpeq                           
000024c9  __aeabi_cdcmple                           
0000254f  __aeabi_cdrcmple                          
000025d5  AT86RF215TxSetPAVC                        
00002659  AT86RF215TxSetPwr                         
000026dd  Interrupt_enableInterrupt                 
0000275d  GpioSetInterrupt                          
000027d9  __aeabi_memclr                            
000027d9  __aeabi_memclr4                           
000027d9  __aeabi_memclr8                           
000027db  __aeabi_memset                            
000027db  __aeabi_memset4                           
000027db  __aeabi_memset8                           
000027e1  memset                                    
00002855  SystemInit                                
000028cd  AT86RF215WriteBuffer                      
00002941  __TI_closefile                            
000029b5  AT86RF215ReadBuffer                       
00002b09  HOSTrename                                
00002b75  HOSTlseek                                 
00002bdd  bitWrite                                  
00002c45  __TI_decompress_lzss                      
00002cad  printf                                    
00002d15  frexp                                     
00002d15  frexpl                                    
00002d79  fseek                                     
00002ddd  __TI_wrt_ok                               
00002e41  HOSTopen                                  
00002ea1  close                                     
00002efd  AT86RF215SetIRQMask                       
00002f55  HOSTread                                  
00002fad  HOSTwrite                                 
0000305d  AT86RF215GetState                         
000030b1  __TI_ltoa                                 
00003159  EUSCIB0_IRQHandler                        
00003159  EUSCIB0_IRQHandler                        
000031a9  GPIO_setAsInputPin                        
000031f5  __TI_doflush                              
00003241  atoi                                      
0000328d  exit                                      
000032d5  __aeabi_d2iz                              
0000331d  HOSTclose                                 
00003361  HOSTunlink                                
000033a5  __TI_auto_init_nobinit_nopinit            
000033e9  getdevice                                 
0000342d  __aeabi_d2uiz                             
00003471  AT86RF215SetRFMode                        
000034b1  GPIO_setAsOutputPin                       
00003571  __TI_writemsg                             
0000359f  C$$IO$$                                   
000035a9  gpio_init                                 
000035e1  strncpy                                   
00003617  AT86RF215Reset                            
0000364d  __TI_cleanup                              
00003681  __TI_readmsg                              
000036b5  _c_int00_noargs                           
000036e9  finddevice                                
00003719  delay_us                                  
00003747  __aeabi_i2d                               
00003775  remove                                    
00003775  unlink                                    
000037a1  FPGAreset                                 
000037c9  GPIO_setOutputHighOnPin                   
000037f1  GPIO_setOutputLowOnPin                    
00003819  PCM_gotoLPM0                              
00003841  SPI_getInterruptStatus                    
00003891  lseek                                     
000038b9  write                                     
000038e1  SPI_enableInterrupt                       
00003909  SpiInOut_IQRadio                          
0000392d  memchr                                    
0000394d  __aeabi_ui2d                              
0000396d  SPI_enableModule                          
00003989  __TI_zero_init_nomemset                   
000039c1  memccpy                                   
000039dd  AT86RF215Read                             
000039f7  AT86RF215Write                            
00003a11  EUSCI_A_SPI_enableInterrupt               
00003a2b  EUSCI_B_SPI_enableInterrupt               
00003a45  copysign                                  
00003a45  copysignl                                 
00003a5f  AT86RF215SetState                         
00003a77  EUSCI_A_SPI_getInterruptStatus            
00003a8f  EUSCI_B_SPI_getInterruptStatus            
00003aa7  strcmp                                    
00003abf  EUSCI_A_SPI_enable                        
00003ad5  EUSCI_B_SPI_enable                        
00003aeb  strchr                                    
00003b01  strcpy                                    
00003b15  strlen                                    
00003b29  wcslen                                    
00003b3b  __TI_decompress_none                      
00003b49  Reset_Handler                             
00003b55  __aeabi_errno_addr                        
00003b5d  malloc                                    
00003b65  CPU_wfi                                   
00003b71  _system_pre_init                          
00003b75  C$$EXIT                                   
00003b75  abort                                     
00003b78  _ctypes_                                  
00003d3c  __TI_Handler_Table_Base                   
00003d48  __TI_Handler_Table_Limit                  
00003d50  __TI_CINIT_Base                           
00003d60  __TI_CINIT_Limit                          
20000000  __start___llvm_prf_cnts                   
20000000  __stop___llvm_prf_cnts                    
20000000  _sys_memory                               
20000800  _ftable                                   
200008f0  _device                                   
20000968  _stream                                   
200009b8  spiMasterConfig                           
200009d4  __TI_ft_end                               
200009d8  __aeabi_stdin                             
200009dc  __aeabi_stdout                            
200009e0  __aeabi_stderr                            
200009e4  __TI_cleanup_ptr                          
200009e8  __TI_dtors_ptr                            
200009ec  __TI_enable_exit_profile_output           
200009f0  _lock                                     
200009f4  _unlock                                   
20000a00  errno                                     
20000a04  __CIOBUF_                                 
20000b24  __TI_tmpnams                              
20000bc4  parmbuf                                   
20000bcc  SPI_RXData_IQ                             
20000bcd  modem_state                               
2000fe00  __stack                                   
20010000  __STACK_END                               
4000480c  WDTCTL_SYM                                
ffffffff  __TI_pprof_out_hndl                       
ffffffff  __TI_prof_data_size                       
ffffffff  __TI_prof_data_start                      
ffffffff  __binit__                                 
ffffffff  __c_args__                                
ffffffff  binit                                     
UNDEFED   __mpu_init                                
UNDEFED   _system_post_cinit                        

[223 symbols]
